Component: ARM Compiler 5.06 update 5 (build 528) Tool: armlink [4d35e2]

==============================================================================

Section Cross References

    startup_stm32f10x_md.o(STACK) refers (Special) to heapauxi.o(.text) for __use_two_region_memory
    startup_stm32f10x_md.o(HEAP) refers (Special) to heapauxi.o(.text) for __use_two_region_memory
    startup_stm32f10x_md.o(RESET) refers (Special) to heapauxi.o(.text) for __use_two_region_memory
    startup_stm32f10x_md.o(RESET) refers to startup_stm32f10x_md.o(STACK) for __initial_sp
    startup_stm32f10x_md.o(RESET) refers to startup_stm32f10x_md.o(.text) for Reset_Handler
    startup_stm32f10x_md.o(RESET) refers to stm32f10x_it.o(i.NMI_Handler) for NMI_Handler
    startup_stm32f10x_md.o(RESET) refers to stm32f10x_it.o(i.HardFault_Handler) for HardFault_Handler
    startup_stm32f10x_md.o(RESET) refers to stm32f10x_it.o(i.MemManage_Handler) for MemManage_Handler
    startup_stm32f10x_md.o(RESET) refers to stm32f10x_it.o(i.BusFault_Handler) for BusFault_Handler
    startup_stm32f10x_md.o(RESET) refers to stm32f10x_it.o(i.UsageFault_Handler) for UsageFault_Handler
    startup_stm32f10x_md.o(RESET) refers to stm32f10x_it.o(i.SVC_Handler) for SVC_Handler
    startup_stm32f10x_md.o(RESET) refers to stm32f10x_it.o(i.DebugMon_Handler) for DebugMon_Handler
    startup_stm32f10x_md.o(RESET) refers to stm32f10x_it.o(i.PendSV_Handler) for PendSV_Handler
    startup_stm32f10x_md.o(RESET) refers to stm32f10x_it.o(i.SysTick_Handler) for SysTick_Handler
    startup_stm32f10x_md.o(RESET) refers to sx1276-board.o(i.EXTI0_IRQHandler) for EXTI0_IRQHandler
    startup_stm32f10x_md.o(RESET) refers to sx1276-board.o(i.EXTI1_IRQHandler) for EXTI1_IRQHandler
    startup_stm32f10x_md.o(RESET) refers to timer.o(i.TIM1_UP_IRQHandler) for TIM1_UP_IRQHandler
    startup_stm32f10x_md.o(RESET) refers to sx1276-board.o(i.TIM3_IRQHandler) for TIM3_IRQHandler
    startup_stm32f10x_md.o(RESET) refers to usmart.o(i.TIM4_IRQHandler) for TIM4_IRQHandler
    startup_stm32f10x_md.o(RESET) refers to hal_uart.o(i.USART1_IRQHandler) for USART1_IRQHandler
    startup_stm32f10x_md.o(RESET) refers to usart3.o(i.USART3_IRQHandler) for USART3_IRQHandler
    startup_stm32f10x_md.o(.text) refers (Special) to heapauxi.o(.text) for __use_two_region_memory
    startup_stm32f10x_md.o(.text) refers to system_stm32f10x.o(i.SystemInit) for SystemInit
    startup_stm32f10x_md.o(.text) refers to __main.o(!!!main) for __main
    startup_stm32f10x_md.o(.text) refers to startup_stm32f10x_md.o(HEAP) for Heap_Mem
    startup_stm32f10x_md.o(.text) refers to startup_stm32f10x_md.o(STACK) for Stack_Mem
    main.o(i.Gizwits_Init) refers to timer.o(i.TIM1_Int_Init) for TIM1_Int_Init
    main.o(i.Gizwits_Init) refers to usart3.o(i.usart3_init) for usart3_init
    main.o(i.Gizwits_Init) refers to rt_memclr_w.o(.text) for __aeabi_memclr4
    main.o(i.Gizwits_Init) refers to gizwits_protocol.o(i.gizwitsInit) for gizwitsInit
    main.o(i.Gizwits_Init) refers to main.o(.bss) for currentDataPoint
    main.o(i.OLED_Show) refers to main.o(i.OLED_ShowC) for OLED_ShowC
    main.o(i.OLED_Show) refers to main.o(i.OLED_ShowA) for OLED_ShowA
    main.o(i.OLED_Show) refers to main.o(i.OLED_ShowB) for OLED_ShowB
    main.o(i.OLED_Show) refers to main.o(.data) for oledID
    main.o(i.OLED_ShowA) refers to _printf_percent.o(.ARM.Collect$$_printf_percent$$00000000) for _printf_percent
    main.o(i.OLED_ShowA) refers to _printf_d.o(.ARM.Collect$$_printf_percent$$00000009) for _printf_d
    main.o(i.OLED_ShowA) refers to _printf_dec.o(.text) for _printf_int_dec
    main.o(i.OLED_ShowA) refers to oled.o(i.OLED_ShowString) for OLED_ShowString
    main.o(i.OLED_ShowA) refers to oled.o(i.OLED_ShowCHinese) for OLED_ShowCHinese
    main.o(i.OLED_ShowA) refers to noretval__2sprintf.o(.text) for __2sprintf
    main.o(i.OLED_ShowA) refers to main.o(.bss) for A_Data
    main.o(i.OLED_ShowB) refers to _printf_percent.o(.ARM.Collect$$_printf_percent$$00000000) for _printf_percent
    main.o(i.OLED_ShowB) refers to _printf_d.o(.ARM.Collect$$_printf_percent$$00000009) for _printf_d
    main.o(i.OLED_ShowB) refers to _printf_dec.o(.text) for _printf_int_dec
    main.o(i.OLED_ShowB) refers to oled.o(i.OLED_ShowString) for OLED_ShowString
    main.o(i.OLED_ShowB) refers to oled.o(i.OLED_ShowCHinese) for OLED_ShowCHinese
    main.o(i.OLED_ShowB) refers to noretval__2sprintf.o(.text) for __2sprintf
    main.o(i.OLED_ShowB) refers to main.o(.bss) for B_Data
    main.o(i.OLED_ShowC) refers to oled.o(i.OLED_ShowCHinese) for OLED_ShowCHinese
    main.o(i.OLED_ShowC) refers to oled.o(i.OLED_ShowString) for OLED_ShowString
    main.o(i.OnRxDone) refers to rt_memclr_w.o(.text) for __aeabi_memclr4
    main.o(i.OnRxDone) refers to rt_memcpy_v6.o(.text) for __aeabi_memcpy
    main.o(i.OnRxDone) refers to noretval__2printf.o(.text) for __2printf
    main.o(i.OnRxDone) refers to sx1276-board.o(.constdata) for Radio
[...]
    .conststring                             0x08008a58   Section       95  usmart_config.o(.conststring)
    .data                                    0x20000000   Section        7  main.o(.data)
    .data                                    0x20000008   Section       20  system_stm32f10x.o(.data)
    .data                                    0x2000001c   Section       20  stm32f10x_rcc.o(.data)
    APBAHBPrescTable                         0x2000001c   Data          16  stm32f10x_rcc.o(.data)
    ADCPrescTable                            0x2000002c   Data           4  stm32f10x_rcc.o(.data)
    .data                                    0x20000030   Section       16  hal_uart.o(.data)
    __uart1CallBackFunc                      0x20000034   Data           4  hal_uart.o(.data)
    .data                                    0x20000040   Section        4  sx1276-board.o(.data)
    .data                                    0x20000044   Section        4  delay.o(.data)
    fac_us                                   0x20000044   Data           1  delay.o(.data)
    fac_ms                                   0x20000046   Data           2  delay.o(.data)
    .data                                    0x20000048   Section       28  usmart.o(.data)
    .data                                    0x20000064   Section      260  usmart_config.o(.data)
    .data                                    0x20000168   Section       29  sx1276.o(.data)
    RadioEvents                              0x20000168   Data           4  sx1276.o(.data)
    RadioIsActive                            0x20000184   Data           1  sx1276.o(.data)
    .data                                    0x20000188   Section        5  gizwits_product.o(.data)
    timerMsCount                             0x20000188   Data           4  gizwits_product.o(.data)
    .data                                    0x20000190   Section       16  gizwits_protocol.o(.data)
    lastReportTime                           0x20000190   Data           4  gizwits_protocol.o(.data)
    lastRepTime                              0x20000194   Data           4  gizwits_protocol.o(.data)
    protocolFlag                             0x20000198   Data           1  gizwits_protocol.o(.data)
    protocolCount                            0x2000019a   Data           2  gizwits_protocol.o(.data)
    lastData                                 0x2000019c   Data           1  gizwits_protocol.o(.data)
    debugCount                               0x2000019d   Data           1  gizwits_protocol.o(.data)
    lastStatus                               0x2000019e   Data           2  gizwits_protocol.o(.data)
    .bss                                     0x200001a0   Section      152  main.o(.bss)
    RadioEvents                              0x2000021c   Data          28  main.o(.bss)
    .bss                                     0x20000238   Section      200  hal_uart.o(.bss)
    .bss                                     0x20000300   Section      348  sx1276.o(.bss)
    RxTxBuffer                               0x20000300   Data         256  sx1276.o(.bss)
    .bss                                     0x2000045c   Section      594  gizwits_protocol.o(.bss)
    rbBuf                                    0x20000630   Data         126  gizwits_protocol.o(.bss)
    .bss                                     0x200006b0   Section       96  libspace.o(.bss)
    HEAP                                     0x20000710   Section      512  startup_stm32f10x_md.o(HEAP)
    Heap_Mem                                 0x20000710   Data         512  startup_stm32f10x_md.o(HEAP)
    STACK                                    0x20000910   Section     1024  startup_stm32f10x_md.o(STACK)
    Stack_Mem                                0x20000910   Data        1024  startup_stm32f10x_md.o(STACK)
    __initial_sp                             0x20000d10   Data           0  startup_stm32f10x_md.o(STACK)

    Global Symbols

    Symbol Name                              Value     Ov Type        Size  Object(Section)

    BuildAttributes$$THM_ISAv4$P$D$K$B$S$PE$A:L22UL41UL21$X:L11$S22US41US21$IEEE1$IW$USESV6$~STKCKD$USESV7$~SHL$OTIME$ROPI$IEEEJ$EBA8$UX$STANDARDLIB$REQ8$PRES8$EABIv2 0x00000000   Number         0  anon$$obj.o ABSOLUTE
    __ARM_use_no_argv                        0x00000000   Number         0  main.o ABSOLUTE
    _printf_flags                            0x00000000   Number         0  printf_stubs.o ABSOLUTE
    _printf_return_value                     0x00000000   Number         0  printf_stubs.o ABSOLUTE
    _printf_sizespec                         0x00000000   Number         0  printf_stubs.o ABSOLUTE
    _printf_widthprec                        0x00000000   Number         0  printf_stubs.o ABSOLUTE
    __ARM_exceptions_init                     - Undefined Weak Reference
    __alloca_initialize                       - Undefined Weak Reference
    __arm_preinit_                            - Undefined Weak Reference
    __cpp_initialize__aeabi_                  - Undefined Weak Reference
    __cxa_finalize                            - Undefined Weak Reference
    __sigvec_lookup                           - Undefined Weak Reference
    _atexit_init                              - Undefined Weak Reference
    _call_atexit_fns                          - Undefined Weak Reference
    _clock_init                               - Undefined Weak Reference
    _fp_trap_init                             - Undefined Weak Reference
    _fp_trap_shutdown                         - Undefined Weak Reference
    _get_lc_collate                           - Undefined Weak Reference
    _get_lc_monetary                          - Undefined Weak Reference
    _get_lc_numeric                           - Undefined Weak Reference
    _get_lc_time                              - Undefined Weak Reference
    _getenv_init                              - Undefined Weak Reference
    _handle_redirection                       - Undefined Weak Reference
    _init_alloc                               - Undefined Weak Reference
    _init_user_alloc                          - Undefined Weak Reference
    _initio                                   - Undefined Weak Reference
    _mutex_acquire                            - Undefined Weak Reference
    _mutex_release                            - Undefined Weak Reference
    _printf_mbtowc                            - Undefined Weak Reference
    _printf_truncate_signed                   - Undefined Weak Reference
    _printf_truncate_unsigned                 - Undefined Weak Reference
    _rand_init                                - Undefined Weak Reference
    _signal_finish                            - Undefined Weak Reference
    _signal_init                              - Undefined Weak Reference
    _terminate_alloc                          - Undefined Weak Reference
    _terminate_user_alloc                     - Undefined Weak Reference
    _terminateio                              - Undefined Weak Reference
    __Vectors_Size                           0x000000ec   Number         0  startup_stm32f10x_md.o ABSOLUTE
    __Vectors                                0x08000000   Data           4  startup_stm32f10x_md.o(RESET)
    __Vectors_End                            0x080000ec   Data           0  startup_stm32f10x_md.o(RESET)
    __main                                   0x080000ed   Thumb Code     8  __main.o(!!!main)
    __scatterload                            0x080000f5   Thumb Code     0  __scatter.o(!!!scatter)
    __scatterload_rt2                        0x080000f5   Thumb Code    44  __scatter.o(!!!scatter)
    __scatterload_rt2_thumb_only             0x080000f5   Thumb Code     0  __scatter.o(!!!scatter)
    __scatterload_null                       0x08000103   Thumb Code     0  __scatter.o(!!!scatter)
    __decompress                             0x08000129   Thumb Code    90  __dczerorl2.o(!!dczerorl2)
    __decompress1                            0x08000129   Thumb Code     0  __dczerorl2.o(!!dczerorl2)
    __scatterload_zeroinit                   0x08000185   Thumb Code    28  __scatter_zi.o(!!handler_zi)
    _printf_d                                0x080001a1   Thumb Code     0  _printf_d.o(.ARM.Collect$$_printf_percent$$00000009)
    _printf_percent                          0x080001a1   Thumb Code     0  _printf_percent.o(.ARM.Collect$$_printf_percent$$00000000)
    _printf_u                                0x080001a7   Thumb Code     0  _printf_u.o(.ARM.Collect$$_printf_percent$$0000000A)
    _printf_x                                0x080001ad   Thumb Code     0  _printf_x.o(.ARM.Collect$$_printf_percent$$0000000C)
    _printf_c                                0x080001b3   Thumb Code     0  _printf_c.o(.ARM.Collect$$_printf_percent$$00000013)
    _printf_s                                0x080001b9   Thumb Code     0  _printf_s.o(.ARM.Collect$$_printf_percent$$00000014)
    _printf_percent_end                      0x080001bf   Thumb Code     0  _printf_percent_end.o(.ARM.Collect$$_printf_percent$$00000017)
    __rt_lib_init                            0x080001c3   Thumb Code     0  libinit.o(.ARM.Collect$$libinit$$00000000)
    __rt_lib_init_alloca_1                   0x080001c5   Thumb Code     0  libinit2.o(.ARM.Collect$$libinit$$0000002E)
    __rt_lib_init_argv_1                     0x080001c5   Thumb Code     0  libinit2.o(.ARM.Collect$$libinit$$0000002C)
    __rt_lib_init_atexit_1                   0x080001c5   Thumb Code     0  libinit2.o(.ARM.Collect$$libinit$$0000001B)
    __rt_lib_init_clock_1                    0x080001c5   Thumb Code     0  libinit2.o(.ARM.Collect$$libinit$$00000021)
    __rt_lib_init_cpp_1                      0x080001c5   Thumb Code     0  libinit2.o(.ARM.Collect$$libinit$$00000032)
    __rt_lib_init_exceptions_1               0x080001c5   Thumb Code     0  libinit2.o(.ARM.Collect$$libinit$$00000030)
    __rt_lib_init_fp_1                       0x080001c5   Thumb Code     0  libinit2.o(.ARM.Collect$$libinit$$00000002)
    __rt_lib_init_fp_trap_1                  0x080001c5   Thumb Code     0  libinit2.o(.ARM.Collect$$libinit$$0000001F)
    __rt_lib_init_getenv_1                   0x080001c5   Thumb Code     0  libinit2.o(.ARM.Collect$$libinit$$00000023)
    __rt_lib_init_heap_1                     0x080001c5   Thumb Code     0  libinit2.o(.ARM.Collect$$libinit$$0000000A)
    __rt_lib_init_lc_collate_1               0x080001c5   Thumb Code     0  libinit2.o(.ARM.Collect$$libinit$$00000011)
    __rt_lib_init_lc_ctype_1                 0x080001c5   Thumb Code     0  libinit2.o(.ARM.Collect$$libinit$$00000013)
    __rt_lib_init_lc_monetary_1              0x080001c5   Thumb Code     0  libinit2.o(.ARM.Collect$$libinit$$00000015)
    __rt_lib_init_lc_numeric_1               0x080001c5   Thumb Code     0  libinit2.o(.ARM.Collect$$libinit$$00000017)
    __rt_lib_init_lc_time_1                  0x080001c5   Thumb Code     0  libinit2.o(.ARM.Collect$$libinit$$00000019)
    __rt_lib_init_preinit_1                  0x080001c5   Thumb Code     0  libinit2.o(.ARM.Collect$$libinit$$00000004)
    __rt_lib_init_rand_1                     0x080001c5   Thumb Code     0  libinit2.o(.ARM.Collect$$libinit$$0000000E)
    __rt_lib_init_return                     0x080001c5   Thumb Code     0  libinit2.o(.ARM.Collect$$libinit$$00000033)
    __rt_lib_init_signal_1                   0x080001c5   Thumb Code     0  libinit2.o(.ARM.Collect$$libinit$$0000001D)
    __rt_lib_init_stdio_1                    0x080001c5   Thumb Code     0  libinit2.o(.ARM.Collect$$libinit$$00000025)
    __rt_lib_init_user_alloc_1               0x080001c5   Thumb Code     0  libinit2.o(.ARM.Collect$$libinit$$0000000C)
    __rt_lib_shutdown                        0x080001c7   Thumb Code     0  libshutdown.o(.ARM.Collect$$libshutdown$$00000000)
    __rt_lib_shutdown_cpp_1                  0x080001c9   Thumb Code     0  libshutdown2.o(.ARM.Collect$$libshutdown$$00000002)
    __rt_lib_shutdown_fp_trap_1              0x080001c9   Thumb Code     0  libshutdown2.o(.ARM.Collect$$libshutdown$$00000007)
    __rt_lib_shutdown_heap_1                 0x080001c9   Thumb Code     0  libshutdown2.o(.ARM.Collect$$libshutdown$$0000000F)
    __rt_lib_shutdown_return                 0x080001c9   Thumb Code     0  libshutdown2.o(.ARM.Collect$$libshutdown$$00000010)
    __rt_lib_shutdown_signal_1               0x080001c9   Thumb Code     0  libshutdown2.o(.ARM.Collect$$libshutdown$$0000000A)
    __rt_lib_shutdown_stdio_1                0x080001c9   Thumb Code     0  libshutdown2.o(.ARM.Collect$$libshutdown$$00000004)
    __rt_lib_shutdown_user_alloc_1           0x080001c9   Thumb Code     0  libshutdown2.o(.ARM.Collect$$libshutdown$$0000000C)
    __rt_entry                               0x080001cb   Thumb Code     0  __rtentry.o(.ARM.Collect$$rtentry$$00000000)
    __rt_entry_presh_1                       0x080001cb   Thumb Code     0  __rtentry2.o(.ARM.Collect$$rtentry$$00000002)
    __rt_entry_sh                            0x080001cb   Thumb Code     0  __rtentry4.o(.ARM.Collect$$rtentry$$00000004)
    __rt_entry_li                            0x080001d1   Thumb Code     0  __rtentry2.o(.ARM.Collect$$rtentry$$0000000A)
    __rt_entry_postsh_1                      0x080001d1   Thumb Code     0  __rtentry2.o(.ARM.Collect$$rtentry$$00000009)
    __rt_entry_main                          0x080001d5   Thumb Code     0  __rtentry2.o(.ARM.Collect$$rtentry$$0000000D)
    __rt_entry_postli_1                      0x080001d5   Thumb Code     0  __rtentry2.o(.ARM.Collect$$rtentry$$0000000C)
    __rt_exit                                0x080001dd   Thumb Code     0  rtexit.o(.ARM.Collect$$rtexit$$00000000)
    __rt_exit_ls                             0x080001df   Thumb Code     0  rtexit2.o(.ARM.Collect$$rtexit$$00000003)
    __rt_exit_prels_1                        0x080001df   Thumb Code     0  rtexit2.o(.ARM.Collect$$rtexit$$00000002)
    __rt_exit_exit                           0x080001e3   Thumb Code     0  rtexit2.o(.ARM.Collect$$rtexit$$00000004)
    Reset_Handler                            0x080001e9   Thumb Code     8  startup_stm32f10x_md.o(.text)
    ADC1_2_IRQHandler                        0x08000203   Thumb Code     0  startup_stm32f10x_md.o(.text)
    CAN1_RX1_IRQHandler                      0x08000203   Thumb Code     0  startup_stm32f10x_md.o(.text)
    CAN1_SCE_IRQHandler                      0x08000203   Thumb Code     0  startup_stm32f10x_md.o(.text)
    DMA1_Channel1_IRQHandler                 0x08000203   Thumb Code     0  startup_stm32f10x_md.o(.text)
    DMA1_Channel2_IRQHandler                 0x08000203   Thumb Code     0  startup_stm32f10x_md.o(.text)
    DMA1_Channel3_IRQHandler                 0x08000203   Thumb Code     0  startup_stm32f10x_md.o(.text)
    DMA1_Channel4_IRQHandler                 0x08000203   Thumb Code     0  startup_stm32f10x_md.o(.text)
    DMA1_Channel5_IRQHandler                 0x08000203   Thumb Code     0  startup_stm32f10x_md.o(.text)
    DMA1_Channel6_IRQHandler                 0x08000203   Thumb Code     0  startup_stm32f10x_md.o(.text)
    DMA1_Channel7_IRQHandler                 0x08000203   Thumb Code     0  startup_stm32f10x_md.o(.text)
    EXTI15_10_IRQHandler                     0x08000203   Thumb Code     0  startup_stm32f10x_md.o(.text)
    EXTI2_IRQHandler                         0x08000203   Thumb Code     0  startup_stm32f10x_md.o(.text)
    EXTI3_IRQHandler                         0x08000203   Thumb Code     0  startup_stm32f10x_md.o(.text)
    EXTI4_IRQHandler                         0x08000203   Thumb Code     0  startup_stm32f10x_md.o(.text)
    EXTI9_5_IRQHandler                       0x08000203   Thumb Code     0  startup_stm32f10x_md.o(.text)
    FLASH_IRQHandler                         0x08000203   Thumb Code     0  startup_stm32f10x_md.o(.text)
    I2C1_ER_IRQHandler                       0x08000203   Thumb Code     0  startup_stm32f10x_md.o(.text)
    I2C1_EV_IRQHandler                       0x08000203   Thumb Code     0  startup_stm32f10x_md.o(.text)
    I2C2_ER_IRQHandler                       0x08000203   Thumb Code     0  startup_stm32f10x_md.o(.text)
    I2C2_EV_IRQHandler                       0x08000203   Thumb Code     0  startup_stm32f10x_md.o(.text)
    PVD_IRQHandler                           0x08000203   Thumb Code     0  startup_stm32f10x_md.o(.text)
    RCC_IRQHandler                           0x08000203   Thumb Code     0  startup_stm32f10x_md.o(.text)
    RTCAlarm_IRQHandler                      0x08000203   Thumb Code     0  startup_stm32f10x_md.o(.text)
    RTC_IRQHandler                           0x08000203   Thumb Code     0  startup_stm32f10x_md.o(.text)
    SPI1_IRQHandler                          0x08000203   Thumb Code     0  startup_stm32f10x_md.o(.text)
    SPI2_IRQHandler                          0x08000203   Thumb Code     0  startup_stm32f10x_md.o(.text)
    TAMPER_IRQHandler                        0x08000203   Thumb Code     0  startup_stm32f10x_md.o(.text)
    TIM1_BRK_IRQHandler                      0x08000203   Thumb Code     0  startup_stm32f10x_md.o(.text)
    TIM1_CC_IRQHandler                       0x08000203   Thumb Code     0  startup_stm32f10x_md.o(.text)
    TIM1_TRG_COM_IRQHandler                  0x08000203   Thumb Code     0  startup_stm32f10x_md.o(.text)
    TIM2_IRQHandler                          0x08000203   Thumb Code     0  startup_stm32f10x_md.o(.text)
    USART2_IRQHandler                        0x08000203   Thumb Code     0  startup_stm32f10x_md.o(.text)
    USBWakeUp_IRQHandler                     0x08000203   Thumb Code     0  startup_stm32f10x_md.o(.text)
    USB_HP_CAN1_TX_IRQHandler                0x08000203   Thumb Code     0  startup_stm32f10x_md.o(.text)
    USB_LP_CAN1_RX0_IRQHandler               0x08000203   Thumb Code     0  startup_stm32f10x_md.o(.text)
    WWDG_IRQHandler                          0x08000203   Thumb Code     0  startup_stm32f10x_md.o(.text)
    __user_initial_stackheap                 0x08000205   Thumb Code     0  startup_stm32f10x_md.o(.text)
    __use_no_semihosting                     0x08000229   Thumb Code     2  use_no_semi_2.o(.text)
    __2printf                                0x0800022d   Thumb Code    20  noretval__2printf.o(.text)
    __2sprintf                               0x08000245   Thumb Code    34  noretval__2sprintf.o(.text)
    _printf_pre_padding                      0x0800026d   Thumb Code    44  _printf_pad.o(.text)
    _printf_post_padding                     0x08000299   Thumb Code    34  _printf_pad.o(.text)
    _printf_str                              0x080002bb   Thumb Code    82  _printf_str.o(.text)
    _printf_int_dec                          0x0800030d   Thumb Code   104  _printf_dec.o(.text)
    _printf_int_hex                          0x08000385   Thumb Code    84  _printf_hex_int.o(.text)
    _printf_longlong_hex                     0x08000385   Thumb Code     0  _printf_hex_int.o(.text)
    __printf                                 0x080003dd   Thumb Code   388  __printf_flags_ss_wp.o(.text)
    __aeabi_memcpy                           0x08000565   Thumb Code     0  rt_memcpy_v6.o(.text)
    __rt_memcpy                              0x08000565   Thumb Code   138  rt_memcpy_v6.o(.text)
    _memcpy_lastbytes                        0x080005cb   Thumb Code     0  rt_memcpy_v6.o(.text)
    __aeabi_memcpy4                          0x080005ef   Thumb Code     0  rt_memcpy_w.o(.text)
    __aeabi_memcpy8                          0x080005ef   Thumb Code     0  rt_memcpy_w.o(.text)
    __rt_memcpy_w                            0x080005ef   Thumb Code   100  rt_memcpy_w.o(.text)
    _memcpy_lastbytes_aligned                0x08000637   Thumb Code     0  rt_memcpy_w.o(.text)
    __aeabi_memclr                           0x08000653   Thumb Code     0  rt_memclr.o(.text)
    __rt_memclr                              0x08000653   Thumb Code    68  rt_memclr.o(.text)
    _memset                                  0x08000657   Thumb Code     0  rt_memclr.o(.text)
    __aeabi_memclr4                          0x08000697   Thumb Code     0  rt_memclr_w.o(.text)
    __aeabi_memclr8                          0x08000697   Thumb Code     0  rt_memclr_w.o(.text)
    __rt_memclr_w                            0x08000697   Thumb Code    78  rt_memclr_w.o(.text)
    _memset_w                                0x0800069b   Thumb Code     0  rt_memclr_w.o(.text)
    __use_two_region_memory                  0x080006e5   Thumb Code     2  heapauxi.o(.text)
    __rt_heap_escrow$2region                 0x080006e7   Thumb Code     2  heapauxi.o(.text)
    __rt_heap_expand$2region                 0x080006e9   Thumb Code     2  heapauxi.o(.text)
    __I$use$semihosting                      0x080006eb   Thumb Code     0  use_no_semi.o(.text)
    __use_no_semihosting_swi                 0x080006eb   Thumb Code     2  use_no_semi.o(.text)
    _printf_int_common                       0x080006ed   Thumb Code   178  _printf_intcommon.o(.text)
    _printf_char_common                      0x080007ab   Thumb Code    32  _printf_char_common.o(.text)
    _sputc                                   0x080007d1   Thumb Code    10  _sputc.o(.text)
    _printf_cs_common                        0x080007db   Thumb Code    20  _printf_char.o(.text)
    _printf_char                             0x080007ef   Thumb Code    16  _printf_char.o(.text)
    _printf_string                           0x080007ff   Thumb Code     8  _printf_char.o(.text)
    _printf_char_file                        0x08000809   Thumb Code    32  _printf_char_file.o(.text)
    ferror                                   0x0800082d   Thumb Code     8  ferror.o(.text)
    __user_libspace                          0x08000835   Thumb Code     8  libspace.o(.text)
    __user_perproc_libspace                  0x08000835   Thumb Code     0  libspace.o(.text)
    __user_perthread_libspace                0x08000835   Thumb Code     0  libspace.o(.text)
    __user_setup_stackheap                   0x0800083d   Thumb Code    74  sys_stackheap_outer.o(.text)
    exit                                     0x08000887   Thumb Code    18  exit.o(.text)
    BusFault_Handler                         0x08000899   Thumb Code     4  stm32f10x_it.o(i.BusFault_Handler)
    DebugMon_Handler                         0x0800089d   Thumb Code     2  stm32f10x_it.o(i.DebugMon_Handler)
    EXTI0_IRQHandler                         0x080008a1   Thumb Code    18  sx1276-board.o(i.EXTI0_IRQHandler)
    EXTI1_IRQHandler                         0x080008b9   Thumb Code    18  sx1276-board.o(i.EXTI1_IRQHandler)
    EXTI_ClearITPendingBit                   0x080008d1   Thumb Code     6  stm32f10x_exti.o(i.EXTI_ClearITPendingBit)
    EXTI_Init                                0x080008dd   Thumb Code   142  stm32f10x_exti.o(i.EXTI_Init)
    GPIO_EXTILineConfig                      0x08000971   Thumb Code    60  stm32f10x_gpio.o(i.GPIO_EXTILineConfig)
    GPIO_Init                                0x080009b1   Thumb Code   278  stm32f10x_gpio.o(i.GPIO_Init)
    GPIO_ReadInputDataBit                    0x08000ac7   Thumb Code    18  stm32f10x_gpio.o(i.GPIO_ReadInputDataBit)
    GPIO_ResetBits                           0x08000ad9   Thumb Code     4  stm32f10x_gpio.o(i.GPIO_ResetBits)
    GPIO_SetBits                             0x08000add   Thumb Code     4  stm32f10x_gpio.o(i.GPIO_SetBits)
    Gizwits_Init                             0x08000b19   Thumb Code    34  main.o(i.Gizwits_Init)
    HALUart1Init                             0x08000b41   Thumb Code   170  hal_uart.o(i.HALUart1Init)
    HardFault_Handler                        0x08000bf9   Thumb Code     4  stm32f10x_it.o(i.HardFault_Handler)
    IIC_Start                                0x08000bfd   Thumb Code    44  oled.o(i.IIC_Start)
    IIC_Stop                                 0x08000c2d   Thumb Code    34  oled.o(i.IIC_Stop)
    IIC_WaitAck                              0x08000c55   Thumb Code    24  oled.o(i.IIC_WaitAck)
    IIC_WriteByte                            0x08000c71   Thumb Code    88  oled.o(i.IIC_WriteByte)
    IIC_WriteCommand                         0x08000ccd   Thumb Code    44  oled.o(i.IIC_WriteCommand)
    IIC_WriteData                            0x08000cf9   Thumb Code    44  oled.o(i.IIC_WriteData)
    Key_GetNum                               0x08000d25   Thumb Code   146  key.o(i.Key_GetNum)
    Key_Init                                 0x08000dbd   Thumb Code    40  key.o(i.Key_Init)
    LED_Init                                 0x08000de9   Thumb Code    48  led.o(i.LED_Init)
    MemManage_Handler                        0x08000e1d   Thumb Code     4  stm32f10x_it.o(i.MemManage_Handler)
    NMI_Handler                              0x08000e21   Thumb Code     2  stm32f10x_it.o(i.NMI_Handler)
    NVIC_Init                                0x08000e25   Thumb Code   100  misc.o(i.NVIC_Init)
    NVIC_PriorityGroupConfig                 0x08000e95   Thumb Code    10  misc.o(i.NVIC_PriorityGroupConfig)
    OLED_Clear                               0x08000ea9   Thumb Code    62  oled.o(i.OLED_Clear)
    OLED_Init                                0x08000ee9   Thumb Code   316  oled.o(i.OLED_Init)
    OLED_SetPos                              0x08001029   Thumb Code    40  oled.o(i.OLED_SetPos)
    OLED_Show                                0x08001051   Thumb Code    42  main.o(i.OLED_Show)
    OLED_ShowA                               0x08001081   Thumb Code   118  main.o(i.OLED_ShowA)
    OLED_ShowB                               0x08001129   Thumb Code   118  main.o(i.OLED_ShowB)
    OLED_ShowC                               0x080011d1   Thumb Code   128  main.o(i.OLED_ShowC)
    OLED_ShowCHinese                         0x08001259   Thumb Code    98  oled.o(i.OLED_ShowCHinese)
    OLED_ShowChar                            0x080012c1   Thumb Code   154  oled.o(i.OLED_ShowChar)
    OLED_ShowString                          0x08001365   Thumb Code    58  oled.o(i.OLED_ShowString)
    OLED_WR_Byte                             0x0800139f   Thumb Code    24  oled.o(i.OLED_WR_Byte)
    OnRxDone                                 0x080013b9   Thumb Code   150  main.o(i.OnRxDone)
    OnRxError                                0x08001499   Thumb Code    50  main.o(i.OnRxError)
    OnRxTimeout                              0x080014f1   Thumb Code    26  main.o(i.OnRxTimeout)
    OnTxDone                                 0x08001529   Thumb Code    16  main.o(i.OnTxDone)
    OnTxTimeout                              0x08001549   Thumb Code    16  main.o(i.OnTxTimeout)
    PendSV_Handler                           0x08001569   Thumb Code     2  stm32f10x_it.o(i.PendSV_Handler)
    RCC_APB1PeriphClockCmd                   0x0800156d   Thumb Code    26  stm32f10x_rcc.o(i.RCC_APB1PeriphClockCmd)
    RCC_APB1PeriphResetCmd                   0x0800158d   Thumb Code    26  stm32f10x_rcc.o(i.RCC_APB1PeriphResetCmd)
    RCC_APB2PeriphClockCmd                   0x080015ad   Thumb Code    26  stm32f10x_rcc.o(i.RCC_APB2PeriphClockCmd)
    RCC_APB2PeriphResetCmd                   0x080015cd   Thumb Code    26  stm32f10x_rcc.o(i.RCC_APB2PeriphResetCmd)
    RCC_GetClocksFreq                        0x080015ed   Thumb Code   192  stm32f10x_rcc.o(i.RCC_GetClocksFreq)
    SPI_Cmd                                  0x08001779   Thumb Code    24  stm32f10x_spi.o(i.SPI_Cmd)
    SPI_I2S_GetFlagStatus                    0x08001791   Thumb Code    18  stm32f10x_spi.o(i.SPI_I2S_GetFlagStatus)
    SPI_I2S_ReceiveData                      0x080017a3   Thumb Code     6  stm32f10x_spi.o(i.SPI_I2S_ReceiveData)
    SPI_I2S_SendData                         0x080017a9   Thumb Code     4  stm32f10x_spi.o(i.SPI_I2S_SendData)
    SPI_Init                                 0x080017ad   Thumb Code    60  stm32f10x_spi.o(i.SPI_Init)
    SVC_Handler                              0x080017e9   Thumb Code     2  stm32f10x_it.o(i.SVC_Handler)
    SX1276AntSwDeInit                        0x080017eb   Thumb Code     2  sx1276.o(i.SX1276AntSwDeInit)
    SX1276AntSwInit                          0x080017ed   Thumb Code     2  sx1276.o(i.SX1276AntSwInit)
    SX1276CheckRfFrequency                   0x080017ef   Thumb Code     6  sx1276-board.o(i.SX1276CheckRfFrequency)
    SX1276DelayMs                            0x080017f5   Thumb Code    12  sx1276-board.o(i.SX1276DelayMs)
    SX1276GetStatus                          0x08001801   Thumb Code     6  sx1276.o(i.SX1276GetStatus)
    SX1276GetTimeOnAir                       0x0800180d   Thumb Code   624  sx1276.o(i.SX1276GetTimeOnAir)
    SX1276Init                               0x08001aa5   Thumb Code    96  sx1276.o(i.SX1276Init)
    SX1276IoInit                             0x08001b15   Thumb Code   140  sx1276-board.o(i.SX1276IoInit)
    SX1276IoIrqInit                          0x08001ba9   Thumb Code   174  sx1276-board.o(i.SX1276IoIrqInit)
    SX1276IsChannelFree                      0x08001c61   Thumb Code    62  sx1276.o(i.SX1276IsChannelFree)
    SX1276OnDio0Irq                          0x08001ca1   Thumb Code  1124  sx1276.o(i.SX1276OnDio0Irq)
    SX1276OnDio1Irq                          0x0800210d   Thumb Code   378  sx1276.o(i.SX1276OnDio1Irq)
    SX1276OnDio2Irq                          0x08002295   Thumb Code   298  sx1276.o(i.SX1276OnDio2Irq)
    SX1276OnDio3Irq                          0x080023cd   Thumb Code   102  sx1276.o(i.SX1276OnDio3Irq)
    SX1276OnDio4Irq                          0x0800243d   Thumb Code    38  sx1276.o(i.SX1276OnDio4Irq)
    SX1276OnTimeoutIrq                       0x08002469   Thumb Code   306  sx1276.o(i.SX1276OnTimeoutIrq)
    SX1276Random                             0x080025b9   Thumb Code    64  sx1276.o(i.SX1276Random)
    SX1276Read                               0x080025f9   Thumb Code    20  sx1276.o(i.SX1276Read)
    SX1276ReadBuffer                         0x0800260d   Thumb Code    54  sx1276.o(i.SX1276ReadBuffer)
    SX1276ReadFifo                           0x08002643   Thumb Code    18  sx1276.o(i.SX1276ReadFifo)
    SX1276ReadRssi                           0x08002655   Thumb Code    72  sx1276.o(i.SX1276ReadRssi)
    SX1276Reset                              0x080026a5   Thumb Code    72  sx1276-board.o(i.SX1276Reset)
    SX1276RxTimeoutTimerStart                0x080026f1   Thumb Code    26  sx1276-board.o(i.SX1276RxTimeoutTimerStart)
    SX1276RxTimeoutTimerStop                 0x0800270d   Thumb Code    12  sx1276-board.o(i.SX1276RxTimeoutTimerStop)
    SX1276Send                               0x0800271d   Thumb Code   284  sx1276.o(i.SX1276Send)
    SX1276SetAntSw                           0x08002841   Thumb Code     2  sx1276.o(i.SX1276SetAntSw)
    SX1276SetAntSwLowPower                   0x08002845   Thumb Code    28  sx1276.o(i.SX1276SetAntSwLowPower)
    SX1276SetChannel                         0x08002865   Thumb Code    66  sx1276.o(i.SX1276SetChannel)
    SX1276SetMaxPayloadLength                0x080028b1   Thumb Code    50  sx1276.o(i.SX1276SetMaxPayloadLength)
    SX1276SetModem                           0x080028e9   Thumb Code   122  sx1276.o(i.SX1276SetModem)
    SX1276SetOpMode                          0x08002969   Thumb Code    62  sx1276.o(i.SX1276SetOpMode)
    SX1276SetRx                              0x080029a9   Thumb Code   850  sx1276.o(i.SX1276SetRx)
    SX1276SetRxConfig                        0x08002d31   Thumb Code   672  sx1276.o(i.SX1276SetRxConfig)
    SX1276SetSleep                           0x08002fdd   Thumb Code    24  sx1276.o(i.SX1276SetSleep)
    SX1276SetStby                            0x08002ff9   Thumb Code    24  sx1276.o(i.SX1276SetStby)
    SX1276SetTx                              0x08003015   Thumb Code   176  sx1276.o(i.SX1276SetTx)
    SX1276SetTxConfig                        0x080030c9   Thumb Code   752  sx1276.o(i.SX1276SetTxConfig)
    SX1276StartCad                           0x080033c5   Thumb Code    62  sx1276.o(i.SX1276StartCad)
    SX1276SyncWordTimeoutTimerStart          0x08003409   Thumb Code    26  sx1276-board.o(i.SX1276SyncWordTimeoutTimerStart)
    SX1276SyncWordTimeoutTimerStop           0x08003425   Thumb Code    12  sx1276-board.o(i.SX1276SyncWordTimeoutTimerStop)
    SX1276TimerInit                          0x08003435   Thumb Code     2  sx1276-board.o(i.SX1276TimerInit)
    SX1276TxTimeoutTimerStart                0x08003437   Thumb Code    26  sx1276-board.o(i.SX1276TxTimeoutTimerStart)
    SX1276TxTimeoutTimerStop                 0x08003451   Thumb Code    12  sx1276-board.o(i.SX1276TxTimeoutTimerStop)
    SX1276Write                              0x08003461   Thumb Code    16  sx1276.o(i.SX1276Write)
    SX1276WriteBuffer                        0x08003471   Thumb Code    52  sx1276.o(i.SX1276WriteBuffer)
    SX1276WriteFifo                          0x080034a5   Thumb Code    18  sx1276.o(i.SX1276WriteFifo)
    Sx1276SetNSS                             0x080035a1   Thumb Code    26  sx1276-board.o(i.Sx1276SetNSS)
    Sx1276SpiInOut                           0x080035c1   Thumb Code    86  sx1276-board.o(i.Sx1276SpiInOut)
    SysTick_CLKSourceConfig                  0x0800361d   Thumb Code    40  misc.o(i.SysTick_CLKSourceConfig)
    SysTick_Handler                          0x08003645   Thumb Code     2  stm32f10x_it.o(i.SysTick_Handler)
    SystemInit                               0x08003649   Thumb Code    78  system_stm32f10x.o(i.SystemInit)
    TIM1_Int_Init                            0x080036a9   Thumb Code    94  timer.o(i.TIM1_Int_Init)
    TIM1_UP_IRQHandler                       0x0800370d   Thumb Code    26  timer.o(i.TIM1_UP_IRQHandler)
    TIM3_IRQHandler                          0x0800372d   Thumb Code    34  sx1276-board.o(i.TIM3_IRQHandler)
    TIM3_Int_Init                            0x08003755   Thumb Code   110  sx1276-board.o(i.TIM3_Int_Init)
    TIM4_IRQHandler                          0x080037c9   Thumb Code    46  usmart.o(i.TIM4_IRQHandler)
    TIM_ClearFlag                            0x08003801   Thumb Code     6  stm32f10x_tim.o(i.TIM_ClearFlag)
    TIM_ClearITPendingBit                    0x08003807   Thumb Code     6  stm32f10x_tim.o(i.TIM_ClearITPendingBit)
    TIM_Cmd                                  0x0800380d   Thumb Code    24  stm32f10x_tim.o(i.TIM_Cmd)
    TIM_GetCounter                           0x08003825   Thumb Code     6  stm32f10x_tim.o(i.TIM_GetCounter)
    TIM_GetFlagStatus                        0x0800382b   Thumb Code    18  stm32f10x_tim.o(i.TIM_GetFlagStatus)
    TIM_GetITStatus                          0x0800383d   Thumb Code    34  stm32f10x_tim.o(i.TIM_GetITStatus)
    TIM_ITConfig                             0x0800385f   Thumb Code    18  stm32f10x_tim.o(i.TIM_ITConfig)
    TIM_SetAutoreload                        0x08003871   Thumb Code     4  stm32f10x_tim.o(i.TIM_SetAutoreload)
    TIM_SetCounter                           0x08003875   Thumb Code     4  stm32f10x_tim.o(i.TIM_SetCounter)
    TIM_TimeBaseInit                         0x08003879   Thumb Code   122  stm32f10x_tim.o(i.TIM_TimeBaseInit)
    Timer4_Init                              0x0800391d   Thumb Code    88  usmart.o(i.Timer4_Init)
    USART1_IRQHandler                        0x08003979   Thumb Code    38  hal_uart.o(i.USART1_IRQHandler)
    USART3_IRQHandler                        0x080039a9   Thumb Code    34  usart3.o(i.USART3_IRQHandler)
    USART_Cmd                                0x080039d1   Thumb Code    24  stm32f10x_usart.o(i.USART_Cmd)
    USART_DeInit                             0x080039e9   Thumb Code   134  stm32f10x_usart.o(i.USART_DeInit)
    USART_GetFlagStatus                      0x08003a85   Thumb Code    26  stm32f10x_usart.o(i.USART_GetFlagStatus)
    USART_GetITStatus                        0x08003a9f   Thumb Code    84  stm32f10x_usart.o(i.USART_GetITStatus)
    USART_ITConfig                           0x08003af3   Thumb Code    74  stm32f10x_usart.o(i.USART_ITConfig)
    USART_Init                               0x08003b3d   Thumb Code   210  stm32f10x_usart.o(i.USART_Init)
    USART_ReceiveData                        0x08003c15   Thumb Code    10  stm32f10x_usart.o(i.USART_ReceiveData)
    USART_SendData                           0x08003c1f   Thumb Code     8  stm32f10x_usart.o(i.USART_SendData)
    UsageFault_Handler                       0x08003c27   Thumb Code     4  stm32f10x_it.o(i.UsageFault_Handler)
    _is_digit                                0x08003c2b   Thumb Code    14  __printf_wp.o(i._is_digit)
    _sys_exit                                0x08003c39   Thumb Code     4  hal_uart.o(i._sys_exit)
    ceil                                     0x08003c3d   Thumb Code   204  ceil.o(i.ceil)
    delay_init                               0x08003d19   Thumb Code    50  delay.o(i.delay_init)
    delay_ms                                 0x08003d5d   Thumb Code    72  delay.o(i.delay_ms)
    exchangeBytes                            0x08003da9   Thumb Code    26  common.o(i.exchangeBytes)
    exchangeWord                             0x08003dc3   Thumb Code    26  common.o(i.exchangeWord)
    floor                                    0x08003ddd   Thumb Code   204  floor.o(i.floor)
    fputc                                    0x08003eb9   Thumb Code    32  hal_uart.o(i.fputc)
    gizAcrossByteJudge                       0x08003edd   Thumb Code    42  datapointtools.o(i.gizAcrossByteJudge)
    gizByteOrderExchange                     0x08003f07   Thumb Code    50  datapointtools.o(i.gizByteOrderExchange)
    gizGetTimerCount                         0x080043a9   Thumb Code     6  gizwits_product.o(i.gizGetTimerCount)
    gizProtocolSum                           0x08005205   Thumb Code    38  common.o(i.gizProtocolSum)
    gizPutData                               0x080052d9   Thumb Code    52  gizwits_protocol.o(i.gizPutData)
    gizStandardCompressValue                 0x08005421   Thumb Code   128  datapointtools.o(i.gizStandardCompressValue)
    gizTimerMs                               0x080054a1   Thumb Code    12  gizwits_product.o(i.gizTimerMs)
    gizY2X                                   0x080054b1   Thumb Code    14  datapointtools.o(i.gizY2X)
    gizwitsEventProcess                      0x080054c1   Thumb Code   186  gizwits_product.o(i.gizwitsEventProcess)
    gizwitsHandle                            0x08005605   Thumb Code   548  gizwits_protocol.o(i.gizwitsHandle)
    gizwitsInit                              0x08005925   Thumb Code    46  gizwits_protocol.o(i.gizwitsInit)
    gizwitsSetMode                           0x08005989   Thumb Code   590  gizwits_protocol.o(i.gizwitsSetMode)
    key_deal                                 0x08005c11   Thumb Code    56  main.o(i.key_deal)
    main                                     0x08005c4d   Thumb Code   358  main.o(i.main)
    mcuRestart                               0x08005e35   Thumb Code    38  gizwits_product.o(i.mcuRestart)
    rbCanRead                                0x08005e65   Thumb Code    56  ringbuffer.o(i.rbCanRead)
    rbCanWrite                               0x08005e9d   Thumb Code    30  ringbuffer.o(i.rbCanWrite)
    rbCapacity                               0x08005ebb   Thumb Code    14  ringbuffer.o(i.rbCapacity)
    rbCreate                                 0x08005ec9   Thumb Code    22  ringbuffer.o(i.rbCreate)
    rbRead                                   0x08005edf   Thumb Code   162  ringbuffer.o(i.rbRead)
    rbWrite                                  0x08005f81   Thumb Code   154  ringbuffer.o(i.rbWrite)
    round                                    0x0800601d   Thumb Code   136  round.o(i.round)
    testFun                                  0x080060b1   Thumb Code    36  main.o(i.testFun)
    uart1callBackTest                        0x080060f5   Thumb Code   112  main.o(i.uart1callBackTest)
    uartWrite                                0x08006171   Thumb Code    82  gizwits_product.o(i.uartWrite)
    usart3_init                              0x080061c9   Thumb Code   158  usart3.o(i.usart3_init)
    userHandle                               0x08006271   Thumb Code   122  main.o(i.userHandle)
    usmart_cmd_rec                           0x080062fd   Thumb Code   170  usmart.o(i.usmart_cmd_rec)
    usmart_exe                               0x080063ad   Thumb Code   632  usmart.o(i.usmart_exe)
    usmart_get_aparm                         0x08006681   Thumb Code   200  usmart_str.o(i.usmart_get_aparm)
    usmart_get_cmdname                       0x08006749   Thumb Code    54  usmart_str.o(i.usmart_get_cmdname)
    usmart_get_fname                         0x08006781   Thumb Code   440  usmart_str.o(i.usmart_get_fname)
    usmart_get_fparam                        0x08006941   Thumb Code   262  usmart_str.o(i.usmart_get_fparam)
    usmart_get_parmpos                       0x08006a4d   Thumb Code    26  usmart_str.o(i.usmart_get_parmpos)
    usmart_get_runtime                       0x08006a6d   Thumb Code    60  usmart.o(i.usmart_get_runtime)
    usmart_init                              0x08006ab1   Thumb Code    36  usmart.o(i.usmart_init)
    usmart_pow                               0x08006ad9   Thumb Code    22  usmart_str.o(i.usmart_pow)
    usmart_reset_runtime                     0x08006af1   Thumb Code    38  usmart.o(i.usmart_reset_runtime)
    usmart_scan                              0x08006b21   Thumb Code   120  usmart.o(i.usmart_scan)
    usmart_search_nextc                      0x08006bdd   Thumb Code    22  usmart_str.o(i.usmart_search_nextc)
    usmart_str2num                           0x08006bf3   Thumb Code   202  usmart_str.o(i.usmart_str2num)
    usmart_strcmp                            0x08006cbd   Thumb Code    34  usmart_str.o(i.usmart_strcmp)
    usmart_strcopy                           0x08006cdf   Thumb Code    22  usmart_str.o(i.usmart_strcopy)
    usmart_strlen                            0x08006cf5   Thumb Code    24  usmart_str.o(i.usmart_strlen)
    usmart_sys_cmd_exe                       0x08006d0d   Thumb Code  1554  usmart.o(i.usmart_sys_cmd_exe)
    __aeabi_dadd                             0x080073f1   Thumb Code     0  daddsub_clz.o(x$fpl$dadd)
    _dadd                                    0x080073f1   Thumb Code   332  daddsub_clz.o(x$fpl$dadd)
    __fpl_dcmp_Inf                           0x08007541   Thumb Code    24  dcmpi.o(x$fpl$dcmpinf)
    __aeabi_ddiv                             0x08007559   Thumb Code     0  ddiv.o(x$fpl$ddiv)
    _ddiv                                    0x08007559   Thumb Code   552  ddiv.o(x$fpl$ddiv)
    __aeabi_d2iz                             0x08007809   Thumb Code     0  dfix.o(x$fpl$dfix)
    _dfix                                    0x08007809   Thumb Code    94  dfix.o(x$fpl$dfix)
    __aeabi_d2uiz                            0x08007869   Thumb Code     0  dfixu.o(x$fpl$dfixu)
    _dfixu                                   0x08007869   Thumb Code    90  dfixu.o(x$fpl$dfixu)
    __aeabi_i2d                              0x080078c3   Thumb Code     0  dflt_clz.o(x$fpl$dflt)
    _dflt                                    0x080078c3   Thumb Code    46  dflt_clz.o(x$fpl$dflt)
    __aeabi_ui2d                             0x080078f1   Thumb Code     0  dflt_clz.o(x$fpl$dfltu)
    _dfltu                                   0x080078f1   Thumb Code    38  dflt_clz.o(x$fpl$dfltu)
    __aeabi_cdcmple                          0x08007919   Thumb Code     0  dleqf.o(x$fpl$dleqf)
    _dcmple                                  0x08007919   Thumb Code   120  dleqf.o(x$fpl$dleqf)
    __fpl_dcmple_InfNaN                      0x0800797b   Thumb Code     0  dleqf.o(x$fpl$dleqf)
    __aeabi_dmul                             0x08007991   Thumb Code     0  dmul.o(x$fpl$dmul)
    _dmul                                    0x08007991   Thumb Code   332  dmul.o(x$fpl$dmul)
    __fpl_dnaninf                            0x08007ae5   Thumb Code   156  dnaninf.o(x$fpl$dnaninf)
    __fpl_dretinf                            0x08007b81   Thumb Code    12  dretinf.o(x$fpl$dretinf)
    __aeabi_cdrcmple                         0x08007b8d   Thumb Code     0  drleqf.o(x$fpl$drleqf)
    _drcmple                                 0x08007b8d   Thumb Code   108  drleqf.o(x$fpl$drleqf)
    _drnd                                    0x08007bf9   Thumb Code   180  drnd.o(x$fpl$drnd)
    __aeabi_drsub                            0x08007cad   Thumb Code     0  daddsub_clz.o(x$fpl$drsb)
    _drsb                                    0x08007cad   Thumb Code    22  daddsub_clz.o(x$fpl$drsb)
    __aeabi_dsub                             0x08007cc5   Thumb Code     0  daddsub_clz.o(x$fpl$dsub)
    _dsub                                    0x08007cc5   Thumb Code   464  daddsub_clz.o(x$fpl$dsub)
    __I$use$fp                               0x08007e98   Number         0  usenofp.o(x$fpl$usenofp)
    Radio                                    0x08007ea8   Data          84  sx1276-board.o(.constdata)
    F6x8                                     0x08007efc   Data         552  oled.o(.constdata)
    F8X16                                    0x08008124   Data        1520  oled.o(.constdata)
    Hzk                                      0x08008714   Data         512  oled.o(.constdata)
    RadioRegsInit                            0x08008914   Data          48  sx1276.o(.constdata)
    FskBandwidths                            0x08008944   Data         176  sx1276.o(.constdata)
    Region$$Table$$Base                      0x08008ab8   Number         0  anon$$obj.o(Region$$Table)
    Region$$Table$$Limit                     0x08008ad8   Number         0  anon$$obj.o(Region$$Table)
    oledID                                   0x20000000   Data           1  main.o(.data)
    BufferSize                               0x20000002   Data           2  main.o(.data)
    State                                    0x20000004   Data           1  main.o(.data)
    RssiValue                                0x20000005   Data           1  main.o(.data)
    SnrValue                                 0x20000006   Data           1  main.o(.data)
    SystemCoreClock                          0x20000008   Data           4  system_stm32f10x.o(.data)
    AHBPrescTable                            0x2000000c   Data          16  system_stm32f10x.o(.data)
    DebugLevel                               0x20000030   Data           1  hal_uart.o(.data)
    USART_RX_STA                             0x20000038   Data           2  hal_uart.o(.data)
    __stdout                                 0x2000003c   Data           4  hal_uart.o(.data)
    g_irqHandlers                            0x20000040   Data           4  sx1276-board.o(.data)
    sys_cmd_tab                              0x20000048   Data          28  usmart.o(.data)
    usmart_nametab                           0x20000064   Data          16  usmart_config.o(.data)
    usmart_dev                               0x20000074   Data         244  usmart_config.o(.data)
    DioIrq                                   0x2000016c   Data          24  sx1276.o(.data)
    wifi_flag                                0x2000018c   Data           1  gizwits_product.o(.data)
    A_Data                                   0x200001a0   Data          12  main.o(.bss)
    B_Data                                   0x200001ac   Data          12  main.o(.bss)
    currentDataPoint                         0x200001b8   Data          36  main.o(.bss)
    Buffer                                   0x200001dc   Data          64  main.o(.bss)
    USART_RX_BUF                             0x20000238   Data         200  hal_uart.o(.bss)
    SX1276                                   0x20000400   Data          92  sx1276.o(.bss)
    gizwitsProtocol                          0x2000045c   Data         452  gizwits_protocol.o(.bss)
    pRb                                      0x20000620   Data          16  gizwits_protocol.o(.bss)
    __libspace_start                         0x200006b0   Data          96  libspace.o(.bss)
    __temporary_stack_top$libspace           0x20000710   Data           0  libspace.o(.bss)



==============================================================================

Memory Map of the image

  Image Entry point : 0x080000ed

  Load Region LR_IROM1 (Base: 0x08000000, Size: 0x00008c78, Max: 0x00010000, ABSOLUTE, COMPRESSED[0x00008b48])

    Execution Region ER_IROM1 (Exec base: 0x08000000, Load base: 0x08000000, Size: 0x00008ad8, Max: 0x00010000, ABSOLUTE)

    Exec Addr    Load Addr    Size         Type   Attr      Idx    E Section Name        Object

    0x08000000   0x08000000   0x000000ec   Data   RO           19    RESET               startup_stm32f10x_md.o
    0x080000ec   0x080000ec   0x00000008   Code   RO         4731  * !!!main             c_w.l(__main.o)
    0x080000f4   0x080000f4   0x00000034   Code   RO         4992    !!!scatter          c_w.l(__scatter.o)
    0x08000128   0x08000128   0x0000005a   Code   RO         4990    !!dczerorl2         c_w.l(__dczerorl2.o)
    0x08000182   0x08000182   0x00000002   PAD
    0x08000184   0x08000184   0x0000001c   Code   RO         4994    !!handler_zi        c_w.l(__scatter_zi.o)
    0x080001a0   0x080001a0   0x00000000   Code   RO         4718    .ARM.Collect$$_printf_percent$$00000000  c_w.l(_printf_percent.o)
    0x080001a0   0x080001a0   0x00000006   Code   RO         4716    .ARM.Collect$$_printf_percent$$00000009  c_w.l(_printf_d.o)
    0x080001a6   0x080001a6   0x00000006   Code   RO         4717    .ARM.Collect$$_printf_percent$$0000000A  c_w.l(_printf_u.o)
    0x080001ac   0x080001ac   0x00000006   Code   RO         4715    .ARM.Collect$$_printf_percent$$0000000C  c_w.l(_printf_x.o)
    0x080001b2   0x080001b2   0x00000006   Code   RO         4713    .ARM.Collect$$_printf_percent$$00000013  c_w.l(_printf_c.o)
    0x080001b8   0x080001b8   0x00000006   Code   RO         4714    .ARM.Collect$$_printf_percent$$00000014  c_w.l(_printf_s.o)
    0x080001be   0x080001be   0x00000004   Code   RO         4808    .ARM.Collect$$_printf_percent$$00000017  c_w.l(_printf_percent_end.o)
    0x080001c2   0x080001c2   0x00000002   Code   RO         4867    .ARM.Collect$$libinit$$00000000  c_w.l(libinit.o)
    0x080001c4   0x080001c4   0x00000000   Code   RO         4869    .ARM.Collect$$libinit$$00000002  c_w.l(libinit2.o)
    0x080001c4   0x080001c4   0x00000000   Code   RO         4871    .ARM.Collect$$libinit$$00000004  c_w.l(libinit2.o)
    0x080001c4   0x080001c4   0x00000000   Code   RO         4874    .ARM.Collect$$libinit$$0000000A  c_w.l(libinit2.o)
    0x080001c4   0x080001c4   0x00000000   Code   RO         4876    .ARM.Collect$$libinit$$0000000C  c_w.l(libinit2.o)
    0x080001c4   0x080001c4   0x00000000   Code   RO         4878    .ARM.Collect$$libinit$$0000000E  c_w.l(libinit2.o)
    0x080001c4   0x080001c4   0x00000000   Code   RO         4881    .ARM.Collect$$libinit$$00000011  c_w.l(libinit2.o)
    0x080001c4   0x080001c4   0x00000000   Code   RO         4883    .ARM.Collect$$libinit$$00000013  c_w.l(libinit2.o)
    0x080001c4   0x080001c4   0x00000000   Code   RO         4885    .ARM.Collect$$libinit$$00000015  c_w.l(libinit2.o)
    0x080001c4   0x080001c4   0x00000000   Code   RO         4887    .ARM.Collect$$libinit$$00000017  c_w.l(libinit2.o)
    0x080001c4   0x080001c4   0x00000000   Code   RO         4889    .ARM.Collect$$libinit$$00000019  c_w.l(libinit2.o)
    0x080001c4   0x080001c4   0x00000000   Code   RO         4891    .ARM.Collect$$libinit$$0000001B  c_w.l(libinit2.o)
    0x080001c4   0x080001c4   0x00000000   Code   RO         4893    .ARM.Collect$$libinit$$0000001D  c_w.l(libinit2.o)
    0x080001c4   0x080001c4   0x00000000   Code   RO         4895    .ARM.Collect$$libinit$$0000001F  c_w.l(libinit2.o)
    0x080001c4   0x080001c4   0x00000000   Code   RO         4897    .ARM.Collect$$libinit$$00000021  c_w.l(libinit2.o)
    0x080001c4   0x080001c4   0x00000000   Code   RO         4899    .ARM.Collect$$libinit$$00000023  c_w.l(libinit2.o)
    0x080001c4   0x080001c4   0x00000000   Code   RO         4901    .ARM.Collect$$libinit$$00000025  c_w.l(libinit2.o)
    0x080001c4   0x080001c4   0x00000000   Code   RO         4905    .ARM.Collect$$libinit$$0000002C  c_w.l(libinit2.o)
    0x080001c4   0x080001c4   0x00000000   Code   RO         4907    .ARM.Collect$$libinit$$0000002E  c_w.l(libinit2.o)
    0x080001c4   0x080001c4   0x00000000   Code   RO         4909    .ARM.Collect$$libinit$$00000030  c_w.l(libinit2.o)
    0x080001c4   0x080001c4   0x00000000   Code   RO         4911    .ARM.Collect$$libinit$$00000032  c_w.l(libinit2.o)
    0x080001c4   0x080001c4   0x00000002   Code   RO         4912    .ARM.Collect$$libinit$$00000033  c_w.l(libinit2.o)
    0x080001c6   0x080001c6   0x00000002   Code   RO         4940    .ARM.Collect$$libshutdown$$00000000  c_w.l(libshutdown.o)
    0x080001c8   0x080001c8   0x00000000   Code   RO         4949    .ARM.Collect$$libshutdown$$00000002  c_w.l(libshutdown2.o)
    0x080001c8   0x080001c8   0x00000000   Code   RO         4951    .ARM.Collect$$libshutdown$$00000004  c_w.l(libshutdown2.o)
    0x080001c8   0x080001c8   0x00000000   Code   RO         4954    .ARM.Collect$$libshutdown$$00000007  c_w.l(libshutdown2.o)
    0x080001c8   0x080001c8   0x00000000   Code   RO         4957    .ARM.Collect$$libshutdown$$0000000A  c_w.l(libshutdown2.o)
    0x080001c8   0x080001c8   0x00000000   Code   RO         4959    .ARM.Collect$$libshutdown$$0000000C  c_w.l(libshutdown2.o)
    0x080001c8   0x080001c8   0x00000000   Code   RO         4962    .ARM.Collect$$libshutdown$$0000000F  c_w.l(libshutdown2.o)
    0x080001c8   0x080001c8   0x00000002   Code   RO         4963    .ARM.Collect$$libshutdown$$00000010  c_w.l(libshutdown2.o)
    0x080001ca   0x080001ca   0x00000000   Code   RO         4795    .ARM.Collect$$rtentry$$00000000  c_w.l(__rtentry.o)
    0x080001ca   0x080001ca   0x00000000   Code   RO         4823    .ARM.Collect$$rtentry$$00000002  c_w.l(__rtentry2.o)
    0x080001ca   0x080001ca   0x00000006   Code   RO         4835    .ARM.Collect$$rtentry$$00000004  c_w.l(__rtentry4.o)
    0x080001d0   0x080001d0   0x00000000   Code   RO         4825    .ARM.Collect$$rtentry$$00000009  c_w.l(__rtentry2.o)
    0x080001d0   0x080001d0   0x00000004   Code   RO         4826    .ARM.Collect$$rtentry$$0000000A  c_w.l(__rtentry2.o)
    0x080001d4   0x080001d4   0x00000000   Code   RO         4828    .ARM.Collect$$rtentry$$0000000C  c_w.l(__rtentry2.o)
    0x080001d4   0x080001d4   0x00000008   Code   RO         4829    .ARM.Collect$$rtentry$$0000000D  c_w.l(__rtentry2.o)
    0x080001dc   0x080001dc   0x00000002   Code   RO         4913    .ARM.Collect$$rtexit$$00000000  c_w.l(rtexit.o)
    0x080001de   0x080001de   0x00000000   Code   RO         4920    .ARM.Collect$$rtexit$$00000002  c_w.l(rtexit2.o)
    0x080001de   0x080001de   0x00000004   Code   RO         4921    .ARM.Collect$$rtexit$$00000003  c_w.l(rtexit2.o)
    0x080001e2   0x080001e2   0x00000006   Code   RO         4922    .ARM.Collect$$rtexit$$00000004  c_w.l(rtexit2.o)
    0x080001e8   0x080001e8   0x00000040   Code   RO           20    .text               startup_stm32f10x_md.o
    0x08000228   0x08000228   0x00000002   Code   RO         4652    .text               c_w.l(use_no_semi_2.o)
    0x0800022a   0x0800022a   0x00000002   PAD
    0x0800022c   0x0800022c   0x00000018   Code   RO         4660    .text               c_w.l(noretval__2printf.o)
    0x08000244   0x08000244   0x00000028   Code   RO         4662    .text               c_w.l(noretval__2sprintf.o)
    0x0800026c   0x0800026c   0x0000004e   Code   RO         4666    .text               c_w.l(_printf_pad.o)
    0x080002ba   0x080002ba   0x00000052   Code   RO         4668    .text               c_w.l(_printf_str.o)
    0x0800030c   0x0800030c   0x00000078   Code   RO         4670    .text               c_w.l(_printf_dec.o)
    0x08000384   0x08000384   0x00000058   Code   RO         4675    .text               c_w.l(_printf_hex_int.o)
    0x080003dc   0x080003dc   0x00000188   Code   RO         4710    .text               c_w.l(__printf_flags_ss_wp.o)
    0x08000564   0x08000564   0x0000008a   Code   RO         4721    .text               c_w.l(rt_memcpy_v6.o)
    0x080005ee   0x080005ee   0x00000064   Code   RO         4723    .text               c_w.l(rt_memcpy_w.o)
    0x08000652   0x08000652   0x00000044   Code   RO         4725    .text               c_w.l(rt_memclr.o)
    0x08000696   0x08000696   0x0000004e   Code   RO         4727    .text               c_w.l(rt_memclr_w.o)
    0x080006e4   0x080006e4   0x00000006   Code   RO         4729    .text               c_w.l(heapauxi.o)
    0x080006ea   0x080006ea   0x00000002   Code   RO         4793    .text               c_w.l(use_no_semi.o)
    0x080006ec   0x080006ec   0x000000b2   Code   RO         4798    .text               c_w.l(_printf_intcommon.o)
    0x0800079e   0x0800079e   0x00000002   PAD
    0x080007a0   0x080007a0   0x00000030   Code   RO         4800    .text               c_w.l(_printf_char_common.o)
    0x080007d0   0x080007d0   0x0000000a   Code   RO         4802    .text               c_w.l(_sputc.o)
    0x080007da   0x080007da   0x0000002c   Code   RO         4804    .text               c_w.l(_printf_char.o)
    0x08000806   0x08000806   0x00000002   PAD
    0x08000808   0x08000808   0x00000024   Code   RO         4806    .text               c_w.l(_printf_char_file.o)
    0x0800082c   0x0800082c   0x00000008   Code   RO         4844    .text               c_w.l(ferror.o)
    0x08000834   0x08000834   0x00000008   Code   RO         4853    .text               c_w.l(libspace.o)
    0x0800083c   0x0800083c   0x0000004a   Code   RO         4856    .text               c_w.l(sys_stackheap_outer.o)
    0x08000886   0x08000886   0x00000012   Code   RO         4858    .text               c_w.l(exit.o)
    0x08000898   0x08000898   0x00000004   Code   RO          280    i.BusFault_Handler  stm32f10x_it.o
    0x0800089c   0x0800089c   0x00000002   Code   RO          281    i.DebugMon_Handler  stm32f10x_it.o
    0x0800089e   0x0800089e   0x00000002   PAD
    0x080008a0   0x080008a0   0x00000018   Code   RO         3389    i.EXTI0_IRQHandler  sx1276-board.o
    0x080008b8   0x080008b8   0x00000018   Code   RO         3390    i.EXTI1_IRQHandler  sx1276-board.o
    0x080008d0   0x080008d0   0x0000000c   Code   RO         1179    i.EXTI_ClearITPendingBit  stm32f10x_exti.o
    0x080008dc   0x080008dc   0x00000094   Code   RO         1184    i.EXTI_Init         stm32f10x_exti.o
    0x08000970   0x08000970   0x00000040   Code   RO         1529    i.GPIO_EXTILineConfig  stm32f10x_gpio.o
    0x080009b0   0x080009b0   0x00000116   Code   RO         1532    i.GPIO_Init         stm32f10x_gpio.o
    0x08000ac6   0x08000ac6   0x00000012   Code   RO         1536    i.GPIO_ReadInputDataBit  stm32f10x_gpio.o
    0x08000ad8   0x08000ad8   0x00000004   Code   RO         1539    i.GPIO_ResetBits    stm32f10x_gpio.o
    0x08000adc   0x08000adc   0x00000004   Code   RO         1540    i.GPIO_SetBits      stm32f10x_gpio.o
    0x08000ae0   0x08000ae0   0x00000038   Code   RO         4004    i.GetFskBandwidthRegValue  sx1276.o
    0x08000b18   0x08000b18   0x00000028   Code   RO           24    i.Gizwits_Init      main.o
    0x08000b40   0x08000b40   0x000000b8   Code   RO         3348    i.HALUart1Init      hal_uart.o
    0x08000bf8   0x08000bf8   0x00000004   Code   RO          282    i.HardFault_Handler  stm32f10x_it.o
    0x08000bfc   0x08000bfc   0x00000030   Code   RO         3555    i.IIC_Start         oled.o
    0x08000c2c   0x08000c2c   0x00000028   Code   RO         3556    i.IIC_Stop          oled.o
    0x08000c54   0x08000c54   0x0000001c   Code   RO         3557    i.IIC_WaitAck       oled.o
    0x08000c70   0x08000c70   0x0000005c   Code   RO         3558    i.IIC_WriteByte     oled.o
    0x08000ccc   0x08000ccc   0x0000002c   Code   RO         3559    i.IIC_WriteCommand  oled.o
    0x08000cf8   0x08000cf8   0x0000002c   Code   RO         3560    i.IIC_WriteData     oled.o
    0x08000d24   0x08000d24   0x00000098   Code   RO         3688    i.Key_GetNum        key.o
    0x08000dbc   0x08000dbc   0x0000002c   Code   RO         3689    i.Key_Init          key.o
    0x08000de8   0x08000de8   0x00000034   Code   RO         3794    i.LED_Init          led.o
    0x08000e1c   0x08000e1c   0x00000004   Code   RO          283    i.MemManage_Handler  stm32f10x_it.o
    0x08000e20   0x08000e20   0x00000002   Code   RO          284    i.NMI_Handler       stm32f10x_it.o
    0x08000e22   0x08000e22   0x00000002   PAD
    0x08000e24   0x08000e24   0x00000070   Code   RO          381    i.NVIC_Init         misc.o
    0x08000e94   0x08000e94   0x00000014   Code   RO          382    i.NVIC_PriorityGroupConfig  misc.o
    0x08000ea8   0x08000ea8   0x0000003e   Code   RO         3561    i.OLED_Clear        oled.o
    0x08000ee6   0x08000ee6   0x00000002   PAD
    0x08000ee8   0x08000ee8   0x00000140   Code   RO         3566    i.OLED_Init         oled.o
    0x08001028   0x08001028   0x00000028   Code   RO         3568    i.OLED_SetPos       oled.o
    0x08001050   0x08001050   0x00000030   Code   RO           25    i.OLED_Show         main.o
    0x08001080   0x08001080   0x000000a8   Code   RO           26    i.OLED_ShowA        main.o
    0x08001128   0x08001128   0x000000a8   Code   RO           27    i.OLED_ShowB        main.o
    0x080011d0   0x080011d0   0x00000088   Code   RO           28    i.OLED_ShowC        main.o
    0x08001258   0x08001258   0x00000068   Code   RO         3569    i.OLED_ShowCHinese  oled.o
    0x080012c0   0x080012c0   0x000000a4   Code   RO         3570    i.OLED_ShowChar     oled.o
    0x08001364   0x08001364   0x0000003a   Code   RO         3572    i.OLED_ShowString   oled.o
    0x0800139e   0x0800139e   0x00000018   Code   RO         3573    i.OLED_WR_Byte      oled.o
    0x080013b6   0x080013b6   0x00000002   PAD
    0x080013b8   0x080013b8   0x000000e0   Code   RO           29    i.OnRxDone          main.o
    0x08001498   0x08001498   0x00000058   Code   RO           30    i.OnRxError         main.o
    0x080014f0   0x080014f0   0x00000038   Code   RO           31    i.OnRxTimeout       main.o
    0x08001528   0x08001528   0x00000020   Code   RO           32    i.OnTxDone          main.o
    0x08001548   0x08001548   0x00000020   Code   RO           33    i.OnTxTimeout       main.o
    0x08001568   0x08001568   0x00000002   Code   RO          285    i.PendSV_Handler    stm32f10x_it.o
    0x0800156a   0x0800156a   0x00000002   PAD
    0x0800156c   0x0800156c   0x00000020   Code   RO         1948    i.RCC_APB1PeriphClockCmd  stm32f10x_rcc.o
    0x0800158c   0x0800158c   0x00000020   Code   RO         1949    i.RCC_APB1PeriphResetCmd  stm32f10x_rcc.o
    0x080015ac   0x080015ac   0x00000020   Code   RO         1950    i.RCC_APB2PeriphClockCmd  stm32f10x_rcc.o
    0x080015cc   0x080015cc   0x00000020   Code   RO         1951    i.RCC_APB2PeriphResetCmd  stm32f10x_rcc.o
    0x080015ec   0x080015ec   0x000000d4   Code   RO         1958    i.RCC_GetClocksFreq  stm32f10x_rcc.o
    0x080016c0   0x080016c0   0x000000b8   Code   RO         4005    i.RxChainCalibration  sx1276.o
    0x08001778   0x08001778   0x00000018   Code   RO         2427    i.SPI_Cmd           stm32f10x_spi.o
    0x08001790   0x08001790   0x00000012   Code   RO         2435    i.SPI_I2S_GetFlagStatus  stm32f10x_spi.o
    0x080017a2   0x080017a2   0x00000006   Code   RO         2438    i.SPI_I2S_ReceiveData  stm32f10x_spi.o
    0x080017a8   0x080017a8   0x00000004   Code   RO         2439    i.SPI_I2S_SendData  stm32f10x_spi.o
    0x080017ac   0x080017ac   0x0000003c   Code   RO         2440    i.SPI_Init          stm32f10x_spi.o
    0x080017e8   0x080017e8   0x00000002   Code   RO          286    i.SVC_Handler       stm32f10x_it.o
    0x080017ea   0x080017ea   0x00000002   Code   RO         4006    i.SX1276AntSwDeInit  sx1276.o
    0x080017ec   0x080017ec   0x00000002   Code   RO         4007    i.SX1276AntSwInit   sx1276.o
    0x080017ee   0x080017ee   0x00000006   Code   RO         3391    i.SX1276CheckRfFrequency  sx1276-board.o
    0x080017f4   0x080017f4   0x0000000c   Code   RO         3392    i.SX1276DelayMs     sx1276-board.o
    0x08001800   0x08001800   0x0000000c   Code   RO         4009    i.SX1276GetStatus   sx1276.o
    0x0800180c   0x0800180c   0x00000298   Code   RO         4010    i.SX1276GetTimeOnAir  sx1276.o
    0x08001aa4   0x08001aa4   0x00000070   Code   RO         4011    i.SX1276Init        sx1276.o
    0x08001b14   0x08001b14   0x00000094   Code   RO         3394    i.SX1276IoInit      sx1276-board.o
    0x08001ba8   0x08001ba8   0x000000b8   Code   RO         3395    i.SX1276IoIrqInit   sx1276-board.o
    0x08001c60   0x08001c60   0x0000003e   Code   RO         4012    i.SX1276IsChannelFree  sx1276.o
    0x08001c9e   0x08001c9e   0x00000002   PAD
    0x08001ca0   0x08001ca0   0x0000046c   Code   RO         4013    i.SX1276OnDio0Irq   sx1276.o
    0x0800210c   0x0800210c   0x00000188   Code   RO         4014    i.SX1276OnDio1Irq   sx1276.o
    0x08002294   0x08002294   0x00000138   Code   RO         4015    i.SX1276OnDio2Irq   sx1276.o
    0x080023cc   0x080023cc   0x00000070   Code   RO         4016    i.SX1276OnDio3Irq   sx1276.o
    0x0800243c   0x0800243c   0x0000002c   Code   RO         4017    i.SX1276OnDio4Irq   sx1276.o
    0x08002468   0x08002468   0x00000150   Code   RO         4019    i.SX1276OnTimeoutIrq  sx1276.o
    0x080025b8   0x080025b8   0x00000040   Code   RO         4020    i.SX1276Random      sx1276.o
    0x080025f8   0x080025f8   0x00000014   Code   RO         4021    i.SX1276Read        sx1276.o
    0x0800260c   0x0800260c   0x00000036   Code   RO         4022    i.SX1276ReadBuffer  sx1276.o
    0x08002642   0x08002642   0x00000012   Code   RO         4023    i.SX1276ReadFifo    sx1276.o
    0x08002654   0x08002654   0x00000050   Code   RO         4024    i.SX1276ReadRssi    sx1276.o
    0x080026a4   0x080026a4   0x0000004c   Code   RO         3396    i.SX1276Reset       sx1276-board.o
    0x080026f0   0x080026f0   0x0000001a   Code   RO         3397    i.SX1276RxTimeoutTimerStart  sx1276-board.o
    0x0800270a   0x0800270a   0x00000002   PAD
    0x0800270c   0x0800270c   0x00000010   Code   RO         3398    i.SX1276RxTimeoutTimerStop  sx1276-board.o
    0x0800271c   0x0800271c   0x00000124   Code   RO         4025    i.SX1276Send        sx1276.o
    0x08002840   0x08002840   0x00000002   Code   RO         4026    i.SX1276SetAntSw    sx1276.o
    0x08002842   0x08002842   0x00000002   PAD
    0x08002844   0x08002844   0x00000020   Code   RO         4027    i.SX1276SetAntSwLowPower  sx1276.o
    0x08002864   0x08002864   0x0000004c   Code   RO         4028    i.SX1276SetChannel  sx1276.o
    0x080028b0   0x080028b0   0x00000038   Code   RO         4029    i.SX1276SetMaxPayloadLength  sx1276.o
    0x080028e8   0x080028e8   0x00000080   Code   RO         4030    i.SX1276SetModem    sx1276.o
    0x08002968   0x08002968   0x0000003e   Code   RO         4031    i.SX1276SetOpMode   sx1276.o
    0x080029a6   0x080029a6   0x00000002   PAD
    0x080029a8   0x080029a8   0x00000388   Code   RO         4032    i.SX1276SetRx       sx1276.o
    0x08002d30   0x08002d30   0x000002ac   Code   RO         4033    i.SX1276SetRxConfig  sx1276.o
    0x08002fdc   0x08002fdc   0x0000001c   Code   RO         4034    i.SX1276SetSleep    sx1276.o
    0x08002ff8   0x08002ff8   0x0000001c   Code   RO         4035    i.SX1276SetStby     sx1276.o
    0x08003014   0x08003014   0x000000b4   Code   RO         4036    i.SX1276SetTx       sx1276.o
    0x080030c8   0x080030c8   0x000002fc   Code   RO         4037    i.SX1276SetTxConfig  sx1276.o
    0x080033c4   0x080033c4   0x00000044   Code   RO         4038    i.SX1276StartCad    sx1276.o
    0x08003408   0x08003408   0x0000001a   Code   RO         3399    i.SX1276SyncWordTimeoutTimerStart  sx1276-board.o
    0x08003422   0x08003422   0x00000002   PAD
    0x08003424   0x08003424   0x00000010   Code   RO         3400    i.SX1276SyncWordTimeoutTimerStop  sx1276-board.o
    0x08003434   0x08003434   0x00000002   Code   RO         3401    i.SX1276TimerInit   sx1276-board.o
    0x08003436   0x08003436   0x0000001a   Code   RO         3402    i.SX1276TxTimeoutTimerStart  sx1276-board.o
    0x08003450   0x08003450   0x00000010   Code   RO         3403    i.SX1276TxTimeoutTimerStop  sx1276-board.o
    0x08003460   0x08003460   0x00000010   Code   RO         4039    i.SX1276Write       sx1276.o
    0x08003470   0x08003470   0x00000034   Code   RO         4040    i.SX1276WriteBuffer  sx1276.o
    0x080034a4   0x080034a4   0x00000012   Code   RO         4041    i.SX1276WriteFifo   sx1276.o
    0x080034b6   0x080034b6   0x00000008   Code   RO          347    i.SetSysClock       system_stm32f10x.o
    0x080034be   0x080034be   0x00000002   PAD
    0x080034c0   0x080034c0   0x000000e0   Code   RO          348    i.SetSysClockTo72   system_stm32f10x.o
    0x080035a0   0x080035a0   0x00000020   Code   RO         3404    i.Sx1276SetNSS      sx1276-board.o
    0x080035c0   0x080035c0   0x0000005c   Code   RO         3405    i.Sx1276SpiInOut    sx1276-board.o
    0x0800361c   0x0800361c   0x00000028   Code   RO          385    i.SysTick_CLKSourceConfig  misc.o
    0x08003644   0x08003644   0x00000002   Code   RO          287    i.SysTick_Handler   stm32f10x_it.o
    0x08003646   0x08003646   0x00000002   PAD
    0x08003648   0x08003648   0x00000060   Code   RO          350    i.SystemInit        system_stm32f10x.o
    0x080036a8   0x080036a8   0x00000064   Code   RO         3709    i.TIM1_Int_Init     timer.o
    0x0800370c   0x0800370c   0x00000020   Code   RO         3710    i.TIM1_UP_IRQHandler  timer.o
    0x0800372c   0x0800372c   0x00000028   Code   RO         3406    i.TIM3_IRQHandler   sx1276-board.o
    0x08003754   0x08003754   0x00000074   Code   RO         3407    i.TIM3_Int_Init     sx1276-board.o
    0x080037c8   0x080037c8   0x00000038   Code   RO         3836    i.TIM4_IRQHandler   usmart.o
    0x08003800   0x08003800   0x00000006   Code   RO         2576    i.TIM_ClearFlag     stm32f10x_tim.o
    0x08003806   0x08003806   0x00000006   Code   RO         2577    i.TIM_ClearITPendingBit  stm32f10x_tim.o
    0x0800380c   0x0800380c   0x00000018   Code   RO         2582    i.TIM_Cmd           stm32f10x_tim.o
    0x08003824   0x08003824   0x00000006   Code   RO         2601    i.TIM_GetCounter    stm32f10x_tim.o
    0x0800382a   0x0800382a   0x00000012   Code   RO         2602    i.TIM_GetFlagStatus  stm32f10x_tim.o
    0x0800383c   0x0800383c   0x00000022   Code   RO         2603    i.TIM_GetITStatus   stm32f10x_tim.o
    0x0800385e   0x0800385e   0x00000012   Code   RO         2607    i.TIM_ITConfig      stm32f10x_tim.o
    0x08003870   0x08003870   0x00000004   Code   RO         2641    i.TIM_SetAutoreload  stm32f10x_tim.o
    0x08003874   0x08003874   0x00000004   Code   RO         2647    i.TIM_SetCounter    stm32f10x_tim.o
    0x08003878   0x08003878   0x000000a4   Code   RO         2653    i.TIM_TimeBaseInit  stm32f10x_tim.o
    0x0800391c   0x0800391c   0x0000005c   Code   RO         3837    i.Timer4_Init       usmart.o
    0x08003978   0x08003978   0x00000030   Code   RO         3349    i.USART1_IRQHandler  hal_uart.o
    0x080039a8   0x080039a8   0x00000028   Code   RO         3737    i.USART3_IRQHandler  usart3.o
    0x080039d0   0x080039d0   0x00000018   Code   RO         3118    i.USART_Cmd         stm32f10x_usart.o
    0x080039e8   0x080039e8   0x0000009c   Code   RO         3120    i.USART_DeInit      stm32f10x_usart.o
    0x08003a84   0x08003a84   0x0000001a   Code   RO         3121    i.USART_GetFlagStatus  stm32f10x_usart.o
    0x08003a9e   0x08003a9e   0x00000054   Code   RO         3122    i.USART_GetITStatus  stm32f10x_usart.o
    0x08003af2   0x08003af2   0x0000004a   Code   RO         3124    i.USART_ITConfig    stm32f10x_usart.o
    0x08003b3c   0x08003b3c   0x000000d8   Code   RO         3125    i.USART_Init        stm32f10x_usart.o
    0x08003c14   0x08003c14   0x0000000a   Code   RO         3132    i.USART_ReceiveData  stm32f10x_usart.o
    0x08003c1e   0x08003c1e   0x00000008   Code   RO         3135    i.USART_SendData    stm32f10x_usart.o
    0x08003c26   0x08003c26   0x00000004   Code   RO          288    i.UsageFault_Handler  stm32f10x_it.o
    0x08003c2a   0x08003c2a   0x0000000e   Code   RO         4703    i._is_digit         c_w.l(__printf_wp.o)
    0x08003c38   0x08003c38   0x00000004   Code   RO         3350    i._sys_exit         hal_uart.o
    0x08003c3c   0x08003c3c   0x000000dc   Code   RO         4784    i.ceil              m_ws.l(ceil.o)
    0x08003d18   0x08003d18   0x00000044   Code   RO         3529    i.delay_init        delay.o
    0x08003d5c   0x08003d5c   0x0000004c   Code   RO         3530    i.delay_ms          delay.o
    0x08003da8   0x08003da8   0x0000001a   Code   RO         4467    i.exchangeBytes     common.o
    0x08003dc2   0x08003dc2   0x0000001a   Code   RO         4468    i.exchangeWord      common.o
    0x08003ddc   0x08003ddc   0x000000dc   Code   RO         4788    i.floor             m_ws.l(floor.o)
    0x08003eb8   0x08003eb8   0x00000024   Code   RO         3351    i.fputc             hal_uart.o
    0x08003edc   0x08003edc   0x0000002a   Code   RO         4536    i.gizAcrossByteJudge  datapointtools.o
    0x08003f06   0x08003f06   0x00000032   Code   RO         4537    i.gizByteOrderExchange  datapointtools.o
    0x08003f38   0x08003f38   0x00000298   Code   RO         4312    i.gizCheckReport    gizwits_protocol.o
    0x080041d0   0x080041d0   0x0000011c   Code   RO         4313    i.gizDataPoints2ReportData  gizwits_protocol.o
    0x080042ec   0x080042ec   0x000000bc   Code   RO         4314    i.gizDevReportPolicy  gizwits_protocol.o
    0x080043a8   0x080043a8   0x0000000c   Code   RO         4253    i.gizGetTimerCount  gizwits_product.o
    0x080043b4   0x080043b4   0x0000008c   Code   RO         4315    i.gizProtocolAckHandle  gizwits_protocol.o
    0x08004440   0x08004440   0x000000a0   Code   RO         4316    i.gizProtocolCommonAck  gizwits_protocol.o
    0x080044e0   0x080044e0   0x000000a4   Code   RO         4317    i.gizProtocolErrorCmd  gizwits_protocol.o
    0x08004584   0x08004584   0x0000017c   Code   RO         4318    i.gizProtocolGetDeviceInfo  gizwits_protocol.o
    0x08004700   0x08004700   0x000001fc   Code   RO         4319    i.gizProtocolGetOnePacket  gizwits_protocol.o
    0x080048fc   0x080048fc   0x00000050   Code   RO         4320    i.gizProtocolHeadInit  gizwits_protocol.o
    0x0800494c   0x0800494c   0x0000013c   Code   RO         4321    i.gizProtocolIssuedDataAck  gizwits_protocol.o
    0x08004a88   0x08004a88   0x000000f8   Code   RO         4322    i.gizProtocolIssuedProcess  gizwits_protocol.o
    0x08004b80   0x08004b80   0x0000005c   Code   RO         4323    i.gizProtocolModuleInfoHandle  gizwits_protocol.o
    0x08004bdc   0x08004bdc   0x00000504   Code   RO         4324    i.gizProtocolModuleStatus  gizwits_protocol.o
    0x080050e0   0x080050e0   0x0000008c   Code   RO         4325    i.gizProtocolNTP    gizwits_protocol.o
    0x0800516c   0x0800516c   0x0000001c   Code   RO         4326    i.gizProtocolReboot  gizwits_protocol.o
    0x08005188   0x08005188   0x0000007c   Code   RO         4327    i.gizProtocolResendData  gizwits_protocol.o
    0x08005204   0x08005204   0x00000026   Code   RO         4470    i.gizProtocolSum    common.o
    0x0800522a   0x0800522a   0x00000002   PAD
    0x0800522c   0x0800522c   0x00000064   Code   RO         4328    i.gizProtocolWaitAck  gizwits_protocol.o
    0x08005290   0x08005290   0x00000048   Code   RO         4329    i.gizProtocolWaitAckCheck  gizwits_protocol.o
    0x080052d8   0x080052d8   0x00000074   Code   RO         4330    i.gizPutData        gizwits_protocol.o
    0x0800534c   0x0800534c   0x000000d4   Code   RO         4331    i.gizReportData     gizwits_protocol.o
    0x08005420   0x08005420   0x00000080   Code   RO         4538    i.gizStandardCompressValue  datapointtools.o
    0x080054a0   0x080054a0   0x00000010   Code   RO         4254    i.gizTimerMs        gizwits_product.o
    0x080054b0   0x080054b0   0x0000000e   Code   RO         4544    i.gizY2X            datapointtools.o
    0x080054be   0x080054be   0x00000002   PAD
    0x080054c0   0x080054c0   0x00000144   Code   RO         4255    i.gizwitsEventProcess  gizwits_product.o
    0x08005604   0x08005604   0x00000320   Code   RO         4334    i.gizwitsHandle     gizwits_protocol.o
    0x08005924   0x08005924   0x00000064   Code   RO         4335    i.gizwitsInit       gizwits_protocol.o
    0x08005988   0x08005988   0x00000288   Code   RO         4337    i.gizwitsSetMode    gizwits_protocol.o
    0x08005c10   0x08005c10   0x0000003c   Code   RO           34    i.key_deal          main.o
    0x08005c4c   0x08005c4c   0x000001e8   Code   RO           35    i.main              main.o
    0x08005e34   0x08005e34   0x00000030   Code   RO         4256    i.mcuRestart        gizwits_product.o
    0x08005e64   0x08005e64   0x00000038   Code   RO         4602    i.rbCanRead         ringbuffer.o
    0x08005e9c   0x08005e9c   0x0000001e   Code   RO         4603    i.rbCanWrite        ringbuffer.o
    0x08005eba   0x08005eba   0x0000000e   Code   RO         4604    i.rbCapacity        ringbuffer.o
    0x08005ec8   0x08005ec8   0x00000016   Code   RO         4605    i.rbCreate          ringbuffer.o
    0x08005ede   0x08005ede   0x000000a2   Code   RO         4607    i.rbRead            ringbuffer.o
    0x08005f80   0x08005f80   0x0000009a   Code   RO         4608    i.rbWrite           ringbuffer.o
    0x0800601a   0x0800601a   0x00000002   PAD
    0x0800601c   0x0800601c   0x00000094   Code   RO         4791    i.round             m_ws.l(round.o)
    0x080060b0   0x080060b0   0x00000044   Code   RO           36    i.testFun           main.o
    0x080060f4   0x080060f4   0x0000007c   Code   RO           37    i.uart1callBackTest  main.o
    0x08006170   0x08006170   0x00000058   Code   RO         4257    i.uartWrite         gizwits_product.o
    0x080061c8   0x080061c8   0x000000a8   Code   RO         3738    i.usart3_init       usart3.o
    0x08006270   0x08006270   0x0000008c   Code   RO           38    i.userHandle        main.o
    0x080062fc   0x080062fc   0x000000b0   Code   RO         3839    i.usmart_cmd_rec    usmart.o
    0x080063ac   0x080063ac   0x000002d4   Code   RO         3840    i.usmart_exe        usmart.o
    0x08006680   0x08006680   0x000000c8   Code   RO         3932    i.usmart_get_aparm  usmart_str.o
    0x08006748   0x08006748   0x00000036   Code   RO         3933    i.usmart_get_cmdname  usmart_str.o
    0x0800677e   0x0800677e   0x00000002   PAD
    0x08006780   0x08006780   0x000001c0   Code   RO         3934    i.usmart_get_fname  usmart_str.o
    0x08006940   0x08006940   0x0000010c   Code   RO         3935    i.usmart_get_fparam  usmart_str.o
    0x08006a4c   0x08006a4c   0x00000020   Code   RO         3936    i.usmart_get_parmpos  usmart_str.o
    0x08006a6c   0x08006a6c   0x00000044   Code   RO         3841    i.usmart_get_runtime  usmart.o
    0x08006ab0   0x08006ab0   0x00000028   Code   RO         3842    i.usmart_init       usmart.o
    0x08006ad8   0x08006ad8   0x00000016   Code   RO         3937    i.usmart_pow        usmart_str.o
    0x08006aee   0x08006aee   0x00000002   PAD
    0x08006af0   0x08006af0   0x00000030   Code   RO         3843    i.usmart_reset_runtime  usmart.o
    0x08006b20   0x08006b20   0x000000bc   Code   RO         3844    i.usmart_scan       usmart.o
    0x08006bdc   0x08006bdc   0x00000016   Code   RO         3938    i.usmart_search_nextc  usmart_str.o
    0x08006bf2   0x08006bf2   0x000000ca   Code   RO         3939    i.usmart_str2num    usmart_str.o
    0x08006cbc   0x08006cbc   0x00000022   Code   RO         3940    i.usmart_strcmp     usmart_str.o
    0x08006cde   0x08006cde   0x00000016   Code   RO         3941    i.usmart_strcopy    usmart_str.o
    0x08006cf4   0x08006cf4   0x00000018   Code   RO         3942    i.usmart_strlen     usmart_str.o
    0x08006d0c   0x08006d0c   0x000006e4   Code   RO         3845    i.usmart_sys_cmd_exe  usmart.o
    0x080073f0   0x080073f0   0x00000150   Code   RO         4733    x$fpl$dadd          fz_ws.l(daddsub_clz.o)
    0x08007540   0x08007540   0x00000018   Code   RO         4851    x$fpl$dcmpinf       fz_ws.l(dcmpi.o)
    0x08007558   0x08007558   0x000002b0   Code   RO         4740    x$fpl$ddiv          fz_ws.l(ddiv.o)
    0x08007808   0x08007808   0x0000005e   Code   RO         4743    x$fpl$dfix          fz_ws.l(dfix.o)
    0x08007866   0x08007866   0x00000002   PAD
    0x08007868   0x08007868   0x0000005a   Code   RO         4747    x$fpl$dfixu         fz_ws.l(dfixu.o)
    0x080078c2   0x080078c2   0x0000002e   Code   RO         4752    x$fpl$dflt          fz_ws.l(dflt_clz.o)
    0x080078f0   0x080078f0   0x00000026   Code   RO         4751    x$fpl$dfltu         fz_ws.l(dflt_clz.o)
    0x08007916   0x08007916   0x00000002   PAD
    0x08007918   0x08007918   0x00000078   Code   RO         4809    x$fpl$dleqf         fz_ws.l(dleqf.o)
    0x08007990   0x08007990   0x00000154   Code   RO         4757    x$fpl$dmul          fz_ws.l(dmul.o)
    0x08007ae4   0x08007ae4   0x0000009c   Code   RO         4811    x$fpl$dnaninf       fz_ws.l(dnaninf.o)
    0x08007b80   0x08007b80   0x0000000c   Code   RO         4813    x$fpl$dretinf       fz_ws.l(dretinf.o)
    0x08007b8c   0x08007b8c   0x0000006c   Code   RO         4759    x$fpl$drleqf        fz_ws.l(drleqf.o)
    0x08007bf8   0x08007bf8   0x000000b4   Code   RO         4815    x$fpl$drnd          fz_ws.l(drnd.o)
    0x08007cac   0x08007cac   0x00000016   Code   RO         4734    x$fpl$drsb          fz_ws.l(daddsub_clz.o)
    0x08007cc2   0x08007cc2   0x00000002   PAD
    0x08007cc4   0x08007cc4   0x000001d4   Code   RO         4735    x$fpl$dsub          fz_ws.l(daddsub_clz.o)
    0x08007e98   0x08007e98   0x00000000   Code   RO         4821    x$fpl$usenofp       fz_ws.l(usenofp.o)
    0x08007e98   0x08007e98   0x0000000f   Data   RO           40    .constdata          main.o
    0x08007ea7   0x08007ea7   0x00000001   PAD
    0x08007ea8   0x08007ea8   0x00000054   Data   RO         3408    .constdata          sx1276-board.o
    0x08007efc   0x08007efc   0x00000a18   Data   RO         3575    .constdata          oled.o
    0x08008914   0x08008914   0x000000e0   Data   RO         4043    .constdata          sx1276.o
    0x080089f4   0x080089f4   0x00000028   Data   RO         4676    .constdata          c_w.l(_printf_hex_int.o)
    0x08008a1c   0x08008a1c   0x00000011   Data   RO         4711    .constdata          c_w.l(__printf_flags_ss_wp.o)
    0x08008a2d   0x08008a2d   0x00000003   PAD
    0x08008a30   0x08008a30   0x00000028   Data   RO         3847    .conststring        usmart.o
    0x08008a58   0x08008a58   0x0000005f   Data   RO         3912    .conststring        usmart_config.o
    0x08008ab7   0x08008ab7   0x00000001   PAD
    0x08008ab8   0x08008ab8   0x00000020   Data   RO         4988    Region$$Table       anon$$obj.o


    Execution Region RW_IRAM1 (Exec base: 0x20000000, Load base: 0x08008ad8, Size: 0x00000d10, Max: 0x00005000, ABSOLUTE, COMPRESSED[0x00000070])

    Exec Addr    Load Addr    Size         Type   Attr      Idx    E Section Name        Object

    0x20000000   COMPRESSED   0x00000007   Data   RW           41    .data               main.o
    0x20000007   COMPRESSED   0x00000001   PAD
    0x20000008   COMPRESSED   0x00000014   Data   RW          351    .data               system_stm32f10x.o
    0x2000001c   COMPRESSED   0x00000014   Data   RW         1978    .data               stm32f10x_rcc.o
    0x20000030   COMPRESSED   0x00000010   Data   RW         3353    .data               hal_uart.o
    0x20000040   COMPRESSED   0x00000004   Data   RW         3409    .data               sx1276-board.o
    0x20000044   COMPRESSED   0x00000004   Data   RW         3532    .data               delay.o
    0x20000048   COMPRESSED   0x0000001c   Data   RW         3848    .data               usmart.o
    0x20000064   COMPRESSED   0x00000104   Data   RW         3913    .data               usmart_config.o
    0x20000168   COMPRESSED   0x0000001d   Data   RW         4044    .data               sx1276.o
    0x20000185   COMPRESSED   0x00000003   PAD
    0x20000188   COMPRESSED   0x00000005   Data   RW         4259    .data               gizwits_product.o
    0x2000018d   COMPRESSED   0x00000003   PAD
    0x20000190   COMPRESSED   0x00000010   Data   RW         4339    .data               gizwits_protocol.o
    0x200001a0        -       0x00000098   Zero   RW           39    .bss                main.o
    0x20000238        -       0x000000c8   Zero   RW         3352    .bss                hal_uart.o
    0x20000300        -       0x0000015c   Zero   RW         4042    .bss                sx1276.o
    0x2000045c        -       0x00000252   Zero   RW         4338    .bss                gizwits_protocol.o
    0x200006ae   COMPRESSED   0x00000002   PAD
    0x200006b0        -       0x00000060   Zero   RW         4854    .bss                c_w.l(libspace.o)
    0x20000710        -       0x00000200   Zero   RW           18    HEAP                startup_stm32f10x_md.o
    0x20000910        -       0x00000400   Zero   RW           17    STACK               startup_stm32f10x_md.o


==============================================================================

Image component sizes


      Code (inc. data)   RO Data    RW Data    ZI Data      Debug   Object Name

        90          0          0          0          0       2048   common.o
         0          0          0          0          0       4532   core_cm3.o
       234          0          0          0          0       3236   datapointtools.o
       144         22          0          4          0       1168   delay.o
       488        182          0          5          0      18914   gizwits_product.o
      6848       2292          0         16        594      18058   gizwits_protocol.o
       272         28          0         16        200       4790   hal_uart.o
       196         10          0          0          0       1056   key.o
        52          4          0          0          0        463   led.o
      1872        490         15          7        152     293339   main.o
       172         22          0          0          0       2041   misc.o
      1068         38       2584          0          0       8315   oled.o
       438          0          0          0          0       3996   ringbuffer.o
        64         26        236          0       1536        792   startup_stm32f10x_md.o
       160         12          0          0          0       1489   stm32f10x_exti.o
       368          4          0          0          0       4254   stm32f10x_gpio.o
        26          0          0          0          0       3826   stm32f10x_it.o
       340         44          0         20          0       5540   stm32f10x_rcc.o
       112          0          0          0          0       3806   stm32f10x_spi.o
       284         42          0          0          0       6268   stm32f10x_tim.o
       598         28          0          0          0       6748   stm32f10x_usart.o
       882         70         84          4          0      13717   sx1276-board.o
      7048        344        224         29        348      24307   sx1276.o
       328         28          0         20          0       2145   system_stm32f10x.o
       132         12          0          0          0       1093   timer.o
       208         16          0          0          0       1150   usart3.o
      3156       1330         40         28          0       6589   usmart.o
         0          0         95        260          0       1508   usmart_config.o
      1328         20          0          0          0       8425   usmart_str.o

    ----------------------------------------------------------------------
     26942       5064       3312        416       2832     453613   Object Totals
         0          0         32          0          0          0   (incl. Generated)
        34          0          2          7          2          0   (incl. Padding)

    ----------------------------------------------------------------------

      Code (inc. data)   RO Data    RW Data    ZI Data      Debug   Library Member Name

        90          0          0          0          0          0   __dczerorl2.o
         8          0          0          0          0         68   __main.o
       392          4         17          0          0         92   __printf_flags_ss_wp.o
        14          0          0          0          0         68   __printf_wp.o
         0          0          0          0          0          0   __rtentry.o
        12          0          0          0          0          0   __rtentry2.o
         6          0          0          0          0          0   __rtentry4.o
        52          8          0          0          0          0   __scatter.o
        28          0          0          0          0          0   __scatter_zi.o
         6          0          0          0          0          0   _printf_c.o
        44          0          0          0          0        108   _printf_char.o
        48          6          0          0          0         96   _printf_char_common.o
        36          4          0          0          0         80   _printf_char_file.o
         6          0          0          0          0          0   _printf_d.o
       120         16          0          0          0         92   _printf_dec.o
        88          4         40          0          0         88   _printf_hex_int.o
       178          0          0          0          0         88   _printf_intcommon.o
        78          0          0          0          0        108   _printf_pad.o
         0          0          0          0          0          0   _printf_percent.o
         4          0          0          0          0          0   _printf_percent_end.o
         6          0          0          0          0          0   _printf_s.o
        82          0          0          0          0         80   _printf_str.o
         6          0          0          0          0          0   _printf_u.o
         6          0          0          0          0          0   _printf_x.o
        10          0          0          0          0         68   _sputc.o
        18          0          0          0          0         80   exit.o
         8          0          0          0          0         68   ferror.o
         6          0          0          0          0        152   heapauxi.o
         2          0          0          0          0          0   libinit.o
         2          0          0          0          0          0   libinit2.o
         2          0          0          0          0          0   libshutdown.o
         2          0          0          0          0          0   libshutdown2.o
         8          4          0          0         96         68   libspace.o
        24          4          0          0          0         84   noretval__2printf.o
        40          6          0          0          0         84   noretval__2sprintf.o
        68          0          0          0          0         68   rt_memclr.o
        78          0          0          0          0         80   rt_memclr_w.o
       138          0          0          0          0         68   rt_memcpy_v6.o
       100          0          0          0          0         80   rt_memcpy_w.o
         2          0          0          0          0          0   rtexit.o
        10          0          0          0          0          0   rtexit2.o
        74          0          0          0          0         80   sys_stackheap_outer.o
         2          0          0          0          0         68   use_no_semi.o
         2          0          0          0          0         68   use_no_semi_2.o
       826         16          0          0          0        348   daddsub_clz.o
        24          0          0          0          0         68   dcmpi.o
       688        140          0          0          0        208   ddiv.o
        94          4          0          0          0         92   dfix.o
        90          4          0          0          0         92   dfixu.o
        84          0          0          0          0        136   dflt_clz.o
       120          4          0          0          0         92   dleqf.o
       340         12          0          0          0        104   dmul.o
       156          4          0          0          0         92   dnaninf.o
        12          0          0          0          0         68   dretinf.o
       108          0          0          0          0         80   drleqf.o
       180          4          0          0          0         80   drnd.o
         0          0          0          0          0          0   usenofp.o
       220         16          0          0          0         84   ceil.o
       220         16          0          0          0         84   floor.o
       148         12          0          0          0         88   round.o

    ----------------------------------------------------------------------
      5230        288         60          0         96       3800   Library Totals
        14          0          3          0          0          0   (incl. Padding)

    ----------------------------------------------------------------------

      Code (inc. data)   RO Data    RW Data    ZI Data      Debug   Library Name

      1906         56         57          0         96       2084   c_w.l
      2722        188          0          0          0       1460   fz_ws.l
       588         44          0          0          0        256   m_ws.l

    ----------------------------------------------------------------------
      5230        288         60          0         96       3800   Library Totals

    ----------------------------------------------------------------------

==============================================================================


      Code (inc. data)   RO Data    RW Data    ZI Data      Debug   

     32172       5352       3372        416       2928     444929   Grand Totals
     32172       5352       3372        112       2928     444929   ELF Image Totals (compressed)
     32172       5352       3372        112          0          0   ROM Totals

==============================================================================

    Total RO  Size (Code + RO Data)                35544 (  34.71kB)
    Total RW  Size (RW Data + ZI Data)              3344 (   3.27kB)
    Total ROM Size (Code + RO Data + RW Data)      35656 (  34.82kB)

==============================================================================

