Component: ARM Compiler 5.06 update 5 (build 528) Tool: armlink [4d35e2]

==============================================================================

Section Cross References

    startup_stm32f10x_md.o(STACK) refers (Special) to heapauxi.o(.text) for __use_two_region_memory
    startup_stm32f10x_md.o(HEAP) refers (Special) to heapauxi.o(.text) for __use_two_region_memory
    startup_stm32f10x_md.o(RESET) refers (Special) to heapauxi.o(.text) for __use_two_region_memory
    startup_stm32f10x_md.o(RESET) refers to startup_stm32f10x_md.o(STACK) for __initial_sp
    startup_stm32f10x_md.o(RESET) refers to startup_stm32f10x_md.o(.text) for Reset_Handler
    startup_stm32f10x_md.o(RESET) refers to stm32f10x_it.o(i.NMI_Handler) for NMI_Handler
    startup_stm32f10x_md.o(RESET) refers to stm32f10x_it.o(i.HardFault_Handler) for HardFault_Handler
    startup_stm32f10x_md.o(RESET) refers to stm32f10x_it.o(i.MemManage_Handler) for MemManage_Handler
    startup_stm32f10x_md.o(RESET) refers to stm32f10x_it.o(i.BusFault_Handler) for BusFault_Handler
    startup_stm32f10x_md.o(RESET) refers to stm32f10x_it.o(i.UsageFault_Handler) for UsageFault_Handler
    startup_stm32f10x_md.o(RESET) refers to stm32f10x_it.o(i.SVC_Handler) for SVC_Handler
    startup_stm32f10x_md.o(RESET) refers to stm32f10x_it.o(i.DebugMon_Handler) for DebugMon_Handler
    startup_stm32f10x_md.o(RESET) refers to stm32f10x_it.o(i.PendSV_Handler) for PendSV_Handler
    startup_stm32f10x_md.o(RESET) refers to stm32f10x_it.o(i.SysTick_Handler) for SysTick_Handler
    startup_stm32f10x_md.o(RESET) refers to sx1276-board.o(i.EXTI0_IRQHandler) for EXTI0_IRQHandler
    startup_stm32f10x_md.o(RESET) refers to sx1276-board.o(i.EXTI1_IRQHandler) for EXTI1_IRQHandler
    startup_stm32f10x_md.o(RESET) refers to sx1276-board.o(i.TIM3_IRQHandler) for TIM3_IRQHandler
    startup_stm32f10x_md.o(RESET) refers to usmart.o(i.TIM4_IRQHandler) for TIM4_IRQHandler
    startup_stm32f10x_md.o(RESET) refers to hal_uart.o(i.USART1_IRQHandler) for USART1_IRQHandler
    startup_stm32f10x_md.o(RESET) refers to usart3.o(i.USART3_IRQHandler) for USART3_IRQHandler
    startup_stm32f10x_md.o(.text) refers (Special) to heapauxi.o(.text) for __use_two_region_memory
    startup_stm32f10x_md.o(.text) refers to system_stm32f10x.o(i.SystemInit) for SystemInit
    startup_stm32f10x_md.o(.text) refers to __main.o(!!!main) for __main
    startup_stm32f10x_md.o(.text) refers to startup_stm32f10x_md.o(HEAP) for Heap_Mem
    startup_stm32f10x_md.o(.text) refers to startup_stm32f10x_md.o(STACK) for Stack_Mem
    main.o(i.OnRxDone) refers to rt_memclr_w.o(.text) for __aeabi_memclr4
    main.o(i.OnRxDone) refers to rt_memcpy_v6.o(.text) for __aeabi_memcpy
    main.o(i.OnRxDone) refers to sx1276-board.o(.constdata) for Radio
    main.o(i.OnRxDone) refers to main.o(.bss) for Buffer
    main.o(i.OnRxDone) refers to main.o(.data) for BufferSize
    main.o(i.OnRxError) refers to _printf_percent.o(.ARM.Collect$$_printf_percent$$00000000) for _printf_percent
    main.o(i.OnRxError) refers to _printf_d.o(.ARM.Collect$$_printf_percent$$00000009) for _printf_d
    main.o(i.OnRxError) refers to _printf_s.o(.ARM.Collect$$_printf_percent$$00000014) for _printf_s
    main.o(i.OnRxError) refers to _printf_dec.o(.text) for _printf_int_dec
    main.o(i.OnRxError) refers to _printf_str.o(.text) for _printf_str
    main.o(i.OnRxError) refers to noretval__2printf.o(.text) for __2printf
    main.o(i.OnRxError) refers to sx1276-board.o(.constdata) for Radio
    main.o(i.OnRxError) refers to hal_uart.o(.data) for DebugLevel
    main.o(i.OnRxError) refers to main.o(.constdata) for __func__
    main.o(i.OnRxTimeout) refers to noretval__2printf.o(.text) for __2printf
    main.o(i.OnRxTimeout) refers to sx1276-board.o(.constdata) for Radio
    main.o(i.OnTxDone) refers to noretval__2printf.o(.text) for __2printf
    main.o(i.OnTxDone) refers to sx1276-board.o(.constdata) for Radio
    main.o(i.OnTxTimeout) refers to noretval__2printf.o(.text) for __2printf
    main.o(i.OnTxTimeout) refers to sx1276-board.o(.constdata) for Radio
    main.o(i.main) refers to _printf_percent.o(.ARM.Collect$$_printf_percent$$00000000) for _printf_percent
    main.o(i.main) refers to _printf_d.o(.ARM.Collect$$_printf_percent$$00000009) for _printf_d
    main.o(i.main) refers to _printf_s.o(.ARM.Collect$$_printf_percent$$00000014) for _printf_s
    main.o(i.main) refers to _printf_dec.o(.text) for _printf_int_dec
    main.o(i.main) refers to _printf_str.o(.text) for _printf_str
    main.o(i.main) refers to led.o(i.LED_Init) for LED_Init
    main.o(i.main) refers to delay.o(i.delay_init) for delay_init
    main.o(i.main) refers to misc.o(i.NVIC_PriorityGroupConfig) for NVIC_PriorityGroupConfig
    main.o(i.main) refers to hal_uart.o(i.HALUart1Init) for HALUart1Init
    main.o(i.main) refers to noretval__2printf.o(.text) for __2printf
    main.o(i.main) refers to app.o(i.APP_Init) for APP_Init
[...]
    lc_hextab                                0x080070a8   Data          20  _printf_hex_int.o(.constdata)
    .constdata                               0x080070bc   Section       17  __printf_flags_ss_wp.o(.constdata)
    maptable                                 0x080070bc   Data          17  __printf_flags_ss_wp.o(.constdata)
    .conststring                             0x080070d0   Section       40  usmart.o(.conststring)
    .conststring                             0x080070f8   Section       95  usmart_config.o(.conststring)
    .data                                    0x20000000   Section        5  main.o(.data)
    .data                                    0x20000008   Section       20  system_stm32f10x.o(.data)
    .data                                    0x2000001c   Section       20  stm32f10x_rcc.o(.data)
    APBAHBPrescTable                         0x2000001c   Data          16  stm32f10x_rcc.o(.data)
    ADCPrescTable                            0x2000002c   Data           4  stm32f10x_rcc.o(.data)
    .data                                    0x20000030   Section       16  hal_uart.o(.data)
    __uart1CallBackFunc                      0x20000034   Data           4  hal_uart.o(.data)
    .data                                    0x20000040   Section        4  sx1276-board.o(.data)
    .data                                    0x20000044   Section        4  delay.o(.data)
    fac_us                                   0x20000044   Data           1  delay.o(.data)
    fac_ms                                   0x20000046   Data           2  delay.o(.data)
    .data                                    0x20000048   Section       11  app.o(.data)
    .data                                    0x20000053   Section        5  dht11.o(.data)
    .data                                    0x20000058   Section        1  usart3.o(.data)
    index                                    0x20000058   Data           1  usart3.o(.data)
    .data                                    0x2000005c   Section       28  usmart.o(.data)
    .data                                    0x20000078   Section      260  usmart_config.o(.data)
    .data                                    0x2000017c   Section       29  sx1276.o(.data)
    RadioEvents                              0x2000017c   Data           4  sx1276.o(.data)
    RadioIsActive                            0x20000198   Data           1  sx1276.o(.data)
    .bss                                     0x2000019c   Section       92  main.o(.bss)
    RadioEvents                              0x200001dc   Data          28  main.o(.bss)
    .bss                                     0x200001f8   Section      200  hal_uart.o(.bss)
    .bss                                     0x200002c0   Section        9  usart3.o(.bss)
    .bss                                     0x200002cc   Section      348  sx1276.o(.bss)
    RxTxBuffer                               0x200002cc   Data         256  sx1276.o(.bss)
    .bss                                     0x20000428   Section       96  libspace.o(.bss)
    HEAP                                     0x20000488   Section      512  startup_stm32f10x_md.o(HEAP)
    Heap_Mem                                 0x20000488   Data         512  startup_stm32f10x_md.o(HEAP)
    STACK                                    0x20000688   Section     1024  startup_stm32f10x_md.o(STACK)
    Stack_Mem                                0x20000688   Data        1024  startup_stm32f10x_md.o(STACK)
    __initial_sp                             0x20000a88   Data           0  startup_stm32f10x_md.o(STACK)

    Global Symbols

    Symbol Name                              Value     Ov Type        Size  Object(Section)

    BuildAttributes$$THM_ISAv4$P$D$K$B$S$PE$A:L22UL41UL21$X:L11$S22US41US21$IEEE1$IW$USESV6$~STKCKD$USESV7$~SHL$OTIME$ROPI$IEEEJ$EBA8$UX$STANDARDLIB$REQ8$PRES8$EABIv2 0x00000000   Number         0  anon$$obj.o ABSOLUTE
    __ARM_use_no_argv                        0x00000000   Number         0  main.o ABSOLUTE
    _printf_flags                            0x00000000   Number         0  printf_stubs.o ABSOLUTE
    _printf_return_value                     0x00000000   Number         0  printf_stubs.o ABSOLUTE
    _printf_sizespec                         0x00000000   Number         0  printf_stubs.o ABSOLUTE
    _printf_widthprec                        0x00000000   Number         0  printf_stubs.o ABSOLUTE
    __ARM_exceptions_init                     - Undefined Weak Reference
    __alloca_initialize                       - Undefined Weak Reference
    __arm_preinit_                            - Undefined Weak Reference
    __cpp_initialize__aeabi_                  - Undefined Weak Reference
    __cxa_finalize                            - Undefined Weak Reference
    __rt_locale                               - Undefined Weak Reference
    __sigvec_lookup                           - Undefined Weak Reference
    _atexit_init                              - Undefined Weak Reference
    _call_atexit_fns                          - Undefined Weak Reference
    _clock_init                               - Undefined Weak Reference
    _fp_trap_init                             - Undefined Weak Reference
    _fp_trap_shutdown                         - Undefined Weak Reference
    _get_lc_collate                           - Undefined Weak Reference
    _get_lc_ctype                             - Undefined Weak Reference
    _get_lc_monetary                          - Undefined Weak Reference
    _get_lc_numeric                           - Undefined Weak Reference
    _get_lc_time                              - Undefined Weak Reference
    _getenv_init                              - Undefined Weak Reference
    _handle_redirection                       - Undefined Weak Reference
    _init_alloc                               - Undefined Weak Reference
    _init_user_alloc                          - Undefined Weak Reference
    _initio                                   - Undefined Weak Reference
    _mutex_acquire                            - Undefined Weak Reference
    _mutex_release                            - Undefined Weak Reference
    _printf_mbtowc                            - Undefined Weak Reference
    _printf_truncate_signed                   - Undefined Weak Reference
    _printf_truncate_unsigned                 - Undefined Weak Reference
    _rand_init                                - Undefined Weak Reference
    _signal_finish                            - Undefined Weak Reference
    _signal_init                              - Undefined Weak Reference
    _terminate_alloc                          - Undefined Weak Reference
    _terminate_user_alloc                     - Undefined Weak Reference
    _terminateio                              - Undefined Weak Reference
    __Vectors_Size                           0x000000ec   Number         0  startup_stm32f10x_md.o ABSOLUTE
    __Vectors                                0x08000000   Data           4  startup_stm32f10x_md.o(RESET)
    __Vectors_End                            0x080000ec   Data           0  startup_stm32f10x_md.o(RESET)
    __main                                   0x080000ed   Thumb Code     8  __main.o(!!!main)
    __scatterload                            0x080000f5   Thumb Code     0  __scatter.o(!!!scatter)
    __scatterload_rt2                        0x080000f5   Thumb Code    44  __scatter.o(!!!scatter)
    __scatterload_rt2_thumb_only             0x080000f5   Thumb Code     0  __scatter.o(!!!scatter)
    __scatterload_null                       0x08000103   Thumb Code     0  __scatter.o(!!!scatter)
    __decompress                             0x08000129   Thumb Code    90  __dczerorl2.o(!!dczerorl2)
    __decompress1                            0x08000129   Thumb Code     0  __dczerorl2.o(!!dczerorl2)
    __scatterload_zeroinit                   0x08000185   Thumb Code    28  __scatter_zi.o(!!handler_zi)
    _printf_d                                0x080001a1   Thumb Code     0  _printf_d.o(.ARM.Collect$$_printf_percent$$00000009)
    _printf_percent                          0x080001a1   Thumb Code     0  _printf_percent.o(.ARM.Collect$$_printf_percent$$00000000)
    _printf_u                                0x080001a7   Thumb Code     0  _printf_u.o(.ARM.Collect$$_printf_percent$$0000000A)
    _printf_x                                0x080001ad   Thumb Code     0  _printf_x.o(.ARM.Collect$$_printf_percent$$0000000C)
    _printf_c                                0x080001b3   Thumb Code     0  _printf_c.o(.ARM.Collect$$_printf_percent$$00000013)
    _printf_s                                0x080001b9   Thumb Code     0  _printf_s.o(.ARM.Collect$$_printf_percent$$00000014)
    _printf_percent_end                      0x080001bf   Thumb Code     0  _printf_percent_end.o(.ARM.Collect$$_printf_percent$$00000017)
    __rt_lib_init                            0x080001c3   Thumb Code     0  libinit.o(.ARM.Collect$$libinit$$00000000)
    __rt_lib_init_alloca_1                   0x080001c5   Thumb Code     0  libinit2.o(.ARM.Collect$$libinit$$0000002E)
    __rt_lib_init_argv_1                     0x080001c5   Thumb Code     0  libinit2.o(.ARM.Collect$$libinit$$0000002C)
    __rt_lib_init_atexit_1                   0x080001c5   Thumb Code     0  libinit2.o(.ARM.Collect$$libinit$$0000001B)
    __rt_lib_init_clock_1                    0x080001c5   Thumb Code     0  libinit2.o(.ARM.Collect$$libinit$$00000021)
    __rt_lib_init_cpp_1                      0x080001c5   Thumb Code     0  libinit2.o(.ARM.Collect$$libinit$$00000032)
    __rt_lib_init_exceptions_1               0x080001c5   Thumb Code     0  libinit2.o(.ARM.Collect$$libinit$$00000030)
    __rt_lib_init_fp_1                       0x080001c5   Thumb Code     0  libinit2.o(.ARM.Collect$$libinit$$00000002)
    __rt_lib_init_fp_trap_1                  0x080001c5   Thumb Code     0  libinit2.o(.ARM.Collect$$libinit$$0000001F)
    __rt_lib_init_getenv_1                   0x080001c5   Thumb Code     0  libinit2.o(.ARM.Collect$$libinit$$00000023)
    __rt_lib_init_heap_1                     0x080001c5   Thumb Code     0  libinit2.o(.ARM.Collect$$libinit$$0000000A)
    __rt_lib_init_lc_collate_1               0x080001c5   Thumb Code     0  libinit2.o(.ARM.Collect$$libinit$$00000011)
    __rt_lib_init_lc_ctype_1                 0x080001c5   Thumb Code     0  libinit2.o(.ARM.Collect$$libinit$$00000013)
    __rt_lib_init_lc_monetary_1              0x080001c5   Thumb Code     0  libinit2.o(.ARM.Collect$$libinit$$00000015)
    __rt_lib_init_lc_numeric_1               0x080001c5   Thumb Code     0  libinit2.o(.ARM.Collect$$libinit$$00000017)
    __rt_lib_init_lc_time_1                  0x080001c5   Thumb Code     0  libinit2.o(.ARM.Collect$$libinit$$00000019)
    __rt_lib_init_preinit_1                  0x080001c5   Thumb Code     0  libinit2.o(.ARM.Collect$$libinit$$00000004)
    __rt_lib_init_rand_1                     0x080001c5   Thumb Code     0  libinit2.o(.ARM.Collect$$libinit$$0000000E)
    __rt_lib_init_return                     0x080001c5   Thumb Code     0  libinit2.o(.ARM.Collect$$libinit$$00000033)
    __rt_lib_init_signal_1                   0x080001c5   Thumb Code     0  libinit2.o(.ARM.Collect$$libinit$$0000001D)
    __rt_lib_init_stdio_1                    0x080001c5   Thumb Code     0  libinit2.o(.ARM.Collect$$libinit$$00000025)
    __rt_lib_init_user_alloc_1               0x080001c5   Thumb Code     0  libinit2.o(.ARM.Collect$$libinit$$0000000C)
    __rt_lib_shutdown                        0x080001c7   Thumb Code     0  libshutdown.o(.ARM.Collect$$libshutdown$$00000000)
    __rt_lib_shutdown_cpp_1                  0x080001c9   Thumb Code     0  libshutdown2.o(.ARM.Collect$$libshutdown$$00000002)
    __rt_lib_shutdown_fp_trap_1              0x080001c9   Thumb Code     0  libshutdown2.o(.ARM.Collect$$libshutdown$$00000007)
    __rt_lib_shutdown_heap_1                 0x080001c9   Thumb Code     0  libshutdown2.o(.ARM.Collect$$libshutdown$$0000000F)
    __rt_lib_shutdown_return                 0x080001c9   Thumb Code     0  libshutdown2.o(.ARM.Collect$$libshutdown$$00000010)
    __rt_lib_shutdown_signal_1               0x080001c9   Thumb Code     0  libshutdown2.o(.ARM.Collect$$libshutdown$$0000000A)
    __rt_lib_shutdown_stdio_1                0x080001c9   Thumb Code     0  libshutdown2.o(.ARM.Collect$$libshutdown$$00000004)
    __rt_lib_shutdown_user_alloc_1           0x080001c9   Thumb Code     0  libshutdown2.o(.ARM.Collect$$libshutdown$$0000000C)
    __rt_entry                               0x080001cb   Thumb Code     0  __rtentry.o(.ARM.Collect$$rtentry$$00000000)
    __rt_entry_presh_1                       0x080001cb   Thumb Code     0  __rtentry2.o(.ARM.Collect$$rtentry$$00000002)
    __rt_entry_sh                            0x080001cb   Thumb Code     0  __rtentry4.o(.ARM.Collect$$rtentry$$00000004)
    __rt_entry_li                            0x080001d1   Thumb Code     0  __rtentry2.o(.ARM.Collect$$rtentry$$0000000A)
    __rt_entry_postsh_1                      0x080001d1   Thumb Code     0  __rtentry2.o(.ARM.Collect$$rtentry$$00000009)
    __rt_entry_main                          0x080001d5   Thumb Code     0  __rtentry2.o(.ARM.Collect$$rtentry$$0000000D)
    __rt_entry_postli_1                      0x080001d5   Thumb Code     0  __rtentry2.o(.ARM.Collect$$rtentry$$0000000C)
    __rt_exit                                0x080001dd   Thumb Code     0  rtexit.o(.ARM.Collect$$rtexit$$00000000)
    __rt_exit_ls                             0x080001df   Thumb Code     0  rtexit2.o(.ARM.Collect$$rtexit$$00000003)
    __rt_exit_prels_1                        0x080001df   Thumb Code     0  rtexit2.o(.ARM.Collect$$rtexit$$00000002)
    __rt_exit_exit                           0x080001e3   Thumb Code     0  rtexit2.o(.ARM.Collect$$rtexit$$00000004)
    Reset_Handler                            0x080001e9   Thumb Code     8  startup_stm32f10x_md.o(.text)
    ADC1_2_IRQHandler                        0x08000203   Thumb Code     0  startup_stm32f10x_md.o(.text)
    CAN1_RX1_IRQHandler                      0x08000203   Thumb Code     0  startup_stm32f10x_md.o(.text)
    CAN1_SCE_IRQHandler                      0x08000203   Thumb Code     0  startup_stm32f10x_md.o(.text)
    DMA1_Channel1_IRQHandler                 0x08000203   Thumb Code     0  startup_stm32f10x_md.o(.text)
    DMA1_Channel2_IRQHandler                 0x08000203   Thumb Code     0  startup_stm32f10x_md.o(.text)
    DMA1_Channel3_IRQHandler                 0x08000203   Thumb Code     0  startup_stm32f10x_md.o(.text)
    DMA1_Channel4_IRQHandler                 0x08000203   Thumb Code     0  startup_stm32f10x_md.o(.text)
    DMA1_Channel5_IRQHandler                 0x08000203   Thumb Code     0  startup_stm32f10x_md.o(.text)
    DMA1_Channel6_IRQHandler                 0x08000203   Thumb Code     0  startup_stm32f10x_md.o(.text)
    DMA1_Channel7_IRQHandler                 0x08000203   Thumb Code     0  startup_stm32f10x_md.o(.text)
    EXTI15_10_IRQHandler                     0x08000203   Thumb Code     0  startup_stm32f10x_md.o(.text)
    EXTI2_IRQHandler                         0x08000203   Thumb Code     0  startup_stm32f10x_md.o(.text)
    EXTI3_IRQHandler                         0x08000203   Thumb Code     0  startup_stm32f10x_md.o(.text)
    EXTI4_IRQHandler                         0x08000203   Thumb Code     0  startup_stm32f10x_md.o(.text)
    EXTI9_5_IRQHandler                       0x08000203   Thumb Code     0  startup_stm32f10x_md.o(.text)
    FLASH_IRQHandler                         0x08000203   Thumb Code     0  startup_stm32f10x_md.o(.text)
    I2C1_ER_IRQHandler                       0x08000203   Thumb Code     0  startup_stm32f10x_md.o(.text)
    I2C1_EV_IRQHandler                       0x08000203   Thumb Code     0  startup_stm32f10x_md.o(.text)
    I2C2_ER_IRQHandler                       0x08000203   Thumb Code     0  startup_stm32f10x_md.o(.text)
    I2C2_EV_IRQHandler                       0x08000203   Thumb Code     0  startup_stm32f10x_md.o(.text)
    PVD_IRQHandler                           0x08000203   Thumb Code     0  startup_stm32f10x_md.o(.text)
    RCC_IRQHandler                           0x08000203   Thumb Code     0  startup_stm32f10x_md.o(.text)
    RTCAlarm_IRQHandler                      0x08000203   Thumb Code     0  startup_stm32f10x_md.o(.text)
    RTC_IRQHandler                           0x08000203   Thumb Code     0  startup_stm32f10x_md.o(.text)
    SPI1_IRQHandler                          0x08000203   Thumb Code     0  startup_stm32f10x_md.o(.text)
    SPI2_IRQHandler                          0x08000203   Thumb Code     0  startup_stm32f10x_md.o(.text)
    TAMPER_IRQHandler                        0x08000203   Thumb Code     0  startup_stm32f10x_md.o(.text)
    TIM1_BRK_IRQHandler                      0x08000203   Thumb Code     0  startup_stm32f10x_md.o(.text)
    TIM1_CC_IRQHandler                       0x08000203   Thumb Code     0  startup_stm32f10x_md.o(.text)
    TIM1_TRG_COM_IRQHandler                  0x08000203   Thumb Code     0  startup_stm32f10x_md.o(.text)
    TIM1_UP_IRQHandler                       0x08000203   Thumb Code     0  startup_stm32f10x_md.o(.text)
    TIM2_IRQHandler                          0x08000203   Thumb Code     0  startup_stm32f10x_md.o(.text)
    USART2_IRQHandler                        0x08000203   Thumb Code     0  startup_stm32f10x_md.o(.text)
    USBWakeUp_IRQHandler                     0x08000203   Thumb Code     0  startup_stm32f10x_md.o(.text)
    USB_HP_CAN1_TX_IRQHandler                0x08000203   Thumb Code     0  startup_stm32f10x_md.o(.text)
    USB_LP_CAN1_RX0_IRQHandler               0x08000203   Thumb Code     0  startup_stm32f10x_md.o(.text)
    WWDG_IRQHandler                          0x08000203   Thumb Code     0  startup_stm32f10x_md.o(.text)
    __user_initial_stackheap                 0x08000205   Thumb Code     0  startup_stm32f10x_md.o(.text)
    __use_no_semihosting                     0x08000229   Thumb Code     2  use_no_semi_2.o(.text)
    __2printf                                0x0800022d   Thumb Code    20  noretval__2printf.o(.text)
    __2sprintf                               0x08000245   Thumb Code    34  noretval__2sprintf.o(.text)
    _printf_pre_padding                      0x0800026d   Thumb Code    44  _printf_pad.o(.text)
    _printf_post_padding                     0x08000299   Thumb Code    34  _printf_pad.o(.text)
    _printf_str                              0x080002bb   Thumb Code    82  _printf_str.o(.text)
    _printf_int_dec                          0x0800030d   Thumb Code   104  _printf_dec.o(.text)
    _printf_int_hex                          0x08000385   Thumb Code    84  _printf_hex_int.o(.text)
    _printf_longlong_hex                     0x08000385   Thumb Code     0  _printf_hex_int.o(.text)
    __printf                                 0x080003dd   Thumb Code   388  __printf_flags_ss_wp.o(.text)
    __aeabi_memcpy                           0x08000565   Thumb Code     0  rt_memcpy_v6.o(.text)
    __rt_memcpy                              0x08000565   Thumb Code   138  rt_memcpy_v6.o(.text)
    _memcpy_lastbytes                        0x080005cb   Thumb Code     0  rt_memcpy_v6.o(.text)
    __aeabi_memclr4                          0x080005ef   Thumb Code     0  rt_memclr_w.o(.text)
    __aeabi_memclr8                          0x080005ef   Thumb Code     0  rt_memclr_w.o(.text)
    __rt_memclr_w                            0x080005ef   Thumb Code    78  rt_memclr_w.o(.text)
    _memset_w                                0x080005f3   Thumb Code     0  rt_memclr_w.o(.text)
    __use_two_region_memory                  0x0800063d   Thumb Code     2  heapauxi.o(.text)
    __rt_heap_escrow$2region                 0x0800063f   Thumb Code     2  heapauxi.o(.text)
    __rt_heap_expand$2region                 0x08000641   Thumb Code     2  heapauxi.o(.text)
    __I$use$semihosting                      0x08000643   Thumb Code     0  use_no_semi.o(.text)
    __use_no_semihosting_swi                 0x08000643   Thumb Code     2  use_no_semi.o(.text)
    _printf_int_common                       0x08000645   Thumb Code   178  _printf_intcommon.o(.text)
    _printf_char_common                      0x08000703   Thumb Code    32  _printf_char_common.o(.text)
    _sputc                                   0x08000729   Thumb Code    10  _sputc.o(.text)
    _printf_cs_common                        0x08000733   Thumb Code    20  _printf_char.o(.text)
    _printf_char                             0x08000747   Thumb Code    16  _printf_char.o(.text)
    _printf_string                           0x08000757   Thumb Code     8  _printf_char.o(.text)
    _printf_char_file                        0x08000761   Thumb Code    32  _printf_char_file.o(.text)
    __aeabi_memcpy4                          0x08000785   Thumb Code     0  rt_memcpy_w.o(.text)
    __aeabi_memcpy8                          0x08000785   Thumb Code     0  rt_memcpy_w.o(.text)
    __rt_memcpy_w                            0x08000785   Thumb Code   100  rt_memcpy_w.o(.text)
    _memcpy_lastbytes_aligned                0x080007cd   Thumb Code     0  rt_memcpy_w.o(.text)
    ferror                                   0x080007e9   Thumb Code     8  ferror.o(.text)
    __user_setup_stackheap                   0x080007f1   Thumb Code    74  sys_stackheap_outer.o(.text)
    exit                                     0x0800083b   Thumb Code    18  exit.o(.text)
    __user_libspace                          0x0800084d   Thumb Code     8  libspace.o(.text)
    __user_perproc_libspace                  0x0800084d   Thumb Code     0  libspace.o(.text)
    __user_perthread_libspace                0x0800084d   Thumb Code     0  libspace.o(.text)
    ADC_Cmd                                  0x08000855   Thumb Code    22  stm32f10x_adc.o(i.ADC_Cmd)
    ADC_DeInit                               0x0800086d   Thumb Code    78  stm32f10x_adc.o(i.ADC_DeInit)
    ADC_GetCalibrationStatus                 0x080008c9   Thumb Code    20  stm32f10x_adc.o(i.ADC_GetCalibrationStatus)
    ADC_GetConversionValue                   0x080008dd   Thumb Code     8  stm32f10x_adc.o(i.ADC_GetConversionValue)
    ADC_GetFlagStatus                        0x080008e5   Thumb Code    18  stm32f10x_adc.o(i.ADC_GetFlagStatus)
    ADC_GetResetCalibrationStatus            0x080008f7   Thumb Code    20  stm32f10x_adc.o(i.ADC_GetResetCalibrationStatus)
    ADC_Init                                 0x0800090d   Thumb Code    70  stm32f10x_adc.o(i.ADC_Init)
    ADC_RegularChannelConfig                 0x0800095d   Thumb Code   184  stm32f10x_adc.o(i.ADC_RegularChannelConfig)
    ADC_ResetCalibration                     0x08000a15   Thumb Code    10  stm32f10x_adc.o(i.ADC_ResetCalibration)
    ADC_SoftwareStartConvCmd                 0x08000a1f   Thumb Code    22  stm32f10x_adc.o(i.ADC_SoftwareStartConvCmd)
    ADC_StartCalibration                     0x08000a35   Thumb Code    10  stm32f10x_adc.o(i.ADC_StartCalibration)
    APP_Init                                 0x08000a3f   Thumb Code    28  app.o(i.APP_Init)
    Adc_Init                                 0x08000a5d   Thumb Code   132  adc.o(i.Adc_Init)
    BusFault_Handler                         0x08000ae9   Thumb Code     4  stm32f10x_it.o(i.BusFault_Handler)
    DHT11_Check                              0x08000aed   Thumb Code    90  dht11.o(i.DHT11_Check)
    DHT11_GPIO_Init                          0x08000b4d   Thumb Code    50  dht11.o(i.DHT11_GPIO_Init)
    DHT11_Read_TempAndHumidity               0x08000be7   Thumb Code    72  dht11.o(i.DHT11_Read_TempAndHumidity)
    DebugMon_Handler                         0x08000cb9   Thumb Code     2  stm32f10x_it.o(i.DebugMon_Handler)
    EXTI0_IRQHandler                         0x08000cbd   Thumb Code    18  sx1276-board.o(i.EXTI0_IRQHandler)
    EXTI1_IRQHandler                         0x08000cd5   Thumb Code    18  sx1276-board.o(i.EXTI1_IRQHandler)
    EXTI_ClearITPendingBit                   0x08000ced   Thumb Code     6  stm32f10x_exti.o(i.EXTI_ClearITPendingBit)
    EXTI_Init                                0x08000cf9   Thumb Code   142  stm32f10x_exti.o(i.EXTI_Init)
    Flame_Init                               0x08000d8d   Thumb Code    34  flame.o(i.Flame_Init)
    GPIO_EXTILineConfig                      0x08000db5   Thumb Code    60  stm32f10x_gpio.o(i.GPIO_EXTILineConfig)
    GPIO_Init                                0x08000df5   Thumb Code   278  stm32f10x_gpio.o(i.GPIO_Init)
    GPIO_PinRemapConfig                      0x08000f0d   Thumb Code   138  stm32f10x_gpio.o(i.GPIO_PinRemapConfig)
    GPIO_ReadInputDataBit                    0x08000f9d   Thumb Code    18  stm32f10x_gpio.o(i.GPIO_ReadInputDataBit)
    GPIO_ResetBits                           0x08000faf   Thumb Code     4  stm32f10x_gpio.o(i.GPIO_ResetBits)
    GPIO_SetBits                             0x08000fb3   Thumb Code     4  stm32f10x_gpio.o(i.GPIO_SetBits)
    GetGP2Y                                  0x08000ff1   Thumb Code    96  adc.o(i.GetGP2Y)
    Get_Adc                                  0x08001065   Thumb Code    46  adc.o(i.Get_Adc)
    Get_GP2Y_Average                         0x08001099   Thumb Code    64  adc.o(i.Get_GP2Y_Average)
    HALUart1Init                             0x080010d9   Thumb Code   170  hal_uart.o(i.HALUart1Init)
    HardFault_Handler                        0x08001191   Thumb Code     4  stm32f10x_it.o(i.HardFault_Handler)
    IIC_Start                                0x08001195   Thumb Code    44  oled.o(i.IIC_Start)
    IIC_Stop                                 0x080011c5   Thumb Code    34  oled.o(i.IIC_Stop)
    IIC_WaitAck                              0x080011ed   Thumb Code    24  oled.o(i.IIC_WaitAck)
    IIC_WriteByte                            0x08001209   Thumb Code    88  oled.o(i.IIC_WriteByte)
    IIC_WriteCommand                         0x08001265   Thumb Code    44  oled.o(i.IIC_WriteCommand)
    IIC_WriteData                            0x08001291   Thumb Code    44  oled.o(i.IIC_WriteData)
    LED_Init                                 0x080012bd   Thumb Code   104  led.o(i.LED_Init)
    MQ_Init                                  0x08001331   Thumb Code    32  mq.o(i.MQ_Init)
    MemManage_Handler                        0x08001355   Thumb Code     4  stm32f10x_it.o(i.MemManage_Handler)
    NMI_Handler                              0x08001359   Thumb Code     2  stm32f10x_it.o(i.NMI_Handler)
    NVIC_Init                                0x0800135d   Thumb Code   100  misc.o(i.NVIC_Init)
    NVIC_PriorityGroupConfig                 0x080013cd   Thumb Code    10  misc.o(i.NVIC_PriorityGroupConfig)
    OLED_Clear                               0x080013e1   Thumb Code    62  oled.o(i.OLED_Clear)
    OLED_Init                                0x08001421   Thumb Code   316  oled.o(i.OLED_Init)
    OLED_SetPos                              0x08001561   Thumb Code    40  oled.o(i.OLED_SetPos)
    OLED_Show                                0x08001589   Thumb Code   108  app.o(i.OLED_Show)
    OLED_ShowChar                            0x08001625   Thumb Code   154  oled.o(i.OLED_ShowChar)
    OLED_ShowString                          0x080016c9   Thumb Code    58  oled.o(i.OLED_ShowString)
    OLED_WR_Byte                             0x08001703   Thumb Code    24  oled.o(i.OLED_WR_Byte)
    OnRxDone                                 0x0800171d   Thumb Code    64  main.o(i.OnRxDone)
    OnRxError                                0x08001771   Thumb Code    40  main.o(i.OnRxError)
    OnRxTimeout                              0x080017bd   Thumb Code    26  main.o(i.OnRxTimeout)
    OnTxDone                                 0x080017f5   Thumb Code    16  main.o(i.OnTxDone)
    OnTxTimeout                              0x08001815   Thumb Code    16  main.o(i.OnTxTimeout)
    PendSV_Handler                           0x08001835   Thumb Code     2  stm32f10x_it.o(i.PendSV_Handler)
    RCC_ADCCLKConfig                         0x08001839   Thumb Code    18  stm32f10x_rcc.o(i.RCC_ADCCLKConfig)
    RCC_APB1PeriphClockCmd                   0x08001851   Thumb Code    26  stm32f10x_rcc.o(i.RCC_APB1PeriphClockCmd)
    RCC_APB1PeriphResetCmd                   0x08001871   Thumb Code    26  stm32f10x_rcc.o(i.RCC_APB1PeriphResetCmd)
    RCC_APB2PeriphClockCmd                   0x08001891   Thumb Code    26  stm32f10x_rcc.o(i.RCC_APB2PeriphClockCmd)
    RCC_APB2PeriphResetCmd                   0x080018b1   Thumb Code    26  stm32f10x_rcc.o(i.RCC_APB2PeriphResetCmd)
    RCC_GetClocksFreq                        0x080018d1   Thumb Code   192  stm32f10x_rcc.o(i.RCC_GetClocksFreq)
    Read_CO2                                 0x080019a5   Thumb Code    16  app.o(i.Read_CO2)
    Read_Data                                0x080019bd   Thumb Code   104  app.o(i.Read_Data)
    Read_Flame                               0x08001a51   Thumb Code    30  app.o(i.Read_Flame)
    Read_MQ                                  0x08001a79   Thumb Code    28  app.o(i.Read_MQ)
    Read_PM                                  0x08001a9d   Thumb Code    14  app.o(i.Read_PM)
    SPI_Cmd                                  0x08001b69   Thumb Code    24  stm32f10x_spi.o(i.SPI_Cmd)
    SPI_I2S_GetFlagStatus                    0x08001b81   Thumb Code    18  stm32f10x_spi.o(i.SPI_I2S_GetFlagStatus)
    SPI_I2S_ReceiveData                      0x08001b93   Thumb Code     6  stm32f10x_spi.o(i.SPI_I2S_ReceiveData)
    SPI_I2S_SendData                         0x08001b99   Thumb Code     4  stm32f10x_spi.o(i.SPI_I2S_SendData)
    SPI_Init                                 0x08001b9d   Thumb Code    60  stm32f10x_spi.o(i.SPI_Init)
    SVC_Handler                              0x08001bd9   Thumb Code     2  stm32f10x_it.o(i.SVC_Handler)
    SX1276AntSwDeInit                        0x08001bdb   Thumb Code     2  sx1276.o(i.SX1276AntSwDeInit)
    SX1276AntSwInit                          0x08001bdd   Thumb Code     2  sx1276.o(i.SX1276AntSwInit)
    SX1276CheckRfFrequency                   0x08001bdf   Thumb Code     6  sx1276-board.o(i.SX1276CheckRfFrequency)
    SX1276DelayMs                            0x08001be5   Thumb Code    12  sx1276-board.o(i.SX1276DelayMs)
    SX1276GetStatus                          0x08001bf1   Thumb Code     6  sx1276.o(i.SX1276GetStatus)
    SX1276GetTimeOnAir                       0x08001bfd   Thumb Code   624  sx1276.o(i.SX1276GetTimeOnAir)
    SX1276Init                               0x08001e95   Thumb Code    96  sx1276.o(i.SX1276Init)
    SX1276IoInit                             0x08001f05   Thumb Code   140  sx1276-board.o(i.SX1276IoInit)
    SX1276IoIrqInit                          0x08001f99   Thumb Code   174  sx1276-board.o(i.SX1276IoIrqInit)
    SX1276IsChannelFree                      0x08002051   Thumb Code    62  sx1276.o(i.SX1276IsChannelFree)
    SX1276OnDio0Irq                          0x08002091   Thumb Code  1124  sx1276.o(i.SX1276OnDio0Irq)
    SX1276OnDio1Irq                          0x080024fd   Thumb Code   378  sx1276.o(i.SX1276OnDio1Irq)
    SX1276OnDio2Irq                          0x08002685   Thumb Code   298  sx1276.o(i.SX1276OnDio2Irq)
    SX1276OnDio3Irq                          0x080027bd   Thumb Code   102  sx1276.o(i.SX1276OnDio3Irq)
    SX1276OnDio4Irq                          0x0800282d   Thumb Code    38  sx1276.o(i.SX1276OnDio4Irq)
    SX1276OnTimeoutIrq                       0x08002859   Thumb Code   306  sx1276.o(i.SX1276OnTimeoutIrq)
    SX1276Random                             0x080029a9   Thumb Code    64  sx1276.o(i.SX1276Random)
    SX1276Read                               0x080029e9   Thumb Code    20  sx1276.o(i.SX1276Read)
    SX1276ReadBuffer                         0x080029fd   Thumb Code    54  sx1276.o(i.SX1276ReadBuffer)
    SX1276ReadFifo                           0x08002a33   Thumb Code    18  sx1276.o(i.SX1276ReadFifo)
    SX1276ReadRssi                           0x08002a45   Thumb Code    72  sx1276.o(i.SX1276ReadRssi)
    SX1276Reset                              0x08002a95   Thumb Code    72  sx1276-board.o(i.SX1276Reset)
    SX1276RxTimeoutTimerStart                0x08002ae1   Thumb Code    26  sx1276-board.o(i.SX1276RxTimeoutTimerStart)
    SX1276RxTimeoutTimerStop                 0x08002afd   Thumb Code    12  sx1276-board.o(i.SX1276RxTimeoutTimerStop)
    SX1276Send                               0x08002b0d   Thumb Code   284  sx1276.o(i.SX1276Send)
    SX1276SetAntSw                           0x08002c31   Thumb Code     2  sx1276.o(i.SX1276SetAntSw)
    SX1276SetAntSwLowPower                   0x08002c35   Thumb Code    28  sx1276.o(i.SX1276SetAntSwLowPower)
    SX1276SetChannel                         0x08002c55   Thumb Code    66  sx1276.o(i.SX1276SetChannel)
    SX1276SetMaxPayloadLength                0x08002ca1   Thumb Code    50  sx1276.o(i.SX1276SetMaxPayloadLength)
    SX1276SetModem                           0x08002cd9   Thumb Code   122  sx1276.o(i.SX1276SetModem)
    SX1276SetOpMode                          0x08002d59   Thumb Code    62  sx1276.o(i.SX1276SetOpMode)
    SX1276SetRx                              0x08002d99   Thumb Code   850  sx1276.o(i.SX1276SetRx)
    SX1276SetRxConfig                        0x08003121   Thumb Code   672  sx1276.o(i.SX1276SetRxConfig)
    SX1276SetSleep                           0x080033cd   Thumb Code    24  sx1276.o(i.SX1276SetSleep)
    SX1276SetStby                            0x080033e9   Thumb Code    24  sx1276.o(i.SX1276SetStby)
    SX1276SetTx                              0x08003405   Thumb Code   176  sx1276.o(i.SX1276SetTx)
    SX1276SetTxConfig                        0x080034b9   Thumb Code   752  sx1276.o(i.SX1276SetTxConfig)
    SX1276StartCad                           0x080037b5   Thumb Code    62  sx1276.o(i.SX1276StartCad)
    SX1276SyncWordTimeoutTimerStart          0x080037f9   Thumb Code    26  sx1276-board.o(i.SX1276SyncWordTimeoutTimerStart)
    SX1276SyncWordTimeoutTimerStop           0x08003815   Thumb Code    12  sx1276-board.o(i.SX1276SyncWordTimeoutTimerStop)
    SX1276TimerInit                          0x08003825   Thumb Code     2  sx1276-board.o(i.SX1276TimerInit)
    SX1276TxTimeoutTimerStart                0x08003827   Thumb Code    26  sx1276-board.o(i.SX1276TxTimeoutTimerStart)
    SX1276TxTimeoutTimerStop                 0x08003841   Thumb Code    12  sx1276-board.o(i.SX1276TxTimeoutTimerStop)
    SX1276Write                              0x08003851   Thumb Code    16  sx1276.o(i.SX1276Write)
    SX1276WriteBuffer                        0x08003861   Thumb Code    52  sx1276.o(i.SX1276WriteBuffer)
    SX1276WriteFifo                          0x08003895   Thumb Code    18  sx1276.o(i.SX1276WriteFifo)
    Sx1276SetNSS                             0x08003991   Thumb Code    26  sx1276-board.o(i.Sx1276SetNSS)
    Sx1276SpiInOut                           0x080039b1   Thumb Code    86  sx1276-board.o(i.Sx1276SpiInOut)
    SysTick_CLKSourceConfig                  0x08003a0d   Thumb Code    40  misc.o(i.SysTick_CLKSourceConfig)
    SysTick_Handler                          0x08003a35   Thumb Code     2  stm32f10x_it.o(i.SysTick_Handler)
    SystemInit                               0x08003a39   Thumb Code    78  system_stm32f10x.o(i.SystemInit)
    TIM3_IRQHandler                          0x08003a99   Thumb Code    34  sx1276-board.o(i.TIM3_IRQHandler)
    TIM3_Int_Init                            0x08003ac1   Thumb Code   110  sx1276-board.o(i.TIM3_Int_Init)
    TIM4_IRQHandler                          0x08003b35   Thumb Code    46  usmart.o(i.TIM4_IRQHandler)
    TIM_ClearFlag                            0x08003b6d   Thumb Code     6  stm32f10x_tim.o(i.TIM_ClearFlag)
    TIM_ClearITPendingBit                    0x08003b73   Thumb Code     6  stm32f10x_tim.o(i.TIM_ClearITPendingBit)
    TIM_Cmd                                  0x08003b79   Thumb Code    24  stm32f10x_tim.o(i.TIM_Cmd)
    TIM_GetCounter                           0x08003b91   Thumb Code     6  stm32f10x_tim.o(i.TIM_GetCounter)
    TIM_GetFlagStatus                        0x08003b97   Thumb Code    18  stm32f10x_tim.o(i.TIM_GetFlagStatus)
    TIM_GetITStatus                          0x08003ba9   Thumb Code    34  stm32f10x_tim.o(i.TIM_GetITStatus)
    TIM_ITConfig                             0x08003bcb   Thumb Code    18  stm32f10x_tim.o(i.TIM_ITConfig)
    TIM_SetAutoreload                        0x08003bdd   Thumb Code     4  stm32f10x_tim.o(i.TIM_SetAutoreload)
    TIM_SetCounter                           0x08003be1   Thumb Code     4  stm32f10x_tim.o(i.TIM_SetCounter)
    TIM_TimeBaseInit                         0x08003be5   Thumb Code   122  stm32f10x_tim.o(i.TIM_TimeBaseInit)
    Timer4_Init                              0x08003c89   Thumb Code    88  usmart.o(i.Timer4_Init)
    USART1_IRQHandler                        0x08003ce5   Thumb Code    38  hal_uart.o(i.USART1_IRQHandler)
    USART3_IRQHandler                        0x08003d15   Thumb Code    80  usart3.o(i.USART3_IRQHandler)
    USART_ClearITPendingBit                  0x08003d71   Thumb Code    30  stm32f10x_usart.o(i.USART_ClearITPendingBit)
    USART_Cmd                                0x08003d8f   Thumb Code    24  stm32f10x_usart.o(i.USART_Cmd)
    USART_DeInit                             0x08003da9   Thumb Code   134  stm32f10x_usart.o(i.USART_DeInit)
    USART_GetFlagStatus                      0x08003e45   Thumb Code    26  stm32f10x_usart.o(i.USART_GetFlagStatus)
    USART_GetITStatus                        0x08003e5f   Thumb Code    84  stm32f10x_usart.o(i.USART_GetITStatus)
    USART_ITConfig                           0x08003eb3   Thumb Code    74  stm32f10x_usart.o(i.USART_ITConfig)
    USART_Init                               0x08003efd   Thumb Code   210  stm32f10x_usart.o(i.USART_Init)
    USART_ReceiveData                        0x08003fd5   Thumb Code    10  stm32f10x_usart.o(i.USART_ReceiveData)
    USART_SendData                           0x08003fdf   Thumb Code     8  stm32f10x_usart.o(i.USART_SendData)
    UsageFault_Handler                       0x08003fe7   Thumb Code     4  stm32f10x_it.o(i.UsageFault_Handler)
    _is_digit                                0x08003feb   Thumb Code    14  __printf_wp.o(i._is_digit)
    _sys_exit                                0x08003ff9   Thumb Code     4  hal_uart.o(i._sys_exit)
    ceil                                     0x08003ffd   Thumb Code   204  ceil.o(i.ceil)
    delay_init                               0x080040d9   Thumb Code    50  delay.o(i.delay_init)
    delay_ms                                 0x0800411d   Thumb Code    72  delay.o(i.delay_ms)
    delay_us                                 0x08004169   Thumb Code    72  delay.o(i.delay_us)
    floor                                    0x080041b5   Thumb Code   204  floor.o(i.floor)
    fputc                                    0x08004291   Thumb Code    32  hal_uart.o(i.fputc)
    main                                     0x080042b5   Thumb Code   288  main.o(i.main)
    round                                    0x08004449   Thumb Code   136  round.o(i.round)
    testFun                                  0x080044dd   Thumb Code    36  main.o(i.testFun)
    uart1callBackTest                        0x08004521   Thumb Code   112  main.o(i.uart1callBackTest)
    usart3_init                              0x0800459d   Thumb Code   158  usart3.o(i.usart3_init)
    usmart_cmd_rec                           0x08004645   Thumb Code   170  usmart.o(i.usmart_cmd_rec)
    usmart_exe                               0x080046f5   Thumb Code   632  usmart.o(i.usmart_exe)
    usmart_get_aparm                         0x080049c9   Thumb Code   200  usmart_str.o(i.usmart_get_aparm)
    usmart_get_cmdname                       0x08004a91   Thumb Code    54  usmart_str.o(i.usmart_get_cmdname)
    usmart_get_fname                         0x08004ac9   Thumb Code   440  usmart_str.o(i.usmart_get_fname)
    usmart_get_fparam                        0x08004c89   Thumb Code   262  usmart_str.o(i.usmart_get_fparam)
    usmart_get_parmpos                       0x08004d95   Thumb Code    26  usmart_str.o(i.usmart_get_parmpos)
    usmart_get_runtime                       0x08004db5   Thumb Code    60  usmart.o(i.usmart_get_runtime)
    usmart_init                              0x08004df9   Thumb Code    36  usmart.o(i.usmart_init)
    usmart_pow                               0x08004e21   Thumb Code    22  usmart_str.o(i.usmart_pow)
    usmart_reset_runtime                     0x08004e39   Thumb Code    38  usmart.o(i.usmart_reset_runtime)
    usmart_scan                              0x08004e69   Thumb Code   120  usmart.o(i.usmart_scan)
    usmart_search_nextc                      0x08004f25   Thumb Code    22  usmart_str.o(i.usmart_search_nextc)
    usmart_str2num                           0x08004f3b   Thumb Code   202  usmart_str.o(i.usmart_str2num)
    usmart_strcmp                            0x08005005   Thumb Code    34  usmart_str.o(i.usmart_strcmp)
    usmart_strcopy                           0x08005027   Thumb Code    22  usmart_str.o(i.usmart_strcopy)
    usmart_strlen                            0x0800503d   Thumb Code    24  usmart_str.o(i.usmart_strlen)
    usmart_sys_cmd_exe                       0x08005055   Thumb Code  1554  usmart.o(i.usmart_sys_cmd_exe)
    __aeabi_d2f                              0x08005739   Thumb Code     0  d2f.o(x$fpl$d2f)
    _d2f                                     0x08005739   Thumb Code    98  d2f.o(x$fpl$d2f)
    __aeabi_dadd                             0x0800579d   Thumb Code     0  daddsub_clz.o(x$fpl$dadd)
    _dadd                                    0x0800579d   Thumb Code   332  daddsub_clz.o(x$fpl$dadd)
    __fpl_dcmp_Inf                           0x080058ed   Thumb Code    24  dcmpi.o(x$fpl$dcmpinf)
    __aeabi_ddiv                             0x08005905   Thumb Code     0  ddiv.o(x$fpl$ddiv)
    _ddiv                                    0x08005905   Thumb Code   552  ddiv.o(x$fpl$ddiv)
    __aeabi_d2iz                             0x08005bb5   Thumb Code     0  dfix.o(x$fpl$dfix)
    _dfix                                    0x08005bb5   Thumb Code    94  dfix.o(x$fpl$dfix)
    __aeabi_d2uiz                            0x08005c15   Thumb Code     0  dfixu.o(x$fpl$dfixu)
    _dfixu                                   0x08005c15   Thumb Code    90  dfixu.o(x$fpl$dfixu)
    __aeabi_i2d                              0x08005c6f   Thumb Code     0  dflt_clz.o(x$fpl$dflt)
    _dflt                                    0x08005c6f   Thumb Code    46  dflt_clz.o(x$fpl$dflt)
    __aeabi_ui2d                             0x08005c9d   Thumb Code     0  dflt_clz.o(x$fpl$dfltu)
    _dfltu                                   0x08005c9d   Thumb Code    38  dflt_clz.o(x$fpl$dfltu)
    __aeabi_cdcmple                          0x08005cc5   Thumb Code     0  dleqf.o(x$fpl$dleqf)
    _dcmple                                  0x08005cc5   Thumb Code   120  dleqf.o(x$fpl$dleqf)
    __fpl_dcmple_InfNaN                      0x08005d27   Thumb Code     0  dleqf.o(x$fpl$dleqf)
    __aeabi_dmul                             0x08005d3d   Thumb Code     0  dmul.o(x$fpl$dmul)
    _dmul                                    0x08005d3d   Thumb Code   332  dmul.o(x$fpl$dmul)
    __fpl_dnaninf                            0x08005e91   Thumb Code   156  dnaninf.o(x$fpl$dnaninf)
    __fpl_dretinf                            0x08005f2d   Thumb Code    12  dretinf.o(x$fpl$dretinf)
    __aeabi_cdrcmple                         0x08005f39   Thumb Code     0  drleqf.o(x$fpl$drleqf)
    _drcmple                                 0x08005f39   Thumb Code   108  drleqf.o(x$fpl$drleqf)
    _drnd                                    0x08005fa5   Thumb Code   180  drnd.o(x$fpl$drnd)
    __aeabi_drsub                            0x08006059   Thumb Code     0  daddsub_clz.o(x$fpl$drsb)
    _drsb                                    0x08006059   Thumb Code    22  daddsub_clz.o(x$fpl$drsb)
    __aeabi_dsub                             0x08006071   Thumb Code     0  daddsub_clz.o(x$fpl$dsub)
    _dsub                                    0x08006071   Thumb Code   464  daddsub_clz.o(x$fpl$dsub)
    __aeabi_fadd                             0x08006245   Thumb Code     0  faddsub_clz.o(x$fpl$fadd)
    _fadd                                    0x08006245   Thumb Code   196  faddsub_clz.o(x$fpl$fadd)
    __aeabi_f2uiz                            0x08006309   Thumb Code     0  ffixu.o(x$fpl$ffixu)
    _ffixu                                   0x08006309   Thumb Code    62  ffixu.o(x$fpl$ffixu)
    __aeabi_ui2f                             0x08006349   Thumb Code     0  fflt_clz.o(x$fpl$ffltu)
    _ffltu                                   0x08006349   Thumb Code    38  fflt_clz.o(x$fpl$ffltu)
    __fpl_fnaninf                            0x0800636f   Thumb Code   140  fnaninf.o(x$fpl$fnaninf)
    __fpl_fretinf                            0x080063fb   Thumb Code    10  fretinf.o(x$fpl$fretinf)
    __aeabi_fsub                             0x08006405   Thumb Code     0  faddsub_clz.o(x$fpl$fsub)
    _fsub                                    0x08006405   Thumb Code   234  faddsub_clz.o(x$fpl$fsub)
    PingMsg                                  0x080064ee   Data           5  main.o(.constdata)
    __I$use$fp                               0x080064ee   Number         0  usenofp.o(x$fpl$usenofp)
    PongMsg                                  0x080064f3   Data           5  main.o(.constdata)
    Radio                                    0x08006508   Data          84  sx1276-board.o(.constdata)
    F6x8                                     0x0800655c   Data         552  oled.o(.constdata)
    F8X16                                    0x08006784   Data        1520  oled.o(.constdata)
    Hzk                                      0x08006d74   Data         576  oled.o(.constdata)
    RadioRegsInit                            0x08006fb4   Data          48  sx1276.o(.constdata)
    FskBandwidths                            0x08006fe4   Data         176  sx1276.o(.constdata)
    Region$$Table$$Base                      0x08007158   Number         0  anon$$obj.o(Region$$Table)
    Region$$Table$$Limit                     0x08007178   Number         0  anon$$obj.o(Region$$Table)
    BufferSize                               0x20000000   Data           2  main.o(.data)
    State                                    0x20000002   Data           1  main.o(.data)
    RssiValue                                0x20000003   Data           1  main.o(.data)
    SnrValue                                 0x20000004   Data           1  main.o(.data)
    SystemCoreClock                          0x20000008   Data           4  system_stm32f10x.o(.data)
    AHBPrescTable                            0x2000000c   Data          16  system_stm32f10x.o(.data)
    DebugLevel                               0x20000030   Data           1  hal_uart.o(.data)
    USART_RX_STA                             0x20000038   Data           2  hal_uart.o(.data)
    __stdout                                 0x2000003c   Data           4  hal_uart.o(.data)
    g_irqHandlers                            0x20000040   Data           4  sx1276-board.o(.data)
    Data_Arr                                 0x20000048   Data           7  app.o(.data)
    Flame_num                                0x2000004f   Data           1  app.o(.data)
    MQ_num                                   0x20000050   Data           1  app.o(.data)
    PM_num                                   0x20000051   Data           1  app.o(.data)
    CO2_num                                  0x20000052   Data           1  app.o(.data)
    DHT11Data                                0x20000053   Data           5  dht11.o(.data)
    sys_cmd_tab                              0x2000005c   Data          28  usmart.o(.data)
    usmart_nametab                           0x20000078   Data          16  usmart_config.o(.data)
    usmart_dev                               0x20000088   Data         244  usmart_config.o(.data)
    DioIrq                                   0x20000180   Data          24  sx1276.o(.data)
    Buffer                                   0x2000019c   Data          64  main.o(.bss)
    USART_RX_BUF                             0x200001f8   Data         200  hal_uart.o(.bss)
    CO2_Data                                 0x200002c0   Data           9  usart3.o(.bss)
    SX1276                                   0x200003cc   Data          92  sx1276.o(.bss)
    __libspace_start                         0x20000428   Data          96  libspace.o(.bss)
    __temporary_stack_top$libspace           0x20000488   Data           0  libspace.o(.bss)



==============================================================================

Memory Map of the image

  Image Entry point : 0x080000ed

  Load Region LR_IROM1 (Base: 0x08000000, Size: 0x00007314, Max: 0x00010000, ABSOLUTE, COMPRESSED[0x000071e8])

    Execution Region ER_IROM1 (Exec base: 0x08000000, Load base: 0x08000000, Size: 0x00007178, Max: 0x00010000, ABSOLUTE)

    Exec Addr    Load Addr    Size         Type   Attr      Idx    E Section Name        Object

    0x08000000   0x08000000   0x000000ec   Data   RO           19    RESET               startup_stm32f10x_md.o
    0x080000ec   0x080000ec   0x00000008   Code   RO         4339  * !!!main             c_w.l(__main.o)
    0x080000f4   0x080000f4   0x00000034   Code   RO         4586    !!!scatter          c_w.l(__scatter.o)
    0x08000128   0x08000128   0x0000005a   Code   RO         4584    !!dczerorl2         c_w.l(__dczerorl2.o)
    0x08000182   0x08000182   0x00000002   PAD
    0x08000184   0x08000184   0x0000001c   Code   RO         4588    !!handler_zi        c_w.l(__scatter_zi.o)
    0x080001a0   0x080001a0   0x00000000   Code   RO         4332    .ARM.Collect$$_printf_percent$$00000000  c_w.l(_printf_percent.o)
    0x080001a0   0x080001a0   0x00000006   Code   RO         4330    .ARM.Collect$$_printf_percent$$00000009  c_w.l(_printf_d.o)
    0x080001a6   0x080001a6   0x00000006   Code   RO         4331    .ARM.Collect$$_printf_percent$$0000000A  c_w.l(_printf_u.o)
    0x080001ac   0x080001ac   0x00000006   Code   RO         4329    .ARM.Collect$$_printf_percent$$0000000C  c_w.l(_printf_x.o)
    0x080001b2   0x080001b2   0x00000006   Code   RO         4327    .ARM.Collect$$_printf_percent$$00000013  c_w.l(_printf_c.o)
    0x080001b8   0x080001b8   0x00000006   Code   RO         4328    .ARM.Collect$$_printf_percent$$00000014  c_w.l(_printf_s.o)
    0x080001be   0x080001be   0x00000004   Code   RO         4410    .ARM.Collect$$_printf_percent$$00000017  c_w.l(_printf_percent_end.o)
    0x080001c2   0x080001c2   0x00000002   Code   RO         4458    .ARM.Collect$$libinit$$00000000  c_w.l(libinit.o)
    0x080001c4   0x080001c4   0x00000000   Code   RO         4465    .ARM.Collect$$libinit$$00000002  c_w.l(libinit2.o)
    0x080001c4   0x080001c4   0x00000000   Code   RO         4467    .ARM.Collect$$libinit$$00000004  c_w.l(libinit2.o)
    0x080001c4   0x080001c4   0x00000000   Code   RO         4470    .ARM.Collect$$libinit$$0000000A  c_w.l(libinit2.o)
    0x080001c4   0x080001c4   0x00000000   Code   RO         4472    .ARM.Collect$$libinit$$0000000C  c_w.l(libinit2.o)
    0x080001c4   0x080001c4   0x00000000   Code   RO         4474    .ARM.Collect$$libinit$$0000000E  c_w.l(libinit2.o)
    0x080001c4   0x080001c4   0x00000000   Code   RO         4477    .ARM.Collect$$libinit$$00000011  c_w.l(libinit2.o)
    0x080001c4   0x080001c4   0x00000000   Code   RO         4479    .ARM.Collect$$libinit$$00000013  c_w.l(libinit2.o)
    0x080001c4   0x080001c4   0x00000000   Code   RO         4481    .ARM.Collect$$libinit$$00000015  c_w.l(libinit2.o)
    0x080001c4   0x080001c4   0x00000000   Code   RO         4483    .ARM.Collect$$libinit$$00000017  c_w.l(libinit2.o)
    0x080001c4   0x080001c4   0x00000000   Code   RO         4485    .ARM.Collect$$libinit$$00000019  c_w.l(libinit2.o)
    0x080001c4   0x080001c4   0x00000000   Code   RO         4487    .ARM.Collect$$libinit$$0000001B  c_w.l(libinit2.o)
    0x080001c4   0x080001c4   0x00000000   Code   RO         4489    .ARM.Collect$$libinit$$0000001D  c_w.l(libinit2.o)
    0x080001c4   0x080001c4   0x00000000   Code   RO         4491    .ARM.Collect$$libinit$$0000001F  c_w.l(libinit2.o)
    0x080001c4   0x080001c4   0x00000000   Code   RO         4493    .ARM.Collect$$libinit$$00000021  c_w.l(libinit2.o)
    0x080001c4   0x080001c4   0x00000000   Code   RO         4495    .ARM.Collect$$libinit$$00000023  c_w.l(libinit2.o)
    0x080001c4   0x080001c4   0x00000000   Code   RO         4497    .ARM.Collect$$libinit$$00000025  c_w.l(libinit2.o)
    0x080001c4   0x080001c4   0x00000000   Code   RO         4501    .ARM.Collect$$libinit$$0000002C  c_w.l(libinit2.o)
    0x080001c4   0x080001c4   0x00000000   Code   RO         4503    .ARM.Collect$$libinit$$0000002E  c_w.l(libinit2.o)
    0x080001c4   0x080001c4   0x00000000   Code   RO         4505    .ARM.Collect$$libinit$$00000030  c_w.l(libinit2.o)
    0x080001c4   0x080001c4   0x00000000   Code   RO         4507    .ARM.Collect$$libinit$$00000032  c_w.l(libinit2.o)
    0x080001c4   0x080001c4   0x00000002   Code   RO         4508    .ARM.Collect$$libinit$$00000033  c_w.l(libinit2.o)
    0x080001c6   0x080001c6   0x00000002   Code   RO         4526    .ARM.Collect$$libshutdown$$00000000  c_w.l(libshutdown.o)
    0x080001c8   0x080001c8   0x00000000   Code   RO         4536    .ARM.Collect$$libshutdown$$00000002  c_w.l(libshutdown2.o)
    0x080001c8   0x080001c8   0x00000000   Code   RO         4538    .ARM.Collect$$libshutdown$$00000004  c_w.l(libshutdown2.o)
    0x080001c8   0x080001c8   0x00000000   Code   RO         4541    .ARM.Collect$$libshutdown$$00000007  c_w.l(libshutdown2.o)
    0x080001c8   0x080001c8   0x00000000   Code   RO         4544    .ARM.Collect$$libshutdown$$0000000A  c_w.l(libshutdown2.o)
    0x080001c8   0x080001c8   0x00000000   Code   RO         4546    .ARM.Collect$$libshutdown$$0000000C  c_w.l(libshutdown2.o)
    0x080001c8   0x080001c8   0x00000000   Code   RO         4549    .ARM.Collect$$libshutdown$$0000000F  c_w.l(libshutdown2.o)
    0x080001c8   0x080001c8   0x00000002   Code   RO         4550    .ARM.Collect$$libshutdown$$00000010  c_w.l(libshutdown2.o)
    0x080001ca   0x080001ca   0x00000000   Code   RO         4399    .ARM.Collect$$rtentry$$00000000  c_w.l(__rtentry.o)
    0x080001ca   0x080001ca   0x00000000   Code   RO         4427    .ARM.Collect$$rtentry$$00000002  c_w.l(__rtentry2.o)
    0x080001ca   0x080001ca   0x00000006   Code   RO         4439    .ARM.Collect$$rtentry$$00000004  c_w.l(__rtentry4.o)
    0x080001d0   0x080001d0   0x00000000   Code   RO         4429    .ARM.Collect$$rtentry$$00000009  c_w.l(__rtentry2.o)
    0x080001d0   0x080001d0   0x00000004   Code   RO         4430    .ARM.Collect$$rtentry$$0000000A  c_w.l(__rtentry2.o)
    0x080001d4   0x080001d4   0x00000000   Code   RO         4432    .ARM.Collect$$rtentry$$0000000C  c_w.l(__rtentry2.o)
    0x080001d4   0x080001d4   0x00000008   Code   RO         4433    .ARM.Collect$$rtentry$$0000000D  c_w.l(__rtentry2.o)
    0x080001dc   0x080001dc   0x00000002   Code   RO         4462    .ARM.Collect$$rtexit$$00000000  c_w.l(rtexit.o)
    0x080001de   0x080001de   0x00000000   Code   RO         4510    .ARM.Collect$$rtexit$$00000002  c_w.l(rtexit2.o)
    0x080001de   0x080001de   0x00000004   Code   RO         4511    .ARM.Collect$$rtexit$$00000003  c_w.l(rtexit2.o)
    0x080001e2   0x080001e2   0x00000006   Code   RO         4512    .ARM.Collect$$rtexit$$00000004  c_w.l(rtexit2.o)
    0x080001e8   0x080001e8   0x00000040   Code   RO           20    .text               startup_stm32f10x_md.o
    0x08000228   0x08000228   0x00000002   Code   RO         4268    .text               c_w.l(use_no_semi_2.o)
    0x0800022a   0x0800022a   0x00000002   PAD
    0x0800022c   0x0800022c   0x00000018   Code   RO         4274    .text               c_w.l(noretval__2printf.o)
    0x08000244   0x08000244   0x00000028   Code   RO         4276    .text               c_w.l(noretval__2sprintf.o)
    0x0800026c   0x0800026c   0x0000004e   Code   RO         4280    .text               c_w.l(_printf_pad.o)
    0x080002ba   0x080002ba   0x00000052   Code   RO         4282    .text               c_w.l(_printf_str.o)
    0x0800030c   0x0800030c   0x00000078   Code   RO         4284    .text               c_w.l(_printf_dec.o)
    0x08000384   0x08000384   0x00000058   Code   RO         4289    .text               c_w.l(_printf_hex_int.o)
    0x080003dc   0x080003dc   0x00000188   Code   RO         4324    .text               c_w.l(__printf_flags_ss_wp.o)
    0x08000564   0x08000564   0x0000008a   Code   RO         4333    .text               c_w.l(rt_memcpy_v6.o)
    0x080005ee   0x080005ee   0x0000004e   Code   RO         4335    .text               c_w.l(rt_memclr_w.o)
    0x0800063c   0x0800063c   0x00000006   Code   RO         4337    .text               c_w.l(heapauxi.o)
    0x08000642   0x08000642   0x00000002   Code   RO         4397    .text               c_w.l(use_no_semi.o)
    0x08000644   0x08000644   0x000000b2   Code   RO         4400    .text               c_w.l(_printf_intcommon.o)
    0x080006f6   0x080006f6   0x00000002   PAD
    0x080006f8   0x080006f8   0x00000030   Code   RO         4402    .text               c_w.l(_printf_char_common.o)
    0x08000728   0x08000728   0x0000000a   Code   RO         4404    .text               c_w.l(_sputc.o)
    0x08000732   0x08000732   0x0000002c   Code   RO         4406    .text               c_w.l(_printf_char.o)
    0x0800075e   0x0800075e   0x00000002   PAD
    0x08000760   0x08000760   0x00000024   Code   RO         4408    .text               c_w.l(_printf_char_file.o)
    0x08000784   0x08000784   0x00000064   Code   RO         4411    .text               c_w.l(rt_memcpy_w.o)
    0x080007e8   0x080007e8   0x00000008   Code   RO         4443    .text               c_w.l(ferror.o)
    0x080007f0   0x080007f0   0x0000004a   Code   RO         4449    .text               c_w.l(sys_stackheap_outer.o)
    0x0800083a   0x0800083a   0x00000012   Code   RO         4451    .text               c_w.l(exit.o)
    0x0800084c   0x0800084c   0x00000008   Code   RO         4459    .text               c_w.l(libspace.o)
    0x08000854   0x08000854   0x00000016   Code   RO          370    i.ADC_Cmd           stm32f10x_adc.o
    0x0800086a   0x0800086a   0x00000002   PAD
    0x0800086c   0x0800086c   0x0000005c   Code   RO          372    i.ADC_DeInit        stm32f10x_adc.o
    0x080008c8   0x080008c8   0x00000014   Code   RO          378    i.ADC_GetCalibrationStatus  stm32f10x_adc.o
    0x080008dc   0x080008dc   0x00000008   Code   RO          379    i.ADC_GetConversionValue  stm32f10x_adc.o
    0x080008e4   0x080008e4   0x00000012   Code   RO          381    i.ADC_GetFlagStatus  stm32f10x_adc.o
    0x080008f6   0x080008f6   0x00000014   Code   RO          384    i.ADC_GetResetCalibrationStatus  stm32f10x_adc.o
    0x0800090a   0x0800090a   0x00000002   PAD
    0x0800090c   0x0800090c   0x00000050   Code   RO          388    i.ADC_Init          stm32f10x_adc.o
    0x0800095c   0x0800095c   0x000000b8   Code   RO          392    i.ADC_RegularChannelConfig  stm32f10x_adc.o
    0x08000a14   0x08000a14   0x0000000a   Code   RO          393    i.ADC_ResetCalibration  stm32f10x_adc.o
    0x08000a1e   0x08000a1e   0x00000016   Code   RO          395    i.ADC_SoftwareStartConvCmd  stm32f10x_adc.o
    0x08000a34   0x08000a34   0x0000000a   Code   RO          397    i.ADC_StartCalibration  stm32f10x_adc.o
    0x08000a3e   0x08000a3e   0x0000001c   Code   RO         3502    i.APP_Init          app.o
    0x08000a5a   0x08000a5a   0x00000002   PAD
    0x08000a5c   0x08000a5c   0x0000008c   Code   RO         4230    i.Adc_Init          adc.o
    0x08000ae8   0x08000ae8   0x00000004   Code   RO          231    i.BusFault_Handler  stm32f10x_it.o
    0x08000aec   0x08000aec   0x00000060   Code   RO         3554    i.DHT11_Check       dht11.o
    0x08000b4c   0x08000b4c   0x00000038   Code   RO         3555    i.DHT11_GPIO_Init   dht11.o
    0x08000b84   0x08000b84   0x00000020   Code   RO         3556    i.DHT11_Mode_IPU    dht11.o
    0x08000ba4   0x08000ba4   0x00000024   Code   RO         3557    i.DHT11_Mode_Out_PP  dht11.o
    0x08000bc8   0x08000bc8   0x0000001e   Code   RO         3558    i.DHT11_ReadByte    dht11.o
    0x08000be6   0x08000be6   0x00000048   Code   RO         3559    i.DHT11_Read_TempAndHumidity  dht11.o
    0x08000c2e   0x08000c2e   0x00000002   PAD
    0x08000c30   0x08000c30   0x0000005c   Code   RO         3560    i.DHT11_Readbit     dht11.o
    0x08000c8c   0x08000c8c   0x0000002c   Code   RO         3561    i.DHT11_Reset       dht11.o
    0x08000cb8   0x08000cb8   0x00000002   Code   RO          232    i.DebugMon_Handler  stm32f10x_it.o
    0x08000cba   0x08000cba   0x00000002   PAD
    0x08000cbc   0x08000cbc   0x00000018   Code   RO         3336    i.EXTI0_IRQHandler  sx1276-board.o
    0x08000cd4   0x08000cd4   0x00000018   Code   RO         3337    i.EXTI1_IRQHandler  sx1276-board.o
    0x08000cec   0x08000cec   0x0000000c   Code   RO         1126    i.EXTI_ClearITPendingBit  stm32f10x_exti.o
    0x08000cf8   0x08000cf8   0x00000094   Code   RO         1131    i.EXTI_Init         stm32f10x_exti.o
    0x08000d8c   0x08000d8c   0x00000028   Code   RO         3621    i.Flame_Init        flame.o
    0x08000db4   0x08000db4   0x00000040   Code   RO         1476    i.GPIO_EXTILineConfig  stm32f10x_gpio.o
    0x08000df4   0x08000df4   0x00000116   Code   RO         1479    i.GPIO_Init         stm32f10x_gpio.o
    0x08000f0a   0x08000f0a   0x00000002   PAD
    0x08000f0c   0x08000f0c   0x00000090   Code   RO         1481    i.GPIO_PinRemapConfig  stm32f10x_gpio.o
    0x08000f9c   0x08000f9c   0x00000012   Code   RO         1483    i.GPIO_ReadInputDataBit  stm32f10x_gpio.o
    0x08000fae   0x08000fae   0x00000004   Code   RO         1486    i.GPIO_ResetBits    stm32f10x_gpio.o
    0x08000fb2   0x08000fb2   0x00000004   Code   RO         1487    i.GPIO_SetBits      stm32f10x_gpio.o
    0x08000fb6   0x08000fb6   0x00000002   PAD
    0x08000fb8   0x08000fb8   0x00000038   Code   RO         3983    i.GetFskBandwidthRegValue  sx1276.o
    0x08000ff0   0x08000ff0   0x00000074   Code   RO         4231    i.GetGP2Y           adc.o
    0x08001064   0x08001064   0x00000034   Code   RO         4232    i.Get_Adc           adc.o
    0x08001098   0x08001098   0x00000040   Code   RO         4234    i.Get_GP2Y_Average  adc.o
    0x080010d8   0x080010d8   0x000000b8   Code   RO         3295    i.HALUart1Init      hal_uart.o
    0x08001190   0x08001190   0x00000004   Code   RO          233    i.HardFault_Handler  stm32f10x_it.o
    0x08001194   0x08001194   0x00000030   Code   RO         3633    i.IIC_Start         oled.o
    0x080011c4   0x080011c4   0x00000028   Code   RO         3634    i.IIC_Stop          oled.o
    0x080011ec   0x080011ec   0x0000001c   Code   RO         3635    i.IIC_WaitAck       oled.o
    0x08001208   0x08001208   0x0000005c   Code   RO         3636    i.IIC_WriteByte     oled.o
    0x08001264   0x08001264   0x0000002c   Code   RO         3637    i.IIC_WriteCommand  oled.o
    0x08001290   0x08001290   0x0000002c   Code   RO         3638    i.IIC_WriteData     oled.o
    0x080012bc   0x080012bc   0x00000074   Code   RO         3609    i.LED_Init          led.o
    0x08001330   0x08001330   0x00000024   Code   RO         3803    i.MQ_Init           mq.o
    0x08001354   0x08001354   0x00000004   Code   RO          234    i.MemManage_Handler  stm32f10x_it.o
    0x08001358   0x08001358   0x00000002   Code   RO          235    i.NMI_Handler       stm32f10x_it.o
    0x0800135a   0x0800135a   0x00000002   PAD
    0x0800135c   0x0800135c   0x00000070   Code   RO          328    i.NVIC_Init         misc.o
    0x080013cc   0x080013cc   0x00000014   Code   RO          329    i.NVIC_PriorityGroupConfig  misc.o
    0x080013e0   0x080013e0   0x0000003e   Code   RO         3639    i.OLED_Clear        oled.o
    0x0800141e   0x0800141e   0x00000002   PAD
    0x08001420   0x08001420   0x00000140   Code   RO         3644    i.OLED_Init         oled.o
    0x08001560   0x08001560   0x00000028   Code   RO         3646    i.OLED_SetPos       oled.o
    0x08001588   0x08001588   0x0000009c   Code   RO         3503    i.OLED_Show         app.o
    0x08001624   0x08001624   0x000000a4   Code   RO         3648    i.OLED_ShowChar     oled.o
    0x080016c8   0x080016c8   0x0000003a   Code   RO         3650    i.OLED_ShowString   oled.o
    0x08001702   0x08001702   0x00000018   Code   RO         3651    i.OLED_WR_Byte      oled.o
    0x0800171a   0x0800171a   0x00000002   PAD
    0x0800171c   0x0800171c   0x00000054   Code   RO           24    i.OnRxDone          main.o
    0x08001770   0x08001770   0x0000004c   Code   RO           25    i.OnRxError         main.o
    0x080017bc   0x080017bc   0x00000038   Code   RO           26    i.OnRxTimeout       main.o
    0x080017f4   0x080017f4   0x00000020   Code   RO           27    i.OnTxDone          main.o
    0x08001814   0x08001814   0x00000020   Code   RO           28    i.OnTxTimeout       main.o
    0x08001834   0x08001834   0x00000002   Code   RO          236    i.PendSV_Handler    stm32f10x_it.o
    0x08001836   0x08001836   0x00000002   PAD
    0x08001838   0x08001838   0x00000018   Code   RO         1893    i.RCC_ADCCLKConfig  stm32f10x_rcc.o
    0x08001850   0x08001850   0x00000020   Code   RO         1895    i.RCC_APB1PeriphClockCmd  stm32f10x_rcc.o
    0x08001870   0x08001870   0x00000020   Code   RO         1896    i.RCC_APB1PeriphResetCmd  stm32f10x_rcc.o
    0x08001890   0x08001890   0x00000020   Code   RO         1897    i.RCC_APB2PeriphClockCmd  stm32f10x_rcc.o
    0x080018b0   0x080018b0   0x00000020   Code   RO         1898    i.RCC_APB2PeriphResetCmd  stm32f10x_rcc.o
    0x080018d0   0x080018d0   0x000000d4   Code   RO         1905    i.RCC_GetClocksFreq  stm32f10x_rcc.o
    0x080019a4   0x080019a4   0x00000018   Code   RO         3504    i.Read_CO2          app.o
    0x080019bc   0x080019bc   0x00000094   Code   RO         3505    i.Read_Data         app.o
    0x08001a50   0x08001a50   0x00000028   Code   RO         3506    i.Read_Flame        app.o
    0x08001a78   0x08001a78   0x00000024   Code   RO         3507    i.Read_MQ           app.o
    0x08001a9c   0x08001a9c   0x00000014   Code   RO         3508    i.Read_PM           app.o
    0x08001ab0   0x08001ab0   0x000000b8   Code   RO         3984    i.RxChainCalibration  sx1276.o
    0x08001b68   0x08001b68   0x00000018   Code   RO         2374    i.SPI_Cmd           stm32f10x_spi.o
    0x08001b80   0x08001b80   0x00000012   Code   RO         2382    i.SPI_I2S_GetFlagStatus  stm32f10x_spi.o
    0x08001b92   0x08001b92   0x00000006   Code   RO         2385    i.SPI_I2S_ReceiveData  stm32f10x_spi.o
    0x08001b98   0x08001b98   0x00000004   Code   RO         2386    i.SPI_I2S_SendData  stm32f10x_spi.o
    0x08001b9c   0x08001b9c   0x0000003c   Code   RO         2387    i.SPI_Init          stm32f10x_spi.o
    0x08001bd8   0x08001bd8   0x00000002   Code   RO          237    i.SVC_Handler       stm32f10x_it.o
    0x08001bda   0x08001bda   0x00000002   Code   RO         3985    i.SX1276AntSwDeInit  sx1276.o
    0x08001bdc   0x08001bdc   0x00000002   Code   RO         3986    i.SX1276AntSwInit   sx1276.o
    0x08001bde   0x08001bde   0x00000006   Code   RO         3338    i.SX1276CheckRfFrequency  sx1276-board.o
    0x08001be4   0x08001be4   0x0000000c   Code   RO         3339    i.SX1276DelayMs     sx1276-board.o
    0x08001bf0   0x08001bf0   0x0000000c   Code   RO         3988    i.SX1276GetStatus   sx1276.o
    0x08001bfc   0x08001bfc   0x00000298   Code   RO         3989    i.SX1276GetTimeOnAir  sx1276.o
    0x08001e94   0x08001e94   0x00000070   Code   RO         3990    i.SX1276Init        sx1276.o
    0x08001f04   0x08001f04   0x00000094   Code   RO         3341    i.SX1276IoInit      sx1276-board.o
    0x08001f98   0x08001f98   0x000000b8   Code   RO         3342    i.SX1276IoIrqInit   sx1276-board.o
    0x08002050   0x08002050   0x0000003e   Code   RO         3991    i.SX1276IsChannelFree  sx1276.o
    0x0800208e   0x0800208e   0x00000002   PAD
    0x08002090   0x08002090   0x0000046c   Code   RO         3992    i.SX1276OnDio0Irq   sx1276.o
    0x080024fc   0x080024fc   0x00000188   Code   RO         3993    i.SX1276OnDio1Irq   sx1276.o
    0x08002684   0x08002684   0x00000138   Code   RO         3994    i.SX1276OnDio2Irq   sx1276.o
    0x080027bc   0x080027bc   0x00000070   Code   RO         3995    i.SX1276OnDio3Irq   sx1276.o
    0x0800282c   0x0800282c   0x0000002c   Code   RO         3996    i.SX1276OnDio4Irq   sx1276.o
    0x08002858   0x08002858   0x00000150   Code   RO         3998    i.SX1276OnTimeoutIrq  sx1276.o
    0x080029a8   0x080029a8   0x00000040   Code   RO         3999    i.SX1276Random      sx1276.o
    0x080029e8   0x080029e8   0x00000014   Code   RO         4000    i.SX1276Read        sx1276.o
    0x080029fc   0x080029fc   0x00000036   Code   RO         4001    i.SX1276ReadBuffer  sx1276.o
    0x08002a32   0x08002a32   0x00000012   Code   RO         4002    i.SX1276ReadFifo    sx1276.o
    0x08002a44   0x08002a44   0x00000050   Code   RO         4003    i.SX1276ReadRssi    sx1276.o
    0x08002a94   0x08002a94   0x0000004c   Code   RO         3343    i.SX1276Reset       sx1276-board.o
    0x08002ae0   0x08002ae0   0x0000001a   Code   RO         3344    i.SX1276RxTimeoutTimerStart  sx1276-board.o
    0x08002afa   0x08002afa   0x00000002   PAD
    0x08002afc   0x08002afc   0x00000010   Code   RO         3345    i.SX1276RxTimeoutTimerStop  sx1276-board.o
    0x08002b0c   0x08002b0c   0x00000124   Code   RO         4004    i.SX1276Send        sx1276.o
    0x08002c30   0x08002c30   0x00000002   Code   RO         4005    i.SX1276SetAntSw    sx1276.o
    0x08002c32   0x08002c32   0x00000002   PAD
    0x08002c34   0x08002c34   0x00000020   Code   RO         4006    i.SX1276SetAntSwLowPower  sx1276.o
    0x08002c54   0x08002c54   0x0000004c   Code   RO         4007    i.SX1276SetChannel  sx1276.o
    0x08002ca0   0x08002ca0   0x00000038   Code   RO         4008    i.SX1276SetMaxPayloadLength  sx1276.o
    0x08002cd8   0x08002cd8   0x00000080   Code   RO         4009    i.SX1276SetModem    sx1276.o
    0x08002d58   0x08002d58   0x0000003e   Code   RO         4010    i.SX1276SetOpMode   sx1276.o
    0x08002d96   0x08002d96   0x00000002   PAD
    0x08002d98   0x08002d98   0x00000388   Code   RO         4011    i.SX1276SetRx       sx1276.o
    0x08003120   0x08003120   0x000002ac   Code   RO         4012    i.SX1276SetRxConfig  sx1276.o
    0x080033cc   0x080033cc   0x0000001c   Code   RO         4013    i.SX1276SetSleep    sx1276.o
    0x080033e8   0x080033e8   0x0000001c   Code   RO         4014    i.SX1276SetStby     sx1276.o
    0x08003404   0x08003404   0x000000b4   Code   RO         4015    i.SX1276SetTx       sx1276.o
    0x080034b8   0x080034b8   0x000002fc   Code   RO         4016    i.SX1276SetTxConfig  sx1276.o
    0x080037b4   0x080037b4   0x00000044   Code   RO         4017    i.SX1276StartCad    sx1276.o
    0x080037f8   0x080037f8   0x0000001a   Code   RO         3346    i.SX1276SyncWordTimeoutTimerStart  sx1276-board.o
    0x08003812   0x08003812   0x00000002   PAD
    0x08003814   0x08003814   0x00000010   Code   RO         3347    i.SX1276SyncWordTimeoutTimerStop  sx1276-board.o
    0x08003824   0x08003824   0x00000002   Code   RO         3348    i.SX1276TimerInit   sx1276-board.o
    0x08003826   0x08003826   0x0000001a   Code   RO         3349    i.SX1276TxTimeoutTimerStart  sx1276-board.o
    0x08003840   0x08003840   0x00000010   Code   RO         3350    i.SX1276TxTimeoutTimerStop  sx1276-board.o
    0x08003850   0x08003850   0x00000010   Code   RO         4018    i.SX1276Write       sx1276.o
    0x08003860   0x08003860   0x00000034   Code   RO         4019    i.SX1276WriteBuffer  sx1276.o
    0x08003894   0x08003894   0x00000012   Code   RO         4020    i.SX1276WriteFifo   sx1276.o
    0x080038a6   0x080038a6   0x00000008   Code   RO          294    i.SetSysClock       system_stm32f10x.o
    0x080038ae   0x080038ae   0x00000002   PAD
    0x080038b0   0x080038b0   0x000000e0   Code   RO          295    i.SetSysClockTo72   system_stm32f10x.o
    0x08003990   0x08003990   0x00000020   Code   RO         3351    i.Sx1276SetNSS      sx1276-board.o
    0x080039b0   0x080039b0   0x0000005c   Code   RO         3352    i.Sx1276SpiInOut    sx1276-board.o
    0x08003a0c   0x08003a0c   0x00000028   Code   RO          332    i.SysTick_CLKSourceConfig  misc.o
    0x08003a34   0x08003a34   0x00000002   Code   RO          238    i.SysTick_Handler   stm32f10x_it.o
    0x08003a36   0x08003a36   0x00000002   PAD
    0x08003a38   0x08003a38   0x00000060   Code   RO          297    i.SystemInit        system_stm32f10x.o
    0x08003a98   0x08003a98   0x00000028   Code   RO         3353    i.TIM3_IRQHandler   sx1276-board.o
    0x08003ac0   0x08003ac0   0x00000074   Code   RO         3354    i.TIM3_Int_Init     sx1276-board.o
    0x08003b34   0x08003b34   0x00000038   Code   RO         3815    i.TIM4_IRQHandler   usmart.o
    0x08003b6c   0x08003b6c   0x00000006   Code   RO         2523    i.TIM_ClearFlag     stm32f10x_tim.o
    0x08003b72   0x08003b72   0x00000006   Code   RO         2524    i.TIM_ClearITPendingBit  stm32f10x_tim.o
    0x08003b78   0x08003b78   0x00000018   Code   RO         2529    i.TIM_Cmd           stm32f10x_tim.o
    0x08003b90   0x08003b90   0x00000006   Code   RO         2548    i.TIM_GetCounter    stm32f10x_tim.o
    0x08003b96   0x08003b96   0x00000012   Code   RO         2549    i.TIM_GetFlagStatus  stm32f10x_tim.o
    0x08003ba8   0x08003ba8   0x00000022   Code   RO         2550    i.TIM_GetITStatus   stm32f10x_tim.o
    0x08003bca   0x08003bca   0x00000012   Code   RO         2554    i.TIM_ITConfig      stm32f10x_tim.o
    0x08003bdc   0x08003bdc   0x00000004   Code   RO         2588    i.TIM_SetAutoreload  stm32f10x_tim.o
    0x08003be0   0x08003be0   0x00000004   Code   RO         2594    i.TIM_SetCounter    stm32f10x_tim.o
    0x08003be4   0x08003be4   0x000000a4   Code   RO         2600    i.TIM_TimeBaseInit  stm32f10x_tim.o
    0x08003c88   0x08003c88   0x0000005c   Code   RO         3816    i.Timer4_Init       usmart.o
    0x08003ce4   0x08003ce4   0x00000030   Code   RO         3296    i.USART1_IRQHandler  hal_uart.o
    0x08003d14   0x08003d14   0x0000005c   Code   RO         3769    i.USART3_IRQHandler  usart3.o
    0x08003d70   0x08003d70   0x0000001e   Code   RO         3062    i.USART_ClearITPendingBit  stm32f10x_usart.o
    0x08003d8e   0x08003d8e   0x00000018   Code   RO         3065    i.USART_Cmd         stm32f10x_usart.o
    0x08003da6   0x08003da6   0x00000002   PAD
    0x08003da8   0x08003da8   0x0000009c   Code   RO         3067    i.USART_DeInit      stm32f10x_usart.o
    0x08003e44   0x08003e44   0x0000001a   Code   RO         3068    i.USART_GetFlagStatus  stm32f10x_usart.o
    0x08003e5e   0x08003e5e   0x00000054   Code   RO         3069    i.USART_GetITStatus  stm32f10x_usart.o
    0x08003eb2   0x08003eb2   0x0000004a   Code   RO         3071    i.USART_ITConfig    stm32f10x_usart.o
    0x08003efc   0x08003efc   0x000000d8   Code   RO         3072    i.USART_Init        stm32f10x_usart.o
    0x08003fd4   0x08003fd4   0x0000000a   Code   RO         3079    i.USART_ReceiveData  stm32f10x_usart.o
    0x08003fde   0x08003fde   0x00000008   Code   RO         3082    i.USART_SendData    stm32f10x_usart.o
    0x08003fe6   0x08003fe6   0x00000004   Code   RO          239    i.UsageFault_Handler  stm32f10x_it.o
    0x08003fea   0x08003fea   0x0000000e   Code   RO         4317    i._is_digit         c_w.l(__printf_wp.o)
    0x08003ff8   0x08003ff8   0x00000004   Code   RO         3297    i._sys_exit         hal_uart.o
    0x08003ffc   0x08003ffc   0x000000dc   Code   RO         4388    i.ceil              m_ws.l(ceil.o)
    0x080040d8   0x080040d8   0x00000044   Code   RO         3476    i.delay_init        delay.o
    0x0800411c   0x0800411c   0x0000004c   Code   RO         3477    i.delay_ms          delay.o
    0x08004168   0x08004168   0x0000004c   Code   RO         3478    i.delay_us          delay.o
    0x080041b4   0x080041b4   0x000000dc   Code   RO         4392    i.floor             m_ws.l(floor.o)
    0x08004290   0x08004290   0x00000024   Code   RO         3298    i.fputc             hal_uart.o
    0x080042b4   0x080042b4   0x00000194   Code   RO           29    i.main              main.o
    0x08004448   0x08004448   0x00000094   Code   RO         4395    i.round             m_ws.l(round.o)
    0x080044dc   0x080044dc   0x00000044   Code   RO           30    i.testFun           main.o
    0x08004520   0x08004520   0x0000007c   Code   RO           31    i.uart1callBackTest  main.o
    0x0800459c   0x0800459c   0x000000a8   Code   RO         3770    i.usart3_init       usart3.o
    0x08004644   0x08004644   0x000000b0   Code   RO         3818    i.usmart_cmd_rec    usmart.o
    0x080046f4   0x080046f4   0x000002d4   Code   RO         3819    i.usmart_exe        usmart.o
    0x080049c8   0x080049c8   0x000000c8   Code   RO         3911    i.usmart_get_aparm  usmart_str.o
    0x08004a90   0x08004a90   0x00000036   Code   RO         3912    i.usmart_get_cmdname  usmart_str.o
    0x08004ac6   0x08004ac6   0x00000002   PAD
    0x08004ac8   0x08004ac8   0x000001c0   Code   RO         3913    i.usmart_get_fname  usmart_str.o
    0x08004c88   0x08004c88   0x0000010c   Code   RO         3914    i.usmart_get_fparam  usmart_str.o
    0x08004d94   0x08004d94   0x00000020   Code   RO         3915    i.usmart_get_parmpos  usmart_str.o
    0x08004db4   0x08004db4   0x00000044   Code   RO         3820    i.usmart_get_runtime  usmart.o
    0x08004df8   0x08004df8   0x00000028   Code   RO         3821    i.usmart_init       usmart.o
    0x08004e20   0x08004e20   0x00000016   Code   RO         3916    i.usmart_pow        usmart_str.o
    0x08004e36   0x08004e36   0x00000002   PAD
    0x08004e38   0x08004e38   0x00000030   Code   RO         3822    i.usmart_reset_runtime  usmart.o
    0x08004e68   0x08004e68   0x000000bc   Code   RO         3823    i.usmart_scan       usmart.o
    0x08004f24   0x08004f24   0x00000016   Code   RO         3917    i.usmart_search_nextc  usmart_str.o
    0x08004f3a   0x08004f3a   0x000000ca   Code   RO         3918    i.usmart_str2num    usmart_str.o
    0x08005004   0x08005004   0x00000022   Code   RO         3919    i.usmart_strcmp     usmart_str.o
    0x08005026   0x08005026   0x00000016   Code   RO         3920    i.usmart_strcopy    usmart_str.o
    0x0800503c   0x0800503c   0x00000018   Code   RO         3921    i.usmart_strlen     usmart_str.o
    0x08005054   0x08005054   0x000006e4   Code   RO         3824    i.usmart_sys_cmd_exe  usmart.o
    0x08005738   0x08005738   0x00000062   Code   RO         4341    x$fpl$d2f           fz_ws.l(d2f.o)
    0x0800579a   0x0800579a   0x00000002   PAD
    0x0800579c   0x0800579c   0x00000150   Code   RO         4343    x$fpl$dadd          fz_ws.l(daddsub_clz.o)
    0x080058ec   0x080058ec   0x00000018   Code   RO         4447    x$fpl$dcmpinf       fz_ws.l(dcmpi.o)
    0x08005904   0x08005904   0x000002b0   Code   RO         4350    x$fpl$ddiv          fz_ws.l(ddiv.o)
    0x08005bb4   0x08005bb4   0x0000005e   Code   RO         4353    x$fpl$dfix          fz_ws.l(dfix.o)
    0x08005c12   0x08005c12   0x00000002   PAD
    0x08005c14   0x08005c14   0x0000005a   Code   RO         4357    x$fpl$dfixu         fz_ws.l(dfixu.o)
    0x08005c6e   0x08005c6e   0x0000002e   Code   RO         4362    x$fpl$dflt          fz_ws.l(dflt_clz.o)
    0x08005c9c   0x08005c9c   0x00000026   Code   RO         4361    x$fpl$dfltu         fz_ws.l(dflt_clz.o)
    0x08005cc2   0x08005cc2   0x00000002   PAD
    0x08005cc4   0x08005cc4   0x00000078   Code   RO         4413    x$fpl$dleqf         fz_ws.l(dleqf.o)
    0x08005d3c   0x08005d3c   0x00000154   Code   RO         4367    x$fpl$dmul          fz_ws.l(dmul.o)
    0x08005e90   0x08005e90   0x0000009c   Code   RO         4415    x$fpl$dnaninf       fz_ws.l(dnaninf.o)
    0x08005f2c   0x08005f2c   0x0000000c   Code   RO         4417    x$fpl$dretinf       fz_ws.l(dretinf.o)
    0x08005f38   0x08005f38   0x0000006c   Code   RO         4369    x$fpl$drleqf        fz_ws.l(drleqf.o)
    0x08005fa4   0x08005fa4   0x000000b4   Code   RO         4419    x$fpl$drnd          fz_ws.l(drnd.o)
    0x08006058   0x08006058   0x00000016   Code   RO         4344    x$fpl$drsb          fz_ws.l(daddsub_clz.o)
    0x0800606e   0x0800606e   0x00000002   PAD
    0x08006070   0x08006070   0x000001d4   Code   RO         4345    x$fpl$dsub          fz_ws.l(daddsub_clz.o)
    0x08006244   0x08006244   0x000000c4   Code   RO         4371    x$fpl$fadd          fz_ws.l(faddsub_clz.o)
    0x08006308   0x08006308   0x0000003e   Code   RO         4377    x$fpl$ffixu         fz_ws.l(ffixu.o)
    0x08006346   0x08006346   0x00000002   PAD
    0x08006348   0x08006348   0x00000026   Code   RO         4381    x$fpl$ffltu         fz_ws.l(fflt_clz.o)
    0x0800636e   0x0800636e   0x0000008c   Code   RO         4421    x$fpl$fnaninf       fz_ws.l(fnaninf.o)
    0x080063fa   0x080063fa   0x0000000a   Code   RO         4423    x$fpl$fretinf       fz_ws.l(fretinf.o)
    0x08006404   0x08006404   0x000000ea   Code   RO         4373    x$fpl$fsub          fz_ws.l(faddsub_clz.o)
    0x080064ee   0x080064ee   0x00000000   Code   RO         4425    x$fpl$usenofp       fz_ws.l(usenofp.o)
    0x080064ee   0x080064ee   0x00000019   Data   RO           33    .constdata          main.o
    0x08006507   0x08006507   0x00000001   PAD
    0x08006508   0x08006508   0x00000054   Data   RO         3355    .constdata          sx1276-board.o
    0x0800655c   0x0800655c   0x00000a58   Data   RO         3653    .constdata          oled.o
    0x08006fb4   0x08006fb4   0x000000e0   Data   RO         4022    .constdata          sx1276.o
    0x08007094   0x08007094   0x00000028   Data   RO         4290    .constdata          c_w.l(_printf_hex_int.o)
    0x080070bc   0x080070bc   0x00000011   Data   RO         4325    .constdata          c_w.l(__printf_flags_ss_wp.o)
    0x080070cd   0x080070cd   0x00000003   PAD
    0x080070d0   0x080070d0   0x00000028   Data   RO         3826    .conststring        usmart.o
    0x080070f8   0x080070f8   0x0000005f   Data   RO         3891    .conststring        usmart_config.o
    0x08007157   0x08007157   0x00000001   PAD
    0x08007158   0x08007158   0x00000020   Data   RO         4582    Region$$Table       anon$$obj.o


    Execution Region RW_IRAM1 (Exec base: 0x20000000, Load base: 0x08007178, Size: 0x00000a88, Max: 0x00005000, ABSOLUTE, COMPRESSED[0x00000070])

    Exec Addr    Load Addr    Size         Type   Attr      Idx    E Section Name        Object

    0x20000000   COMPRESSED   0x00000005   Data   RW           34    .data               main.o
    0x20000005   COMPRESSED   0x00000003   PAD
    0x20000008   COMPRESSED   0x00000014   Data   RW          298    .data               system_stm32f10x.o
    0x2000001c   COMPRESSED   0x00000014   Data   RW         1925    .data               stm32f10x_rcc.o
    0x20000030   COMPRESSED   0x00000010   Data   RW         3300    .data               hal_uart.o
    0x20000040   COMPRESSED   0x00000004   Data   RW         3356    .data               sx1276-board.o
    0x20000044   COMPRESSED   0x00000004   Data   RW         3479    .data               delay.o
    0x20000048   COMPRESSED   0x0000000b   Data   RW         3509    .data               app.o
    0x20000053   COMPRESSED   0x00000005   Data   RW         3562    .data               dht11.o
    0x20000058   COMPRESSED   0x00000001   Data   RW         3772    .data               usart3.o
    0x20000059   COMPRESSED   0x00000003   PAD
    0x2000005c   COMPRESSED   0x0000001c   Data   RW         3827    .data               usmart.o
    0x20000078   COMPRESSED   0x00000104   Data   RW         3892    .data               usmart_config.o
    0x2000017c   COMPRESSED   0x0000001d   Data   RW         4023    .data               sx1276.o
    0x20000199   COMPRESSED   0x00000003   PAD
    0x2000019c        -       0x0000005c   Zero   RW           32    .bss                main.o
    0x200001f8        -       0x000000c8   Zero   RW         3299    .bss                hal_uart.o
    0x200002c0        -       0x00000009   Zero   RW         3771    .bss                usart3.o
    0x200002c9   COMPRESSED   0x00000003   PAD
    0x200002cc        -       0x0000015c   Zero   RW         4021    .bss                sx1276.o
    0x20000428        -       0x00000060   Zero   RW         4460    .bss                c_w.l(libspace.o)
    0x20000488        -       0x00000200   Zero   RW           18    HEAP                startup_stm32f10x_md.o
    0x20000688        -       0x00000400   Zero   RW           17    STACK               startup_stm32f10x_md.o


==============================================================================

Image component sizes


      Code (inc. data)   RO Data    RW Data    ZI Data      Debug   Object Name

       372         34          0          0          0       2218   adc.o
       452        124          0         11          0       3813   app.o
         0          0          0          0          0       4532   core_cm3.o
       220         26          0          4          0       1695   delay.o
       458         30          0          5          0       5357   dht11.o
        40          6          0          0          0        465   flame.o
       272         28          0         16        200       4810   hal_uart.o
       116         12          0          0          0        499   led.o
       876        278         25          5         92     273848   main.o
       172         22          0          0          0       2049   misc.o
        36          4          0          0          0        454   mq.o
       964         32       2648          0          0       7680   oled.o
        64         26        236          0       1536        796   startup_stm32f10x_md.o
       486         24          0          0          0       8586   stm32f10x_adc.o
       160         12          0          0          0       1497   stm32f10x_exti.o
       512         10          0          0          0       5112   stm32f10x_gpio.o
        26          0          0          0          0       3854   stm32f10x_it.o
       364         50          0         20          0       6115   stm32f10x_rcc.o
       112          0          0          0          0       3830   stm32f10x_spi.o
       284         42          0          0          0       6300   stm32f10x_tim.o
       628         28          0          0          0       7414   stm32f10x_usart.o
       882         70         84          4          0      13781   sx1276-board.o
      7048        344        224         29        348      24439   sx1276.o
       328         28          0         20          0       2157   system_stm32f10x.o
       260         22          0          1          9       1701   usart3.o
      3156       1330         40         28          0       6621   usmart.o
         0          0         95        260          0       1520   usmart_config.o
      1328         20          0          0          0       8453   usmart_str.o

    ----------------------------------------------------------------------
     19658       2602       3386        412       2188     409596   Object Totals
         0          0         32          0          0          0   (incl. Generated)
        42          0          2          9          3          0   (incl. Padding)

    ----------------------------------------------------------------------

      Code (inc. data)   RO Data    RW Data    ZI Data      Debug   Library Member Name

        90          0          0          0          0          0   __dczerorl2.o
         8          0          0          0          0         68   __main.o
       392          4         17          0          0         92   __printf_flags_ss_wp.o
        14          0          0          0          0         68   __printf_wp.o
         0          0          0          0          0          0   __rtentry.o
        12          0          0          0          0          0   __rtentry2.o
         6          0          0          0          0          0   __rtentry4.o
        52          8          0          0          0          0   __scatter.o
        28          0          0          0          0          0   __scatter_zi.o
         6          0          0          0          0          0   _printf_c.o
        44          0          0          0          0        108   _printf_char.o
        48          6          0          0          0         96   _printf_char_common.o
        36          4          0          0          0         80   _printf_char_file.o
         6          0          0          0          0          0   _printf_d.o
       120         16          0          0          0         92   _printf_dec.o
        88          4         40          0          0         88   _printf_hex_int.o
       178          0          0          0          0         88   _printf_intcommon.o
        78          0          0          0          0        108   _printf_pad.o
         0          0          0          0          0          0   _printf_percent.o
         4          0          0          0          0          0   _printf_percent_end.o
         6          0          0          0          0          0   _printf_s.o
        82          0          0          0          0         80   _printf_str.o
         6          0          0          0          0          0   _printf_u.o
         6          0          0          0          0          0   _printf_x.o
        10          0          0          0          0         68   _sputc.o
        18          0          0          0          0         80   exit.o
         8          0          0          0          0         68   ferror.o
         6          0          0          0          0        152   heapauxi.o
         2          0          0          0          0          0   libinit.o
         2          0          0          0          0          0   libinit2.o
         2          0          0          0          0          0   libshutdown.o
         2          0          0          0          0          0   libshutdown2.o
         8          4          0          0         96         68   libspace.o
        24          4          0          0          0         84   noretval__2printf.o
        40          6          0          0          0         84   noretval__2sprintf.o
        78          0          0          0          0         80   rt_memclr_w.o
       138          0          0          0          0         68   rt_memcpy_v6.o
       100          0          0          0          0         80   rt_memcpy_w.o
         2          0          0          0          0          0   rtexit.o
        10          0          0          0          0          0   rtexit2.o
        74          0          0          0          0         80   sys_stackheap_outer.o
         2          0          0          0          0         68   use_no_semi.o
         2          0          0          0          0         68   use_no_semi_2.o
        98          4          0          0          0         92   d2f.o
       826         16          0          0          0        348   daddsub_clz.o
        24          0          0          0          0         68   dcmpi.o
       688        140          0          0          0        208   ddiv.o
        94          4          0          0          0         92   dfix.o
        90          4          0          0          0         92   dfixu.o
        84          0          0          0          0        136   dflt_clz.o
       120          4          0          0          0         92   dleqf.o
       340         12          0          0          0        104   dmul.o
       156          4          0          0          0         92   dnaninf.o
        12          0          0          0          0         68   dretinf.o
       108          0          0          0          0         80   drleqf.o
       180          4          0          0          0         80   drnd.o
       430          8          0          0          0        168   faddsub_clz.o
        62          4          0          0          0         84   ffixu.o
        38          0          0          0          0         68   fflt_clz.o
       140          4          0          0          0         84   fnaninf.o
        10          0          0          0          0         68   fretinf.o
         0          0          0          0          0          0   usenofp.o
       220         16          0          0          0         84   ceil.o
       220         16          0          0          0         84   floor.o
       148         12          0          0          0         88   round.o

    ----------------------------------------------------------------------
      5944        308         60          0         96       4296   Library Totals
        18          0          3          0          0          0   (incl. Padding)

    ----------------------------------------------------------------------

      Code (inc. data)   RO Data    RW Data    ZI Data      Debug   Library Name

      1838         56         57          0         96       2016   c_w.l
      3500        208          0          0          0       2024   fz_ws.l
       588         44          0          0          0        256   m_ws.l

    ----------------------------------------------------------------------
      5944        308         60          0         96       4296   Library Totals

    ----------------------------------------------------------------------

==============================================================================


      Code (inc. data)   RO Data    RW Data    ZI Data      Debug   

     25602       2910       3446        412       2284     401980   Grand Totals
     25602       2910       3446        112       2284     401980   ELF Image Totals (compressed)
     25602       2910       3446        112          0          0   ROM Totals

==============================================================================

    Total RO  Size (Code + RO Data)                29048 (  28.37kB)
    Total RW  Size (RW Data + ZI Data)              2696 (   2.63kB)
    Total ROM Size (Code + RO Data + RW Data)      29160 (  28.48kB)

==============================================================================

